Archive member included to satisfy reference by file (symbol)

libcan2040.a(can2040.c.obj)   src/CMakeFiles/can.dir/can.c.obj (can2040_pio_irq_handler)
/home/jtag/.pico-sdk/toolchain/13_2_Rel1/bin/../lib/gcc/arm-none-eabi/13.2.1/thumb/v6-m/nofp/libgcc.a(_dvmd_tls.o)
                              src/CMakeFiles/can.dir/home/jtag/.pico-sdk/sdk/2.0.0/src/rp2_common/pico_divider/divider_hardware.S.obj (__aeabi_idiv0)
/home/jtag/.pico-sdk/toolchain/13_2_Rel1/bin/../lib/gcc/arm-none-eabi/13.2.1/../../../../arm-none-eabi/lib/thumb/v6-m/nofp/libg.a(libc_a-strncmp.o)
                              src/CMakeFiles/can.dir/home/jtag/.pico-sdk/sdk/2.0.0/lib/cyw43-driver/src/cyw43_ll.c.obj (strncmp)
/home/jtag/.pico-sdk/toolchain/13_2_Rel1/bin/../lib/gcc/arm-none-eabi/13.2.1/../../../../arm-none-eabi/lib/thumb/v6-m/nofp/libg.a(libc_a-lcltime_r.o)
                              src/CMakeFiles/can.dir/home/jtag/.pico-sdk/sdk/2.0.0/src/common/pico_util/datetime.c.obj (localtime_r)
/home/jtag/.pico-sdk/toolchain/13_2_Rel1/bin/../lib/gcc/arm-none-eabi/13.2.1/../../../../arm-none-eabi/lib/thumb/v6-m/nofp/libg.a(libc_a-mktime.o)
                              src/CMakeFiles/can.dir/home/jtag/.pico-sdk/sdk/2.0.0/src/common/pico_util/datetime.c.obj (mktime)
/home/jtag/.pico-sdk/toolchain/13_2_Rel1/bin/../lib/gcc/arm-none-eabi/13.2.1/../../../../arm-none-eabi/lib/thumb/v6-m/nofp/libg.a(libc_a-month_lengths.o)
                              /home/jtag/.pico-sdk/toolchain/13_2_Rel1/bin/../lib/gcc/arm-none-eabi/13.2.1/../../../../arm-none-eabi/lib/thumb/v6-m/nofp/libg.a(libc_a-lcltime_r.o) (__month_lengths)
/home/jtag/.pico-sdk/toolchain/13_2_Rel1/bin/../lib/gcc/arm-none-eabi/13.2.1/../../../../arm-none-eabi/lib/thumb/v6-m/nofp/libg.a(libc_a-tzcalc_limits.o)
                              /home/jtag/.pico-sdk/toolchain/13_2_Rel1/bin/../lib/gcc/arm-none-eabi/13.2.1/../../../../arm-none-eabi/lib/thumb/v6-m/nofp/libg.a(libc_a-lcltime_r.o) (__tzcalc_limits)
/home/jtag/.pico-sdk/toolchain/13_2_Rel1/bin/../lib/gcc/arm-none-eabi/13.2.1/../../../../arm-none-eabi/lib/thumb/v6-m/nofp/libg.a(libc_a-tzlock.o)
                              /home/jtag/.pico-sdk/toolchain/13_2_Rel1/bin/../lib/gcc/arm-none-eabi/13.2.1/../../../../arm-none-eabi/lib/thumb/v6-m/nofp/libg.a(libc_a-lcltime_r.o) (__tz_lock)
/home/jtag/.pico-sdk/toolchain/13_2_Rel1/bin/../lib/gcc/arm-none-eabi/13.2.1/../../../../arm-none-eabi/lib/thumb/v6-m/nofp/libg.a(libc_a-malloc.o)
                              src/CMakeFiles/can.dir/home/jtag/.pico-sdk/sdk/2.0.0/src/rp2_common/pico_malloc/malloc.c.obj (malloc)
/home/jtag/.pico-sdk/toolchain/13_2_Rel1/bin/../lib/gcc/arm-none-eabi/13.2.1/../../../../arm-none-eabi/lib/thumb/v6-m/nofp/libg.a(libc_a-mallocr.o)
                              /home/jtag/.pico-sdk/toolchain/13_2_Rel1/bin/../lib/gcc/arm-none-eabi/13.2.1/../../../../arm-none-eabi/lib/thumb/v6-m/nofp/libg.a(libc_a-malloc.o) (_malloc_r)
/home/jtag/.pico-sdk/toolchain/13_2_Rel1/bin/../lib/gcc/arm-none-eabi/13.2.1/../../../../arm-none-eabi/lib/thumb/v6-m/nofp/libg.a(libc_a-memcmp.o)
                              src/CMakeFiles/can.dir/home/jtag/.pico-sdk/sdk/2.0.0/src/rp2_common/pico_atomic/atomic.c.obj (memcmp)
/home/jtag/.pico-sdk/toolchain/13_2_Rel1/bin/../lib/gcc/arm-none-eabi/13.2.1/../../../../arm-none-eabi/lib/thumb/v6-m/nofp/libg.a(libc_a-memmove.o)
                              src/CMakeFiles/can.dir/home/jtag/.pico-sdk/sdk/2.0.0/lib/cyw43-driver/src/cyw43_ll.c.obj (memmove)
/home/jtag/.pico-sdk/toolchain/13_2_Rel1/bin/../lib/gcc/arm-none-eabi/13.2.1/../../../../arm-none-eabi/lib/thumb/v6-m/nofp/libg.a(libc_a-tzset.o)
                              /home/jtag/.pico-sdk/toolchain/13_2_Rel1/bin/../lib/gcc/arm-none-eabi/13.2.1/../../../../arm-none-eabi/lib/thumb/v6-m/nofp/libg.a(libc_a-lcltime_r.o) (_tzset_unlocked)
/home/jtag/.pico-sdk/toolchain/13_2_Rel1/bin/../lib/gcc/arm-none-eabi/13.2.1/../../../../arm-none-eabi/lib/thumb/v6-m/nofp/libg.a(libc_a-tzset_r.o)
                              /home/jtag/.pico-sdk/toolchain/13_2_Rel1/bin/../lib/gcc/arm-none-eabi/13.2.1/../../../../arm-none-eabi/lib/thumb/v6-m/nofp/libg.a(libc_a-tzset.o) (_tzset_unlocked_r)
/home/jtag/.pico-sdk/toolchain/13_2_Rel1/bin/../lib/gcc/arm-none-eabi/13.2.1/../../../../arm-none-eabi/lib/thumb/v6-m/nofp/libg.a(libc_a-init.o)
                              /home/jtag/.pico-sdk/toolchain/13_2_Rel1/bin/../lib/gcc/arm-none-eabi/13.2.1/../../../../arm-none-eabi/lib/thumb/v6-m/nofp/crt0.o (__libc_init_array)
/home/jtag/.pico-sdk/toolchain/13_2_Rel1/bin/../lib/gcc/arm-none-eabi/13.2.1/../../../../arm-none-eabi/lib/thumb/v6-m/nofp/libg.a(libc_a-tzvars.o)
                              /home/jtag/.pico-sdk/toolchain/13_2_Rel1/bin/../lib/gcc/arm-none-eabi/13.2.1/../../../../arm-none-eabi/lib/thumb/v6-m/nofp/libg.a(libc_a-tzset_r.o) (_timezone)
/home/jtag/.pico-sdk/toolchain/13_2_Rel1/bin/../lib/gcc/arm-none-eabi/13.2.1/../../../../arm-none-eabi/lib/thumb/v6-m/nofp/libg.a(libc_a-lock.o)
[...]
Memory Configuration

Name             Origin             Length             Attributes
FLASH            0x10000000         0x00200000         xr
RAM              0x20000000         0x00040000         xrw
SCRATCH_X        0x20040000         0x00001000         xrw
SCRATCH_Y        0x20041000         0x00001000         xrw
*default*        0x00000000         0xffffffff

Linker script and memory map

LOAD /home/jtag/.pico-sdk/toolchain/13_2_Rel1/bin/../lib/gcc/arm-none-eabi/13.2.1/thumb/v6-m/nofp/crti.o
LOAD /home/jtag/.pico-sdk/toolchain/13_2_Rel1/bin/../lib/gcc/arm-none-eabi/13.2.1/thumb/v6-m/nofp/crtbegin.o
LOAD /home/jtag/.pico-sdk/toolchain/13_2_Rel1/bin/../lib/gcc/arm-none-eabi/13.2.1/../../../../arm-none-eabi/lib/thumb/v6-m/nofp/crt0.o

.flash_begin    0x10000000        0x0
                0x10000000                        __flash_binary_start = .

.boot2          0x10000000      0x100
                0x10000000                        __boot2_start__ = .
 *(.boot2)
 .boot2         0x10000000      0x100 /tmp/ccrX93vE.o
                0x10000100                        __boot2_end__ = .
                0x00000001                        ASSERT (((__boot2_end__ - __boot2_start__) == 0x100), ERROR: Pico second stage bootloader must be 256 bytes in size)

.text           0x10000100     0x90d8
                0x10000100                        __logical_binary_start = .
 *(.vectors)
 .vectors       0x10000100       0xd4 src/CMakeFiles/can.dir/home/jtag/.pico-sdk/sdk/2.0.0/src/rp2_common/pico_crt0/crt0.S.obj
                0x10000100                __vectors
                0x10000100                __VECTOR_TABLE
                0x100001c0                isr_invalid
                0x100001c0                __default_isrs_start
                0x100001c2                isr_nmi
                0x100001c4                isr_hardfault
                0x100001c6                isr_svcall
                0x100001c8                isr_pendsv
                0x100001ca                isr_systick
                0x100001cc                isr_irq30
                0x100001cc                __unhandled_user_irq
                0x100001cc                isr_irq13
                0x100001cc                isr_irq27
                0x100001cc                isr_irq31
                0x100001cc                isr_irq5
                0x100001cc                isr_irq11
                0x100001cc                isr_irq23
                0x100001cc                isr_irq18
                0x100001cc                isr_irq28
                0x100001cc                isr_irq19
                0x100001cc                isr_irq0
                0x100001cc                isr_irq6
                0x100001cc                isr_irq22
                0x100001cc                isr_irq17
                0x100001cc                isr_irq14
                0x100001cc                isr_irq2
                0x100001cc                isr_irq10
                0x100001cc                isr_irq8
                0x100001cc                isr_irq24
                0x100001cc                isr_irq1
                0x100001cc                isr_irq7
                0x100001cc                isr_irq21
                0x100001cc                isr_irq20
                0x100001cc                isr_irq15
                0x100001cc                isr_irq25
                0x100001cc                isr_irq4
                0x100001cc                isr_irq16
                0x100001cc                isr_irq29
                0x100001cc                isr_irq26
                0x100001cc                __default_isrs_end
                0x100001cc                isr_irq3
                0x100001cc                isr_irq12
                0x100001cc                isr_irq9
                0x100001d2                unhandled_user_irq_num_in_r0
 *(.binary_info_header)
 .binary_info_header
                0x100001d4       0x14 src/CMakeFiles/can.dir/home/jtag/.pico-sdk/sdk/2.0.0/src/rp2_common/pico_crt0/crt0.S.obj
                0x100001e8                        __binary_info_header_end = .
 *(.embedded_block)
                0x100001e8                        __embedded_block_end = .
 *(.reset)
 .reset         0x100001e8       0x9c src/CMakeFiles/can.dir/home/jtag/.pico-sdk/sdk/2.0.0/src/rp2_common/pico_crt0/crt0.S.obj
                0x100001e8                _entry_point
 *(.init)
 .init          0x10000284        0x4 /home/jtag/.pico-sdk/toolchain/13_2_Rel1/bin/../lib/gcc/arm-none-eabi/13.2.1/thumb/v6-m/nofp/crti.o
                0x10000284                _init
 *(EXCLUDE_FILE(*libm.a: *libc.a:*lib_a-mem*.o *libgcc.a:) .text*)
 .text.register_tm_clones
                0x10000288       0x28 /home/jtag/.pico-sdk/toolchain/13_2_Rel1/bin/../lib/gcc/arm-none-eabi/13.2.1/thumb/v6-m/nofp/crtbegin.o
 .text.frame_dummy
                0x100002b0       0x24 /home/jtag/.pico-sdk/toolchain/13_2_Rel1/bin/../lib/gcc/arm-none-eabi/13.2.1/thumb/v6-m/nofp/crtbegin.o
 .text.PIOx_IRQHandler
                0x100002d4       0x10 src/CMakeFiles/can.dir/can.c.obj
 .text.can2040_cb
                0x100002e4       0x18 src/CMakeFiles/can.dir/can.c.obj
 .text.receive_task
                0x100002fc       0x30 src/CMakeFiles/can.dir/can.c.obj
                0x100002fc                receive_task
 .text.canbus_setup
                0x1000032c       0x58 src/CMakeFiles/can.dir/can.c.obj
                0x1000032c                canbus_setup
 .text.main     0x10000384       0x44 src/CMakeFiles/can.dir/can.c.obj
                0x10000384                main
 .text.rp2040_chip_version
                0x100003c8       0x54 src/CMakeFiles/can.dir/home/jtag/.pico-sdk/sdk/2.0.0/src/rp2040/pico_platform/platform.c.obj
                0x100003c8                rp2040_chip_version
 .text.panic    0x1000041c       0x30 src/CMakeFiles/can.dir/home/jtag/.pico-sdk/sdk/2.0.0/src/rp2_common/pico_platform_panic/panic.c.obj
                0x1000041c                panic
 .text.panic_unsupported
                0x1000044c        0xc src/CMakeFiles/can.dir/home/jtag/.pico-sdk/sdk/2.0.0/src/rp2_common/pico_platform_panic/panic.c.obj
                0x1000044c                panic_unsupported
 .text.hw_claim_lock
                0x10000458       0x18 src/CMakeFiles/can.dir/home/jtag/.pico-sdk/sdk/2.0.0/src/common/hardware_claim/claim.c.obj
                0x10000458                hw_claim_lock
 .text.hw_claim_unlock
                0x10000470       0x14 src/CMakeFiles/can.dir/home/jtag/.pico-sdk/sdk/2.0.0/src/common/hardware_claim/claim.c.obj
                0x10000470                hw_claim_unlock
 .text.hw_claim_or_assert
                0x10000484       0x32 src/CMakeFiles/can.dir/home/jtag/.pico-sdk/sdk/2.0.0/src/common/hardware_claim/claim.c.obj
                0x10000484                hw_claim_or_assert
 .text.hw_claim_unused_from_range
                0x100004b6       0x50 src/CMakeFiles/can.dir/home/jtag/.pico-sdk/sdk/2.0.0/src/common/hardware_claim/claim.c.obj
                0x100004b6                hw_claim_unused_from_range
 *fill*         0x10000506        0x2 
 .text.next_striped_spin_lock_num
                0x10000508       0x1c src/CMakeFiles/can.dir/home/jtag/.pico-sdk/sdk/2.0.0/src/rp2_common/hardware_sync/sync.c.obj
                0x10000508                next_striped_spin_lock_num
 .text.spin_lock_claim_unused
                0x10000524       0x24 src/CMakeFiles/can.dir/home/jtag/.pico-sdk/sdk/2.0.0/src/rp2_common/hardware_sync/sync.c.obj
                0x10000524                spin_lock_claim_unused
 .text.spin_locks_reset
                0x10000548       0x20 src/CMakeFiles/can.dir/home/jtag/.pico-sdk/sdk/2.0.0/src/rp2_common/hardware_sync_spin_lock/sync_spin_lock.c.obj
                0x10000548                spin_locks_reset
 .text.set_raw_irq_handler_and_unlock
                0x10000568       0x28 src/CMakeFiles/can.dir/home/jtag/.pico-sdk/sdk/2.0.0/src/rp2_common/hardware_irq/irq.c.obj
 .text.nvic_ipr0
                0x10000590        0x8 src/CMakeFiles/can.dir/home/jtag/.pico-sdk/sdk/2.0.0/src/rp2_common/hardware_irq/irq.c.obj
 .text.runtime_init_per_core_irq_priorities
                0x10000598       0x1c src/CMakeFiles/can.dir/home/jtag/.pico-sdk/sdk/2.0.0/src/rp2_common/hardware_irq/irq.c.obj
                0x10000598                runtime_init_per_core_irq_priorities
 .text.resolve_j_16
                0x100005b4       0x30 src/CMakeFiles/can.dir/home/jtag/.pico-sdk/sdk/2.0.0/src/rp2_common/hardware_irq/irq.c.obj
 .text.make_j_16
                0x100005e4       0x48 src/CMakeFiles/can.dir/home/jtag/.pico-sdk/sdk/2.0.0/src/rp2_common/hardware_irq/irq.c.obj
 .text.irq_is_enabled
                0x1000062c       0x18 src/CMakeFiles/can.dir/home/jtag/.pico-sdk/sdk/2.0.0/src/rp2_common/hardware_irq/irq.c.obj
                0x1000062c                irq_is_enabled
 .text.irq_set_mask_n_enabled
                0x10000644       0x1c src/CMakeFiles/can.dir/home/jtag/.pico-sdk/sdk/2.0.0/src/rp2_common/hardware_irq/irq.c.obj
                0x10000644                irq_set_mask_n_enabled
 .text.irq_set_enabled
                0x10000660       0x14 src/CMakeFiles/can.dir/home/jtag/.pico-sdk/sdk/2.0.0/src/rp2_common/hardware_irq/irq.c.obj
                0x10000660                irq_set_enabled
 .text.irq_set_pending
                0x10000674       0x10 src/CMakeFiles/can.dir/home/jtag/.pico-sdk/sdk/2.0.0/src/rp2_common/hardware_irq/irq.c.obj
                0x10000674                irq_set_pending
 .text.irq_get_vtable_handler
                0x10000684       0x10 src/CMakeFiles/can.dir/home/jtag/.pico-sdk/sdk/2.0.0/src/rp2_common/hardware_irq/irq.c.obj
                0x10000684                irq_get_vtable_handler
 .text.irq_has_shared_handler
                0x10000694       0x24 src/CMakeFiles/can.dir/home/jtag/.pico-sdk/sdk/2.0.0/src/rp2_common/hardware_irq/irq.c.obj
                0x10000694                irq_has_shared_handler
 .text.irq_set_exclusive_handler
                0x100006b8       0x54 src/CMakeFiles/can.dir/home/jtag/.pico-sdk/sdk/2.0.0/src/rp2_common/hardware_irq/irq.c.obj
                0x100006b8                irq_set_exclusive_handler
 .text.irq_add_shared_handler
                0x1000070c      0x218 src/CMakeFiles/can.dir/home/jtag/.pico-sdk/sdk/2.0.0/src/rp2_common/hardware_irq/irq.c.obj
                0x1000070c                irq_add_shared_handler
 .text.irq_set_priority
                0x10000924       0x26 src/CMakeFiles/can.dir/home/jtag/.pico-sdk/sdk/2.0.0/src/rp2_common/hardware_irq/irq.c.obj
                0x10000924                irq_set_priority
 *fill*         0x1000094a        0x2 
 .text.irq_add_tail_to_free_list
                0x1000094c       0xf4 src/CMakeFiles/can.dir/home/jtag/.pico-sdk/sdk/2.0.0/src/rp2_common/hardware_irq/irq.c.obj
                0x1000094c                irq_add_tail_to_free_list
 .text.user_irq_claim_unused
                0x10000a40       0x2c src/CMakeFiles/can.dir/home/jtag/.pico-sdk/sdk/2.0.0/src/rp2_common/hardware_irq/irq.c.obj
                0x10000a40                user_irq_claim_unused
 .text.lock_init
                0x10000a6c       0x10 src/CMakeFiles/can.dir/home/jtag/.pico-sdk/sdk/2.0.0/src/common/pico_sync/lock_core.c.obj
                0x10000a6c                lock_init
 .text.mutex_init
                0x10000a7c       0x1c src/CMakeFiles/can.dir/home/jtag/.pico-sdk/sdk/2.0.0/src/common/pico_sync/mutex.c.obj
                0x10000a7c                mutex_init
 .text.recursive_mutex_init
                0x10000a98       0x20 src/CMakeFiles/can.dir/home/jtag/.pico-sdk/sdk/2.0.0/src/common/pico_sync/mutex.c.obj
                0x10000a98                recursive_mutex_init
 .text.runtime_init_mutex
                0x10000ab8       0x4c src/CMakeFiles/can.dir/home/jtag/.pico-sdk/sdk/2.0.0/src/common/pico_sync/mutex.c.obj
                0x10000ab8                runtime_init_mutex
 .text.critical_section_init_with_lock_num
                0x10000b04       0x14 src/CMakeFiles/can.dir/home/jtag/.pico-sdk/sdk/2.0.0/src/common/pico_sync/critical_section.c.obj
                0x10000b04                critical_section_init_with_lock_num
 .text.critical_section_init
                0x10000b18       0x14 src/CMakeFiles/can.dir/home/jtag/.pico-sdk/sdk/2.0.0/src/common/pico_sync/critical_section.c.obj
                0x10000b18                critical_section_init
 .text.make_alarm_id
                0x10000b2c        0x6 src/CMakeFiles/can.dir/home/jtag/.pico-sdk/sdk/2.0.0/src/common/pico_time/time.c.obj
 *fill*         0x10000b32        0x2 
 .text.alarm_pool_irq_handler
                0x10000b34      0x2e0 src/CMakeFiles/can.dir/home/jtag/.pico-sdk/sdk/2.0.0/src/common/pico_time/time.c.obj
 .text.ta_enable_irq_handler
                0x10000e14       0x2c src/CMakeFiles/can.dir/home/jtag/.pico-sdk/sdk/2.0.0/src/common/pico_time/time.c.obj
 .text.alarm_pool_post_alloc_init
                0x10000e40       0x78 src/CMakeFiles/can.dir/home/jtag/.pico-sdk/sdk/2.0.0/src/common/pico_time/time.c.obj
 .text.sleep_until_callback
                0x10000eb8       0x28 src/CMakeFiles/can.dir/home/jtag/.pico-sdk/sdk/2.0.0/src/common/pico_time/time.c.obj
 .text.alarm_pool_get_default
                0x10000ee0       0x2c src/CMakeFiles/can.dir/home/jtag/.pico-sdk/sdk/2.0.0/src/common/pico_time/time.c.obj
                0x10000ee0                alarm_pool_get_default
 .text.alarm_pool_add_alarm_at_force_in_context
                0x10000f0c       0xa4 src/CMakeFiles/can.dir/home/jtag/.pico-sdk/sdk/2.0.0/src/common/pico_time/time.c.obj
                0x10000f0c                alarm_pool_add_alarm_at_force_in_context
 .text.alarm_pool_add_alarm_at
                0x10000fb0       0x3c src/CMakeFiles/can.dir/home/jtag/.pico-sdk/sdk/2.0.0/src/common/pico_time/time.c.obj
                0x10000fb0                alarm_pool_add_alarm_at
 .text.add_alarm_at
                0x10000fec       0x2e src/CMakeFiles/can.dir/home/jtag/.pico-sdk/sdk/2.0.0/src/common/pico_time/time.c.obj
 *fill*         0x1000101a        0x2 
 .text.alarm_pool_cancel_alarm
                0x1000101c       0x78 src/CMakeFiles/can.dir/home/jtag/.pico-sdk/sdk/2.0.0/src/common/pico_time/time.c.obj
                0x1000101c                alarm_pool_cancel_alarm
 .text.cancel_alarm
                0x10001094       0x10 src/CMakeFiles/can.dir/home/jtag/.pico-sdk/sdk/2.0.0/src/common/pico_time/time.c.obj
 .text.alarm_pool_core_num
                0x100010a4        0x4 src/CMakeFiles/can.dir/home/jtag/.pico-sdk/sdk/2.0.0/src/common/pico_time/time.c.obj
                0x100010a4                alarm_pool_core_num
 .text.best_effort_wfe_or_timeout
                0x100010a8       0xc4 src/CMakeFiles/can.dir/home/jtag/.pico-sdk/sdk/2.0.0/src/common/pico_time/time.c.obj
                0x100010a8                best_effort_wfe_or_timeout
 .text.alarm_pool_get_default_timer
                0x1000116c        0x8 src/CMakeFiles/can.dir/home/jtag/.pico-sdk/sdk/2.0.0/src/common/pico_time/time.c.obj
                0x1000116c                alarm_pool_get_default_timer
 .text.runtime_init_default_alarm_pool
                0x10001174       0x38 src/CMakeFiles/can.dir/home/jtag/.pico-sdk/sdk/2.0.0/src/common/pico_time/time.c.obj
                0x10001174                runtime_init_default_alarm_pool
 .text.timer_hardware_alarm_claim
                0x100011ac       0x14 src/CMakeFiles/can.dir/home/jtag/.pico-sdk/sdk/2.0.0/src/rp2_common/hardware_timer/timer.c.obj
                0x100011ac                timer_hardware_alarm_claim
 .text.timer_time_us_64
                0x100011c0       0x10 src/CMakeFiles/can.dir/home/jtag/.pico-sdk/sdk/2.0.0/src/rp2_common/hardware_timer/timer.c.obj
                0x100011c0                timer_time_us_64
 .text.time_us_64
                0x100011d0       0x10 src/CMakeFiles/can.dir/home/jtag/.pico-sdk/sdk/2.0.0/src/rp2_common/hardware_timer/timer.c.obj
                0x100011d0                time_us_64
 .text.clock_configure_internal
                0x100011e0       0xc4 src/CMakeFiles/can.dir/home/jtag/.pico-sdk/sdk/2.0.0/src/rp2_common/hardware_clocks/clocks.c.obj
 .text.clock_configure_int_divider
                0x100012a4       0x28 src/CMakeFiles/can.dir/home/jtag/.pico-sdk/sdk/2.0.0/src/rp2_common/hardware_clocks/clocks.c.obj
                0x100012a4                clock_configure_int_divider
 .text.clock_configure_undivided
                0x100012cc       0x12 src/CMakeFiles/can.dir/home/jtag/.pico-sdk/sdk/2.0.0/src/rp2_common/hardware_clocks/clocks.c.obj
                0x100012cc                clock_configure_undivided
 *fill*         0x100012de        0x2 
 .text.clock_get_hz
                0x100012e0        0xc src/CMakeFiles/can.dir/home/jtag/.pico-sdk/sdk/2.0.0/src/rp2_common/hardware_clocks/clocks.c.obj
                0x100012e0                clock_get_hz
 .text.pll_init
                0x100012ec      0x124 src/CMakeFiles/can.dir/home/jtag/.pico-sdk/sdk/2.0.0/src/rp2_common/hardware_pll/pll.c.obj
                0x100012ec                pll_init
 .text.watchdog_update
                0x10001410       0x14 src/CMakeFiles/can.dir/home/jtag/.pico-sdk/sdk/2.0.0/src/rp2_common/hardware_watchdog/watchdog.c.obj
                0x10001410                watchdog_update
 .text._watchdog_enable
                0x10001424       0x7c src/CMakeFiles/can.dir/home/jtag/.pico-sdk/sdk/2.0.0/src/rp2_common/hardware_watchdog/watchdog.c.obj
                0x10001424                _watchdog_enable
 .text.watchdog_reboot
                0x100014a0       0x48 src/CMakeFiles/can.dir/home/jtag/.pico-sdk/sdk/2.0.0/src/rp2_common/hardware_watchdog/watchdog.c.obj
                0x100014a0                watchdog_reboot
 .text.tick_start
                0x100014e8       0x10 src/CMakeFiles/can.dir/home/jtag/.pico-sdk/sdk/2.0.0/src/rp2_common/hardware_ticks/ticks.c.obj
                0x100014e8                tick_start
 .text.xosc_init
                0x100014f8       0x28 src/CMakeFiles/can.dir/home/jtag/.pico-sdk/sdk/2.0.0/src/rp2_common/hardware_xosc/xosc.c.obj
                0x100014f8                xosc_init
 .text.runtime_run_initializers_from
                0x10001520       0x18 src/CMakeFiles/can.dir/home/jtag/.pico-sdk/sdk/2.0.0/src/rp2_common/pico_runtime/runtime.c.obj
 .text.first_per_core_initializer
                0x10001538        0x2 src/CMakeFiles/can.dir/home/jtag/.pico-sdk/sdk/2.0.0/src/rp2_common/pico_runtime/runtime.c.obj
 *fill*         0x1000153a        0x2 
 .text.runtime_run_initializers
                0x1000153c       0x10 src/CMakeFiles/can.dir/home/jtag/.pico-sdk/sdk/2.0.0/src/rp2_common/pico_runtime/runtime.c.obj
                0x1000153c                runtime_run_initializers
 .text.runtime_init_early_resets
                0x1000154c       0x2c src/CMakeFiles/can.dir/home/jtag/.pico-sdk/sdk/2.0.0/src/rp2_common/pico_runtime_init/runtime_init.c.obj
                0x1000154c                runtime_init_early_resets
 .text.runtime_init_usb_power_down
                0x10001578       0x1c src/CMakeFiles/can.dir/home/jtag/.pico-sdk/sdk/2.0.0/src/rp2_common/pico_runtime_init/runtime_init.c.obj
                0x10001578                runtime_init_usb_power_down
 .text.runtime_init_post_clock_resets
                0x10001594       0x20 src/CMakeFiles/can.dir/home/jtag/.pico-sdk/sdk/2.0.0/src/rp2_common/pico_runtime_init/runtime_init.c.obj
                0x10001594                runtime_init_post_clock_resets
 .text.runtime_init_rp2040_gpio_ie_disable
                0x100015b4       0x14 src/CMakeFiles/can.dir/home/jtag/.pico-sdk/sdk/2.0.0/src/rp2_common/pico_runtime_init/runtime_init.c.obj
                0x100015b4                runtime_init_rp2040_gpio_ie_disable
 .text.runtime_init_spin_locks_reset
                0x100015c8        0x8 src/CMakeFiles/can.dir/home/jtag/.pico-sdk/sdk/2.0.0/src/rp2_common/pico_runtime_init/runtime_init.c.obj
                0x100015c8                runtime_init_spin_locks_reset
 .text.runtime_init_install_ram_vector_table
                0x100015d0       0x1c src/CMakeFiles/can.dir/home/jtag/.pico-sdk/sdk/2.0.0/src/rp2_common/pico_runtime_init/runtime_init.c.obj
                0x100015d0                runtime_init_install_ram_vector_table
 .text.start_all_ticks
                0x100015ec       0x28 src/CMakeFiles/can.dir/home/jtag/.pico-sdk/sdk/2.0.0/src/rp2_common/pico_runtime_init/runtime_init_clocks.c.obj
 .text.runtime_init_clocks
                0x10001614       0xcc src/CMakeFiles/can.dir/home/jtag/.pico-sdk/sdk/2.0.0/src/rp2_common/pico_runtime_init/runtime_init_clocks.c.obj
                0x10001614                runtime_init_clocks
 .text          0x100016e0       0x10 src/CMakeFiles/can.dir/home/jtag/.pico-sdk/sdk/2.0.0/src/rp2_common/pico_bit_ops/bit_ops_aeabi.S.obj
 .text.rom_func_lookup
                0x100016f0       0x10 src/CMakeFiles/can.dir/home/jtag/.pico-sdk/sdk/2.0.0/src/rp2_common/pico_bootrom/bootrom.c.obj
                0x100016f0                rom_func_lookup
 .text.rom_data_lookup
                0x10001700       0x10 src/CMakeFiles/can.dir/home/jtag/.pico-sdk/sdk/2.0.0/src/rp2_common/pico_bootrom/bootrom.c.obj
                0x10001700                rom_data_lookup
 .text.rom_funcs_lookup
                0x10001710       0x36 src/CMakeFiles/can.dir/home/jtag/.pico-sdk/sdk/2.0.0/src/rp2_common/pico_bootrom/bootrom.c.obj
                0x10001710                rom_funcs_lookup
 *fill*         0x10001746        0x2 
 .text.rom_reset_usb_boot
                0x10001748       0x18 src/CMakeFiles/can.dir/home/jtag/.pico-sdk/sdk/2.0.0/src/rp2_common/pico_bootrom/bootrom.c.obj
                0x10001748                rom_reset_usb_boot
 .text.__wrap___aeabi_idiv
                0x10001760       0x50 src/CMakeFiles/can.dir/home/jtag/.pico-sdk/sdk/2.0.0/src/rp2_common/pico_divider/divider_hardware.S.obj
                0x10001760                __wrap___aeabi_idivmod
                0x10001760                divmod_s32s32
                0x10001760                div_s32s32
                0x10001760                __wrap___aeabi_idiv
                0x10001768                divmod_s32s32_unsafe
                0x10001794                divmod_s32s32_savestate
 .text.__wrap___aeabi_uidiv
                0x100017b0       0x4c src/CMakeFiles/can.dir/home/jtag/.pico-sdk/sdk/2.0.0/src/rp2_common/pico_divider/divider_hardware.S.obj
                0x100017b0                __wrap___aeabi_uidiv
                0x100017b0                __wrap___aeabi_uidivmod
                0x100017b0                div_u32u32
                0x100017b0                divmod_u32u32
                0x100017b8                divmod_u32u32_unsafe
                0x100017e0                divmod_u32u32_savestate
 .text.__wrap___aeabi_ldiv
                0x100017fc      0x424 src/CMakeFiles/can.dir/home/jtag/.pico-sdk/sdk/2.0.0/src/rp2_common/pico_divider/divider_hardware.S.obj
                0x100017fc                div_s64s64
                0x100017fc                divmod_s64s64
                0x100017fc                __wrap___aeabi_ldivmod
                0x1000182c                div_u64u64
                0x1000182c                divmod_u64u64
                0x1000182c                __wrap___aeabi_uldivmod
                0x1000183c                divmod_u64u64_savestate
                0x1000185c                divmod_s64s64_unsafe
                0x100018e4                divmod_u64u64_unsafe
 .text.__wrap___aeabi_darithmetic
                0x10001c20       0x60 src/CMakeFiles/can.dir/home/jtag/.pico-sdk/sdk/2.0.0/src/rp2_common/pico_double/double_aeabi_rp2040.S.obj
                0x10001c20                __wrap___aeabi_drsub
                0x10001c26                __wrap___aeabi_dsub
                0x10001c30                __wrap___aeabi_dadd
                0x10001c3a                __wrap___aeabi_ddiv
                0x10001c6e                __wrap___aeabi_dmul
 .text.__wrap___aeabi_cdcmple
                0x10001c80       0x6c src/CMakeFiles/can.dir/home/jtag/.pico-sdk/sdk/2.0.0/src/rp2_common/pico_double/double_aeabi_rp2040.S.obj
                0x10001c80                __wrap___aeabi_cdrcmple
                0x10001c90                __wrap___aeabi_cdcmple
                0x10001c90                __wrap___aeabi_cdcmpeq
 .text.__wrap___aeabi_dcmplt
                0x10001cec        0xc src/CMakeFiles/can.dir/home/jtag/.pico-sdk/sdk/2.0.0/src/rp2_common/pico_double/double_aeabi_rp2040.S.obj
                0x10001cec                __wrap___aeabi_dcmplt
 .text.__wrap___aeabi_dcmple
                0x10001cf8       0x10 src/CMakeFiles/can.dir/home/jtag/.pico-sdk/sdk/2.0.0/src/rp2_common/pico_double/double_aeabi_rp2040.S.obj
                0x10001cf8                __wrap___aeabi_dcmple
 .text.__wrap___aeabi_dcmpge
                0x10001d08       0x10 src/CMakeFiles/can.dir/home/jtag/.pico-sdk/sdk/2.0.0/src/rp2_common/pico_double/double_aeabi_rp2040.S.obj
                0x10001d08                __wrap___aeabi_dcmpge
 .text.__wrap___aeabi_dcmpgt
                0x10001d18        0xa src/CMakeFiles/can.dir/home/jtag/.pico-sdk/sdk/2.0.0/src/rp2_common/pico_double/double_aeabi_rp2040.S.obj
                0x10001d18                __wrap___aeabi_dcmpgt
 .text.__wrap___aeabi_dcmpun
                0x10001d22       0x18 src/CMakeFiles/can.dir/home/jtag/.pico-sdk/sdk/2.0.0/src/rp2_common/pico_double/double_aeabi_rp2040.S.obj
                0x10001d22                __wrap___aeabi_dcmpun
 *fill*         0x10001d3a        0x2 
 .text.__wrap___aeabi_i2d
                0x10001d3c       0x38 src/CMakeFiles/can.dir/home/jtag/.pico-sdk/sdk/2.0.0/src/rp2_common/pico_double/double_aeabi_rp2040.S.obj
                0x10001d3c                __wrap___aeabi_ui2d
                0x10001d44                __wrap___aeabi_i2d
 .text.__wrap___aeabi_d2iz
                0x10001d74       0x48 src/CMakeFiles/can.dir/home/jtag/.pico-sdk/sdk/2.0.0/src/rp2_common/pico_double/double_aeabi_rp2040.S.obj
                0x10001d74                __wrap___aeabi_d2iz
                0x10001d74                double2int_z
 .text.__wrap___aeabi_d2uiz
                0x10001dbc       0x10 src/CMakeFiles/can.dir/home/jtag/.pico-sdk/sdk/2.0.0/src/rp2_common/pico_double/double_aeabi_rp2040.S.obj
                0x10001dbc                double2uint
                0x10001dbc                __wrap___aeabi_d2uiz
 .text.missing_double_func_shim
                0x10001dcc        0xc src/CMakeFiles/can.dir/home/jtag/.pico-sdk/sdk/2.0.0/src/rp2_common/pico_double/double_init_rom_rp2040.c.obj
 .text.__aeabi_double_init
                0x10001dd8       0xd0 src/CMakeFiles/can.dir/home/jtag/.pico-sdk/sdk/2.0.0/src/rp2_common/pico_double/double_init_rom_rp2040.c.obj
                0x10001dd8                __aeabi_double_init
 .text.double_table_shim_on_use_helper
                0x10001ea8       0x34 src/CMakeFiles/can.dir/home/jtag/.pico-sdk/sdk/2.0.0/src/rp2_common/pico_double/double_v1_rom_shim_rp2040.S.obj
                0x10001ea8                double_table_shim_on_use_helper
 .text.__aeabi_lmul
                0x10001edc       0x32 src/CMakeFiles/can.dir/home/jtag/.pico-sdk/sdk/2.0.0/src/rp2_common/pico_int64_ops/pico_int64_ops_aeabi.S.obj
                0x10001edc                __wrap___aeabi_lmul
 *fill*         0x10001f0e        0x2 
 .text.missing_float_func_shim
                0x10001f10        0xc src/CMakeFiles/can.dir/home/jtag/.pico-sdk/sdk/2.0.0/src/rp2_common/pico_float/float_init_rom_rp2040.c.obj
 .text.__aeabi_float_init
                0x10001f1c       0x88 src/CMakeFiles/can.dir/home/jtag/.pico-sdk/sdk/2.0.0/src/rp2_common/pico_float/float_init_rom_rp2040.c.obj
                0x10001f1c                __aeabi_float_init
 .text          0x10001fa4       0x10 src/CMakeFiles/can.dir/home/jtag/.pico-sdk/sdk/2.0.0/src/rp2_common/pico_mem_ops/mem_ops_aeabi.S.obj
                0x10001fa4                __aeabi_mem_init
 .text.memset   0x10001fb4        0xc src/CMakeFiles/can.dir/home/jtag/.pico-sdk/sdk/2.0.0/src/rp2_common/pico_mem_ops/mem_ops_aeabi.S.obj
                0x10001fb4                __wrap_memset
 .text.memcpy   0x10001fc0        0xc src/CMakeFiles/can.dir/home/jtag/.pico-sdk/sdk/2.0.0/src/rp2_common/pico_mem_ops/mem_ops_aeabi.S.obj
                0x10001fc0                __wrap___aeabi_memcpy
                0x10001fc0                __wrap_memcpy
 .text._out_null
                0x10001fcc        0x2 src/CMakeFiles/can.dir/home/jtag/.pico-sdk/sdk/2.0.0/src/rp2_common/pico_printf/printf.c.obj
 .text._out_fct
                0x10001fce        0xe src/CMakeFiles/can.dir/home/jtag/.pico-sdk/sdk/2.0.0/src/rp2_common/pico_printf/printf.c.obj
 .text._atoi    0x10001fdc       0x24 src/CMakeFiles/can.dir/home/jtag/.pico-sdk/sdk/2.0.0/src/rp2_common/pico_printf/printf.c.obj
 .text._out_rev
                0x10002000       0xae src/CMakeFiles/can.dir/home/jtag/.pico-sdk/sdk/2.0.0/src/rp2_common/pico_printf/printf.c.obj
 .text._ntoa_format
                0x100020ae      0x110 src/CMakeFiles/can.dir/home/jtag/.pico-sdk/sdk/2.0.0/src/rp2_common/pico_printf/printf.c.obj
 .text._ntoa_long
                0x100021be       0xbc src/CMakeFiles/can.dir/home/jtag/.pico-sdk/sdk/2.0.0/src/rp2_common/pico_printf/printf.c.obj
 .text._ntoa_long_long
                0x1000227a      0x10e src/CMakeFiles/can.dir/home/jtag/.pico-sdk/sdk/2.0.0/src/rp2_common/pico_printf/printf.c.obj
 .text._etoa    0x10002388      0x420 src/CMakeFiles/can.dir/home/jtag/.pico-sdk/sdk/2.0.0/src/rp2_common/pico_printf/printf.c.obj
 .text._ftoa    0x100027a8      0x354 src/CMakeFiles/can.dir/home/jtag/.pico-sdk/sdk/2.0.0/src/rp2_common/pico_printf/printf.c.obj
 .text._vsnprintf
                0x10002afc      0x668 src/CMakeFiles/can.dir/home/jtag/.pico-sdk/sdk/2.0.0/src/rp2_common/pico_printf/printf.c.obj
 .text.vfctprintf
                0x10003164       0x20 src/CMakeFiles/can.dir/home/jtag/.pico-sdk/sdk/2.0.0/src/rp2_common/pico_printf/printf.c.obj
                0x10003164                vfctprintf
 .text._exit    0x10003184        0xa src/CMakeFiles/can.dir/home/jtag/.pico-sdk/sdk/2.0.0/src/rp2_common/pico_clib_interface/newlib_interface.c.obj
                0x10003184                _exit
 .text.exit     0x1000318e        0x6 src/CMakeFiles/can.dir/home/jtag/.pico-sdk/sdk/2.0.0/src/rp2_common/pico_clib_interface/newlib_interface.c.obj
                0x1000318e                exit
 .text.__assert_func
                0x10003194       0x38 src/CMakeFiles/can.dir/home/jtag/.pico-sdk/sdk/2.0.0/src/rp2_common/pico_clib_interface/newlib_interface.c.obj
                0x10003194                __assert_func
 .text.runtime_init
                0x100031cc       0x28 src/CMakeFiles/can.dir/home/jtag/.pico-sdk/sdk/2.0.0/src/rp2_common/pico_clib_interface/newlib_interface.c.obj
                0x100031cc                runtime_init
 .text.stdio_out_chars_no_crlf
                0x100031f4        0xe src/CMakeFiles/can.dir/home/jtag/.pico-sdk/sdk/2.0.0/src/rp2_common/pico_stdio/stdio.c.obj
 *fill*         0x10003202        0x2 
 .text.stdio_out_chars_crlf
                0x10003204       0x80 src/CMakeFiles/can.dir/home/jtag/.pico-sdk/sdk/2.0.0/src/rp2_common/pico_stdio/stdio.c.obj
 .text.stdio_stack_buffer_flush
                0x10003284       0x44 src/CMakeFiles/can.dir/home/jtag/.pico-sdk/sdk/2.0.0/src/rp2_common/pico_stdio/stdio.c.obj
 .text.stdio_buffered_printer
                0x100032c8       0x20 src/CMakeFiles/can.dir/home/jtag/.pico-sdk/sdk/2.0.0/src/rp2_common/pico_stdio/stdio.c.obj
 .text.stdout_serialize_begin
                0x100032e8       0x30 src/CMakeFiles/can.dir/home/jtag/.pico-sdk/sdk/2.0.0/src/rp2_common/pico_stdio/stdio.c.obj
                0x100032e8                stdout_serialize_begin
 .text.stdout_serialize_end
                0x10003318       0x10 src/CMakeFiles/can.dir/home/jtag/.pico-sdk/sdk/2.0.0/src/rp2_common/pico_stdio/stdio.c.obj
                0x10003318                stdout_serialize_end
 .text.stdio_put_string
                0x10003328       0x94 src/CMakeFiles/can.dir/home/jtag/.pico-sdk/sdk/2.0.0/src/rp2_common/pico_stdio/stdio.c.obj
                0x10003328                stdio_put_string
 .text.stdio_set_driver_enabled
                0x100033bc       0x2c src/CMakeFiles/can.dir/home/jtag/.pico-sdk/sdk/2.0.0/src/rp2_common/pico_stdio/stdio.c.obj
                0x100033bc                stdio_set_driver_enabled
 .text.stdio_flush
                0x100033e8       0x20 src/CMakeFiles/can.dir/home/jtag/.pico-sdk/sdk/2.0.0/src/rp2_common/pico_stdio/stdio.c.obj
                0x100033e8                stdio_flush
 .text.stdio_init_all
                0x10003408        0x8 src/CMakeFiles/can.dir/home/jtag/.pico-sdk/sdk/2.0.0/src/rp2_common/pico_stdio/stdio.c.obj
                0x10003408                stdio_init_all
 .text.__wrap_puts
                0x10003410       0x1e src/CMakeFiles/can.dir/home/jtag/.pico-sdk/sdk/2.0.0/src/rp2_common/pico_stdio/stdio.c.obj
                0x10003410                __wrap_puts
                0x10003410                stdio_puts
 *fill*         0x1000342e        0x2 
 .text.__wrap_vprintf
                0x10003430       0x40 src/CMakeFiles/can.dir/home/jtag/.pico-sdk/sdk/2.0.0/src/rp2_common/pico_stdio/stdio.c.obj
                0x10003430                __wrap_vprintf
                0x10003430                stdio_vprintf
 .text.__wrap_printf
                0x10003470       0x18 src/CMakeFiles/can.dir/home/jtag/.pico-sdk/sdk/2.0.0/src/rp2_common/pico_stdio/stdio.c.obj
                0x10003470                stdio_printf
                0x10003470                __wrap_printf
 .text.resetd_init
                0x10003488        0x2 src/CMakeFiles/can.dir/home/jtag/.pico-sdk/sdk/2.0.0/src/rp2_common/pico_stdio_usb/reset_interface.c.obj
 *fill*         0x1000348a        0x2 
 .text.resetd_reset
                0x1000348c        0xc src/CMakeFiles/can.dir/home/jtag/.pico-sdk/sdk/2.0.0/src/rp2_common/pico_stdio_usb/reset_interface.c.obj
 .text.resetd_open
                0x10003498       0x34 src/CMakeFiles/can.dir/home/jtag/.pico-sdk/sdk/2.0.0/src/rp2_common/pico_stdio_usb/reset_interface.c.obj
 .text.resetd_xfer_cb
                0x100034cc        0x4 src/CMakeFiles/can.dir/home/jtag/.pico-sdk/sdk/2.0.0/src/rp2_common/pico_stdio_usb/reset_interface.c.obj
 .text.resetd_control_xfer_cb
                0x100034d0       0x5c src/CMakeFiles/can.dir/home/jtag/.pico-sdk/sdk/2.0.0/src/rp2_common/pico_stdio_usb/reset_interface.c.obj
 .text.tud_descriptor_bos_cb
                0x1000352c        0x8 src/CMakeFiles/can.dir/home/jtag/.pico-sdk/sdk/2.0.0/src/rp2_common/pico_stdio_usb/reset_interface.c.obj
                0x1000352c                tud_descriptor_bos_cb
 .text.tud_vendor_control_xfer_cb
                0x10003534       0x38 src/CMakeFiles/can.dir/home/jtag/.pico-sdk/sdk/2.0.0/src/rp2_common/pico_stdio_usb/reset_interface.c.obj
                0x10003534                tud_vendor_control_xfer_cb
 .text.usbd_app_driver_get_cb
                0x1000356c        0xc src/CMakeFiles/can.dir/home/jtag/.pico-sdk/sdk/2.0.0/src/rp2_common/pico_stdio_usb/reset_interface.c.obj
                0x1000356c                usbd_app_driver_get_cb
 .text.tud_cdc_line_coding_cb
                0x10003578       0x28 src/CMakeFiles/can.dir/home/jtag/.pico-sdk/sdk/2.0.0/src/rp2_common/pico_stdio_usb/reset_interface.c.obj
                0x10003578                tud_cdc_line_coding_cb
 .text.stdio_usb_set_chars_available_callback
                0x100035a0       0x14 src/CMakeFiles/can.dir/home/jtag/.pico-sdk/sdk/2.0.0/src/rp2_common/pico_stdio_usb/stdio_usb.c.obj
                0x100035a0                stdio_usb_set_chars_available_callback
 .text.stdio_usb_out_flush
                0x100035b4       0x4c src/CMakeFiles/can.dir/home/jtag/.pico-sdk/sdk/2.0.0/src/rp2_common/pico_stdio_usb/stdio_usb.c.obj
 .text.usb_irq  0x10003600       0x10 src/CMakeFiles/can.dir/home/jtag/.pico-sdk/sdk/2.0.0/src/rp2_common/pico_stdio_usb/stdio_usb.c.obj
 .text.critical_section_enter_blocking
                0x10003610       0x16 src/CMakeFiles/can.dir/home/jtag/.pico-sdk/sdk/2.0.0/src/rp2_common/pico_stdio_usb/stdio_usb.c.obj
 *fill*         0x10003626        0x2 
 .text.timer_task
                0x10003628       0x60 src/CMakeFiles/can.dir/home/jtag/.pico-sdk/sdk/2.0.0/src/rp2_common/pico_stdio_usb/stdio_usb.c.obj
 .text.alarm_pool_add_alarm_in_us
                0x10003688       0x40 src/CMakeFiles/can.dir/home/jtag/.pico-sdk/sdk/2.0.0/src/rp2_common/pico_stdio_usb/stdio_usb.c.obj
 .text.add_alarm_in_us
                0x100036c8       0x2e src/CMakeFiles/can.dir/home/jtag/.pico-sdk/sdk/2.0.0/src/rp2_common/pico_stdio_usb/stdio_usb.c.obj
 *fill*         0x100036f6        0x2 
 .text.low_priority_worker_irq
                0x100036f8       0xa0 src/CMakeFiles/can.dir/home/jtag/.pico-sdk/sdk/2.0.0/src/rp2_common/pico_stdio_usb/stdio_usb.c.obj
 .text.stdio_usb_init
                0x10003798       0xdc src/CMakeFiles/can.dir/home/jtag/.pico-sdk/sdk/2.0.0/src/rp2_common/pico_stdio_usb/stdio_usb.c.obj
                0x10003798                stdio_usb_init
 .text.stdio_usb_connected
                0x10003874        0xa src/CMakeFiles/can.dir/home/jtag/.pico-sdk/sdk/2.0.0/src/rp2_common/pico_stdio_usb/stdio_usb.c.obj
                0x10003874                stdio_usb_connected
 *fill*         0x1000387e        0x2 
 .text.stdio_usb_in_chars
                0x10003880       0x98 src/CMakeFiles/can.dir/home/jtag/.pico-sdk/sdk/2.0.0/src/rp2_common/pico_stdio_usb/stdio_usb.c.obj
                0x10003880                stdio_usb_in_chars
 .text.stdio_usb_out_chars
                0x10003918       0xe8 src/CMakeFiles/can.dir/home/jtag/.pico-sdk/sdk/2.0.0/src/rp2_common/pico_stdio_usb/stdio_usb.c.obj
 .text.tud_descriptor_device_cb
                0x10003a00        0x8 src/CMakeFiles/can.dir/home/jtag/.pico-sdk/sdk/2.0.0/src/rp2_common/pico_stdio_usb/stdio_usb_descriptors.c.obj
                0x10003a00                tud_descriptor_device_cb
 .text.tud_descriptor_configuration_cb
                0x10003a08        0x8 src/CMakeFiles/can.dir/home/jtag/.pico-sdk/sdk/2.0.0/src/rp2_common/pico_stdio_usb/stdio_usb_descriptors.c.obj
                0x10003a08                tud_descriptor_configuration_cb
 .text.tud_descriptor_string_cb
                0x10003a10       0x6c src/CMakeFiles/can.dir/home/jtag/.pico-sdk/sdk/2.0.0/src/rp2_common/pico_stdio_usb/stdio_usb_descriptors.c.obj
                0x10003a10                tud_descriptor_string_cb
 .text._retrieve_unique_id_on_boot
                0x10003a7c       0x10 src/CMakeFiles/can.dir/home/jtag/.pico-sdk/sdk/2.0.0/src/rp2_common/pico_unique_id/unique_id.c.obj
 .text.pico_get_unique_board_id_string
                0x10003a8c       0x5c src/CMakeFiles/can.dir/home/jtag/.pico-sdk/sdk/2.0.0/src/rp2_common/pico_unique_id/unique_id.c.obj
                0x10003a8c                pico_get_unique_board_id_string
 .text.flash_get_unique_id
                0x10003ae8       0x40 src/CMakeFiles/can.dir/home/jtag/.pico-sdk/sdk/2.0.0/src/rp2_common/hardware_flash/flash.c.obj
                0x10003ae8                flash_get_unique_id
 .text._hw_endpoint_alloc
                0x10003b28       0x70 src/CMakeFiles/can.dir/home/jtag/.pico-sdk/sdk/2.0.0/lib/tinyusb/src/portable/raspberrypi/rp2040/dcd_rp2040.c.obj
 .text.hw_endpoint_init
                0x10003b98       0xbc src/CMakeFiles/can.dir/home/jtag/.pico-sdk/sdk/2.0.0/lib/tinyusb/src/portable/raspberrypi/rp2040/dcd_rp2040.c.obj
 .text.hw_endpoint_xfer
                0x10003c54       0x20 src/CMakeFiles/can.dir/home/jtag/.pico-sdk/sdk/2.0.0/lib/tinyusb/src/portable/raspberrypi/rp2040/dcd_rp2040.c.obj
 .text.dcd_int_enable
                0x10003c74       0x2c src/CMakeFiles/can.dir/home/jtag/.pico-sdk/sdk/2.0.0/lib/tinyusb/src/portable/raspberrypi/rp2040/dcd_rp2040.c.obj
                0x10003c74                dcd_int_enable
 .text.dcd_set_address
                0x10003ca0       0x2c src/CMakeFiles/can.dir/home/jtag/.pico-sdk/sdk/2.0.0/lib/tinyusb/src/portable/raspberrypi/rp2040/dcd_rp2040.c.obj
                0x10003ca0                dcd_set_address
 .text.dcd_connect
                0x10003ccc       0x10 src/CMakeFiles/can.dir/home/jtag/.pico-sdk/sdk/2.0.0/lib/tinyusb/src/portable/raspberrypi/rp2040/dcd_rp2040.c.obj
                0x10003ccc                dcd_connect
 .text.dcd_init
                0x10003cdc       0x80 src/CMakeFiles/can.dir/home/jtag/.pico-sdk/sdk/2.0.0/lib/tinyusb/src/portable/raspberrypi/rp2040/dcd_rp2040.c.obj
                0x10003cdc                dcd_init
 .text.dcd_sof_enable
                0x10003d5c       0x1c src/CMakeFiles/can.dir/home/jtag/.pico-sdk/sdk/2.0.0/lib/tinyusb/src/portable/raspberrypi/rp2040/dcd_rp2040.c.obj
                0x10003d5c                dcd_sof_enable
 .text.dcd_edpt0_status_complete
                0x10003d78       0x1c src/CMakeFiles/can.dir/home/jtag/.pico-sdk/sdk/2.0.0/lib/tinyusb/src/portable/raspberrypi/rp2040/dcd_rp2040.c.obj
                0x10003d78                dcd_edpt0_status_complete
 .text.dcd_edpt_open
                0x10003d94       0x40 src/CMakeFiles/can.dir/home/jtag/.pico-sdk/sdk/2.0.0/lib/tinyusb/src/portable/raspberrypi/rp2040/dcd_rp2040.c.obj
                0x10003d94                dcd_edpt_open
 .text.dcd_edpt_close_all
                0x10003dd4        0x8 src/CMakeFiles/can.dir/home/jtag/.pico-sdk/sdk/2.0.0/lib/tinyusb/src/portable/raspberrypi/rp2040/dcd_rp2040.c.obj
                0x10003dd4                dcd_edpt_close_all
 .text.dcd_edpt_xfer
                0x10003ddc       0x30 src/CMakeFiles/can.dir/home/jtag/.pico-sdk/sdk/2.0.0/lib/tinyusb/src/portable/raspberrypi/rp2040/dcd_rp2040.c.obj
                0x10003ddc                dcd_edpt_xfer
 .text.dcd_edpt_stall
                0x10003e0c       0x3c src/CMakeFiles/can.dir/home/jtag/.pico-sdk/sdk/2.0.0/lib/tinyusb/src/portable/raspberrypi/rp2040/dcd_rp2040.c.obj
                0x10003e0c                dcd_edpt_stall
 .text.dcd_edpt_clear_stall
                0x10003e48       0x30 src/CMakeFiles/can.dir/home/jtag/.pico-sdk/sdk/2.0.0/lib/tinyusb/src/portable/raspberrypi/rp2040/dcd_rp2040.c.obj
                0x10003e48                dcd_edpt_clear_stall
 .text.unaligned_memcpy
                0x10003e78       0x14 src/CMakeFiles/can.dir/home/jtag/.pico-sdk/sdk/2.0.0/lib/tinyusb/src/portable/raspberrypi/rp2040/rp2040_usb.c.obj
 .text.rp2040_usb_init
                0x10003e8c       0x44 src/CMakeFiles/can.dir/home/jtag/.pico-sdk/sdk/2.0.0/lib/tinyusb/src/portable/raspberrypi/rp2040/rp2040_usb.c.obj
                0x10003e8c                rp2040_usb_init
 .text.hw_endpoint_xfer_start
                0x10003ed0       0x60 src/CMakeFiles/can.dir/home/jtag/.pico-sdk/sdk/2.0.0/lib/tinyusb/src/portable/raspberrypi/rp2040/rp2040_usb.c.obj
                0x10003ed0                hw_endpoint_xfer_start
 .text.configuration_reset
                0x10003f30       0x84 src/CMakeFiles/can.dir/home/jtag/.pico-sdk/sdk/2.0.0/lib/tinyusb/src/device/usbd.c.obj
 .text.critical_section_enter_blocking
                0x10003fb4       0x16 src/CMakeFiles/can.dir/home/jtag/.pico-sdk/sdk/2.0.0/lib/tinyusb/src/device/usbd.c.obj
 .text.usbd_reset
                0x10003fca        0xc src/CMakeFiles/can.dir/home/jtag/.pico-sdk/sdk/2.0.0/lib/tinyusb/src/device/usbd.c.obj
 .text.invoke_class_control
                0x10003fd6       0x1a src/CMakeFiles/can.dir/home/jtag/.pico-sdk/sdk/2.0.0/lib/tinyusb/src/device/usbd.c.obj
 .text.process_set_config
                0x10003ff0      0x1b0 src/CMakeFiles/can.dir/home/jtag/.pico-sdk/sdk/2.0.0/lib/tinyusb/src/device/usbd.c.obj
 .text.tud_event_hook_cb
                0x100041a0        0x2 src/CMakeFiles/can.dir/home/jtag/.pico-sdk/sdk/2.0.0/lib/tinyusb/src/device/usbd.c.obj
                0x100041a0                tud_event_hook_cb
 .text.tud_sof_cb
                0x100041a2        0x2 src/CMakeFiles/can.dir/home/jtag/.pico-sdk/sdk/2.0.0/lib/tinyusb/src/device/usbd.c.obj
                0x100041a2                tud_sof_cb
 .text.tud_descriptor_device_qualifier_cb
                0x100041a4        0x4 src/CMakeFiles/can.dir/home/jtag/.pico-sdk/sdk/2.0.0/lib/tinyusb/src/device/usbd.c.obj
                0x100041a4                tud_descriptor_device_qualifier_cb
 .text.tud_descriptor_other_speed_configuration_cb
                0x100041a8        0x4 src/CMakeFiles/can.dir/home/jtag/.pico-sdk/sdk/2.0.0/lib/tinyusb/src/device/usbd.c.obj
                0x100041a8                tud_descriptor_other_speed_configuration_cb
 .text.process_get_descriptor
                0x100041ac       0xe0 src/CMakeFiles/can.dir/home/jtag/.pico-sdk/sdk/2.0.0/lib/tinyusb/src/device/usbd.c.obj
 .text.tud_mount_cb
                0x1000428c        0x2 src/CMakeFiles/can.dir/home/jtag/.pico-sdk/sdk/2.0.0/lib/tinyusb/src/device/usbd.c.obj
                0x1000428c                tud_mount_cb
 .text.tud_umount_cb
                0x1000428e        0x2 src/CMakeFiles/can.dir/home/jtag/.pico-sdk/sdk/2.0.0/lib/tinyusb/src/device/usbd.c.obj
                0x1000428e                tud_umount_cb
 .text.tud_suspend_cb
                0x10004290        0x2 src/CMakeFiles/can.dir/home/jtag/.pico-sdk/sdk/2.0.0/lib/tinyusb/src/device/usbd.c.obj
                0x10004290                tud_suspend_cb
 .text.tud_resume_cb
                0x10004292        0x2 src/CMakeFiles/can.dir/home/jtag/.pico-sdk/sdk/2.0.0/lib/tinyusb/src/device/usbd.c.obj
                0x10004292                tud_resume_cb
 .text.tud_mounted
                0x10004294       0x10 src/CMakeFiles/can.dir/home/jtag/.pico-sdk/sdk/2.0.0/lib/tinyusb/src/device/usbd.c.obj
                0x10004294                tud_mounted
 .text.tud_suspended
                0x100042a4       0x10 src/CMakeFiles/can.dir/home/jtag/.pico-sdk/sdk/2.0.0/lib/tinyusb/src/device/usbd.c.obj
                0x100042a4                tud_suspended
 .text.tud_inited
                0x100042b4       0x14 src/CMakeFiles/can.dir/home/jtag/.pico-sdk/sdk/2.0.0/lib/tinyusb/src/device/usbd.c.obj
                0x100042b4                tud_inited
 .text.tud_init
                0x100042c8       0xdc src/CMakeFiles/can.dir/home/jtag/.pico-sdk/sdk/2.0.0/lib/tinyusb/src/device/usbd.c.obj
                0x100042c8                tud_init
 .text.usbd_edpt_open
                0x100043a4       0x60 src/CMakeFiles/can.dir/home/jtag/.pico-sdk/sdk/2.0.0/lib/tinyusb/src/device/usbd.c.obj
                0x100043a4                usbd_edpt_open
 .text.usbd_open_edpt_pair
                0x10004404       0x8c src/CMakeFiles/can.dir/home/jtag/.pico-sdk/sdk/2.0.0/lib/tinyusb/src/device/usbd.c.obj
                0x10004404                usbd_open_edpt_pair
 .text.usbd_edpt_claim
                0x10004490       0x28 src/CMakeFiles/can.dir/home/jtag/.pico-sdk/sdk/2.0.0/lib/tinyusb/src/device/usbd.c.obj
                0x10004490                usbd_edpt_claim
 .text.usbd_edpt_release
                0x100044b8       0x28 src/CMakeFiles/can.dir/home/jtag/.pico-sdk/sdk/2.0.0/lib/tinyusb/src/device/usbd.c.obj
                0x100044b8                usbd_edpt_release
 .text.usbd_edpt_xfer
                0x100044e0       0x88 src/CMakeFiles/can.dir/home/jtag/.pico-sdk/sdk/2.0.0/lib/tinyusb/src/device/usbd.c.obj
                0x100044e0                usbd_edpt_xfer
 .text.usbd_edpt_stall
                0x10004568       0x34 src/CMakeFiles/can.dir/home/jtag/.pico-sdk/sdk/2.0.0/lib/tinyusb/src/device/usbd.c.obj
                0x10004568                usbd_edpt_stall
 .text.usbd_edpt_clear_stall
                0x1000459c       0x34 src/CMakeFiles/can.dir/home/jtag/.pico-sdk/sdk/2.0.0/lib/tinyusb/src/device/usbd.c.obj
                0x1000459c                usbd_edpt_clear_stall
 .text.usbd_edpt_stalled
                0x100045d0       0x1c src/CMakeFiles/can.dir/home/jtag/.pico-sdk/sdk/2.0.0/lib/tinyusb/src/device/usbd.c.obj
                0x100045d0                usbd_edpt_stalled
 .text.process_control_request
                0x100045ec      0x390 src/CMakeFiles/can.dir/home/jtag/.pico-sdk/sdk/2.0.0/lib/tinyusb/src/device/usbd.c.obj
 .text.tud_task_ext
                0x1000497c      0x1c8 src/CMakeFiles/can.dir/home/jtag/.pico-sdk/sdk/2.0.0/lib/tinyusb/src/device/usbd.c.obj
                0x1000497c                tud_task_ext
 .text._status_stage_xact
                0x10004b44       0x1a src/CMakeFiles/can.dir/home/jtag/.pico-sdk/sdk/2.0.0/lib/tinyusb/src/device/usbd_control.c.obj
 *fill*         0x10004b5e        0x2 
 .text._data_stage_xact
                0x10004b60       0x60 src/CMakeFiles/can.dir/home/jtag/.pico-sdk/sdk/2.0.0/lib/tinyusb/src/device/usbd_control.c.obj
 .text.tud_control_status
                0x10004bc0       0x28 src/CMakeFiles/can.dir/home/jtag/.pico-sdk/sdk/2.0.0/lib/tinyusb/src/device/usbd_control.c.obj
                0x10004bc0                tud_control_status
 .text.tud_control_xfer
                0x10004be8       0x98 src/CMakeFiles/can.dir/home/jtag/.pico-sdk/sdk/2.0.0/lib/tinyusb/src/device/usbd_control.c.obj
                0x10004be8                tud_control_xfer
 .text.usbd_control_reset
                0x10004c80       0x14 src/CMakeFiles/can.dir/home/jtag/.pico-sdk/sdk/2.0.0/lib/tinyusb/src/device/usbd_control.c.obj
                0x10004c80                usbd_control_reset
 .text.usbd_control_set_complete_callback
                0x10004c94        0xc src/CMakeFiles/can.dir/home/jtag/.pico-sdk/sdk/2.0.0/lib/tinyusb/src/device/usbd_control.c.obj
                0x10004c94                usbd_control_set_complete_callback
 .text.usbd_control_set_request
                0x10004ca0       0x1c src/CMakeFiles/can.dir/home/jtag/.pico-sdk/sdk/2.0.0/lib/tinyusb/src/device/usbd_control.c.obj
                0x10004ca0                usbd_control_set_request
 .text.usbd_control_xfer_cb
                0x10004cbc       0xe0 src/CMakeFiles/can.dir/home/jtag/.pico-sdk/sdk/2.0.0/lib/tinyusb/src/device/usbd_control.c.obj
                0x10004cbc                usbd_control_xfer_cb
 .text._prep_out_transaction
                0x10004d9c       0x72 src/CMakeFiles/can.dir/home/jtag/.pico-sdk/sdk/2.0.0/lib/tinyusb/src/class/cdc/cdc_device.c.obj
 *fill*         0x10004e0e        0x2 
 .text.tud_cdc_n_connected
                0x10004e10       0x38 src/CMakeFiles/can.dir/home/jtag/.pico-sdk/sdk/2.0.0/lib/tinyusb/src/class/cdc/cdc_device.c.obj
                0x10004e10                tud_cdc_n_connected
 .text.tud_cdc_n_available
                0x10004e48       0x18 src/CMakeFiles/can.dir/home/jtag/.pico-sdk/sdk/2.0.0/lib/tinyusb/src/class/cdc/cdc_device.c.obj
                0x10004e48                tud_cdc_n_available
 .text.tud_cdc_n_read
                0x10004e60       0x38 src/CMakeFiles/can.dir/home/jtag/.pico-sdk/sdk/2.0.0/lib/tinyusb/src/class/cdc/cdc_device.c.obj
                0x10004e60                tud_cdc_n_read
 .text.tud_cdc_n_write_flush
                0x10004e98       0xcc src/CMakeFiles/can.dir/home/jtag/.pico-sdk/sdk/2.0.0/lib/tinyusb/src/class/cdc/cdc_device.c.obj
                0x10004e98                tud_cdc_n_write_flush
 .text.tud_cdc_n_write
                0x10004f64       0x48 src/CMakeFiles/can.dir/home/jtag/.pico-sdk/sdk/2.0.0/lib/tinyusb/src/class/cdc/cdc_device.c.obj
                0x10004f64                tud_cdc_n_write
 .text.tud_cdc_n_write_available
                0x10004fac       0x1c src/CMakeFiles/can.dir/home/jtag/.pico-sdk/sdk/2.0.0/lib/tinyusb/src/class/cdc/cdc_device.c.obj
                0x10004fac                tud_cdc_n_write_available
 .text.cdcd_init
                0x10004fc8       0xc0 src/CMakeFiles/can.dir/home/jtag/.pico-sdk/sdk/2.0.0/lib/tinyusb/src/class/cdc/cdc_device.c.obj
                0x10004fc8                cdcd_init
 .text.cdcd_deinit
                0x10005088       0x50 src/CMakeFiles/can.dir/home/jtag/.pico-sdk/sdk/2.0.0/lib/tinyusb/src/class/cdc/cdc_device.c.obj
                0x10005088                cdcd_deinit
 .text.cdcd_reset
                0x100050d8       0x78 src/CMakeFiles/can.dir/home/jtag/.pico-sdk/sdk/2.0.0/lib/tinyusb/src/class/cdc/cdc_device.c.obj
                0x100050d8                cdcd_reset
 .text.cdcd_open
                0x10005150       0xf0 src/CMakeFiles/can.dir/home/jtag/.pico-sdk/sdk/2.0.0/lib/tinyusb/src/class/cdc/cdc_device.c.obj
                0x10005150                cdcd_open
 .text.cdcd_control_xfer_cb
                0x10005240      0x138 src/CMakeFiles/can.dir/home/jtag/.pico-sdk/sdk/2.0.0/lib/tinyusb/src/class/cdc/cdc_device.c.obj
                0x10005240                cdcd_control_xfer_cb
 .text.cdcd_xfer_cb
                0x10005378      0x144 src/CMakeFiles/can.dir/home/jtag/.pico-sdk/sdk/2.0.0/lib/tinyusb/src/class/cdc/cdc_device.c.obj
                0x10005378                cdcd_xfer_cb
 .text._prep_out_transaction
                0x100054bc       0x3a src/CMakeFiles/can.dir/home/jtag/.pico-sdk/sdk/2.0.0/lib/tinyusb/src/class/vendor/vendor_device.c.obj
 *fill*         0x100054f6        0x2 
 .text.tud_vendor_n_write_flush
                0x100054f8       0xcc src/CMakeFiles/can.dir/home/jtag/.pico-sdk/sdk/2.0.0/lib/tinyusb/src/class/vendor/vendor_device.c.obj
                0x100054f8                tud_vendor_n_write_flush
 .text.vendord_init
                0x100055c4       0xa0 src/CMakeFiles/can.dir/home/jtag/.pico-sdk/sdk/2.0.0/lib/tinyusb/src/class/vendor/vendor_device.c.obj
                0x100055c4                vendord_init
 .text.vendord_deinit
                0x10005664       0x50 src/CMakeFiles/can.dir/home/jtag/.pico-sdk/sdk/2.0.0/lib/tinyusb/src/class/vendor/vendor_device.c.obj
                0x10005664                vendord_deinit
 .text.vendord_reset
                0x100056b4       0x38 src/CMakeFiles/can.dir/home/jtag/.pico-sdk/sdk/2.0.0/lib/tinyusb/src/class/vendor/vendor_device.c.obj
                0x100056b4                vendord_reset
 .text.vendord_open
                0x100056ec       0xd0 src/CMakeFiles/can.dir/home/jtag/.pico-sdk/sdk/2.0.0/lib/tinyusb/src/class/vendor/vendor_device.c.obj
                0x100056ec                vendord_open
 .text.vendord_xfer_cb
                0x100057bc       0xc8 src/CMakeFiles/can.dir/home/jtag/.pico-sdk/sdk/2.0.0/lib/tinyusb/src/class/vendor/vendor_device.c.obj
                0x100057bc                vendord_xfer_cb
 .text.tusb_init
                0x10005884       0x24 src/CMakeFiles/can.dir/home/jtag/.pico-sdk/sdk/2.0.0/lib/tinyusb/src/tusb.c.obj
                0x10005884                tusb_init
 .text.tu_edpt_claim
                0x100058a8       0x50 src/CMakeFiles/can.dir/home/jtag/.pico-sdk/sdk/2.0.0/lib/tinyusb/src/tusb.c.obj
                0x100058a8                tu_edpt_claim
 .text.tu_edpt_release
                0x100058f8       0x38 src/CMakeFiles/can.dir/home/jtag/.pico-sdk/sdk/2.0.0/lib/tinyusb/src/tusb.c.obj
                0x100058f8                tu_edpt_release
 .text.tu_edpt_validate
                0x10005930       0xac src/CMakeFiles/can.dir/home/jtag/.pico-sdk/sdk/2.0.0/lib/tinyusb/src/tusb.c.obj
                0x10005930                tu_edpt_validate
 .text.tu_edpt_bind_driver
                0x100059dc       0x26 src/CMakeFiles/can.dir/home/jtag/.pico-sdk/sdk/2.0.0/lib/tinyusb/src/tusb.c.obj
                0x100059dc                tu_edpt_bind_driver
 .text.advance_index
                0x10005a02       0x1a src/CMakeFiles/can.dir/home/jtag/.pico-sdk/sdk/2.0.0/lib/tinyusb/src/common/tusb_fifo.c.obj
 .text._tu_fifo_peek
                0x10005a1c       0x56 src/CMakeFiles/can.dir/home/jtag/.pico-sdk/sdk/2.0.0/lib/tinyusb/src/common/tusb_fifo.c.obj
 .text._ff_pull_n
                0x10005a72       0x68 src/CMakeFiles/can.dir/home/jtag/.pico-sdk/sdk/2.0.0/lib/tinyusb/src/common/tusb_fifo.c.obj
 .text._tu_fifo_peek_n
                0x10005ada       0x6a src/CMakeFiles/can.dir/home/jtag/.pico-sdk/sdk/2.0.0/lib/tinyusb/src/common/tusb_fifo.c.obj
 .text._tu_fifo_read_n
                0x10005b44       0x4e src/CMakeFiles/can.dir/home/jtag/.pico-sdk/sdk/2.0.0/lib/tinyusb/src/common/tusb_fifo.c.obj
 .text._ff_push_n
                0x10005b92       0x68 src/CMakeFiles/can.dir/home/jtag/.pico-sdk/sdk/2.0.0/lib/tinyusb/src/common/tusb_fifo.c.obj
 .text._tu_fifo_write_n
                0x10005bfa       0xf0 src/CMakeFiles/can.dir/home/jtag/.pico-sdk/sdk/2.0.0/lib/tinyusb/src/common/tusb_fifo.c.obj
 .text.tu_fifo_config
                0x10005cea       0x7c src/CMakeFiles/can.dir/home/jtag/.pico-sdk/sdk/2.0.0/lib/tinyusb/src/common/tusb_fifo.c.obj
                0x10005cea                tu_fifo_config
 .text.tu_fifo_count
                0x10005d66       0x2a src/CMakeFiles/can.dir/home/jtag/.pico-sdk/sdk/2.0.0/lib/tinyusb/src/common/tusb_fifo.c.obj
                0x10005d66                tu_fifo_count
 .text.tu_fifo_empty
                0x10005d90        0xe src/CMakeFiles/can.dir/home/jtag/.pico-sdk/sdk/2.0.0/lib/tinyusb/src/common/tusb_fifo.c.obj
                0x10005d90                tu_fifo_empty
 .text.tu_fifo_full
                0x10005d9e       0x28 src/CMakeFiles/can.dir/home/jtag/.pico-sdk/sdk/2.0.0/lib/tinyusb/src/common/tusb_fifo.c.obj
                0x10005d9e                tu_fifo_full
 .text.tu_fifo_remaining
                0x10005dc6       0x2c src/CMakeFiles/can.dir/home/jtag/.pico-sdk/sdk/2.0.0/lib/tinyusb/src/common/tusb_fifo.c.obj
                0x10005dc6                tu_fifo_remaining
 .text.tu_fifo_read
                0x10005df2       0x42 src/CMakeFiles/can.dir/home/jtag/.pico-sdk/sdk/2.0.0/lib/tinyusb/src/common/tusb_fifo.c.obj
                0x10005df2                tu_fifo_read
 .text.tu_fifo_read_n
                0x10005e34        0xa src/CMakeFiles/can.dir/home/jtag/.pico-sdk/sdk/2.0.0/lib/tinyusb/src/common/tusb_fifo.c.obj
                0x10005e34                tu_fifo_read_n
 .text.tu_fifo_write
                0x10005e3e       0x64 src/CMakeFiles/can.dir/home/jtag/.pico-sdk/sdk/2.0.0/lib/tinyusb/src/common/tusb_fifo.c.obj
                0x10005e3e                tu_fifo_write
 .text.tu_fifo_write_n
                0x10005ea2        0xa src/CMakeFiles/can.dir/home/jtag/.pico-sdk/sdk/2.0.0/lib/tinyusb/src/common/tusb_fifo.c.obj
                0x10005ea2                tu_fifo_write_n
 .text.tu_fifo_clear
                0x10005eac       0x3e src/CMakeFiles/can.dir/home/jtag/.pico-sdk/sdk/2.0.0/lib/tinyusb/src/common/tusb_fifo.c.obj
                0x10005eac                tu_fifo_clear
 .text.tu_fifo_set_overwritable
                0x10005eea       0x46 src/CMakeFiles/can.dir/home/jtag/.pico-sdk/sdk/2.0.0/lib/tinyusb/src/common/tusb_fifo.c.obj
                0x10005eea                tu_fifo_set_overwritable
 .text.prvHeapInit
                0x10005f30       0x58 src/CMakeFiles/can.dir/__/lib/freertos/portable/MemMang/heap_4.c.obj
 .text.prvInsertBlockIntoFreeList
                0x10005f88       0x88 src/CMakeFiles/can.dir/__/lib/freertos/portable/MemMang/heap_4.c.obj
 .text.pvPortMalloc
                0x10006010      0x188 src/CMakeFiles/can.dir/__/lib/freertos/portable/MemMang/heap_4.c.obj
                0x10006010                pvPortMalloc
 .text.vPortFree
                0x10006198       0xa4 src/CMakeFiles/can.dir/__/lib/freertos/portable/MemMang/heap_4.c.obj
                0x10006198                vPortFree
 .text.vPortSVCHandler
                0x1000623c        0x2 src/CMakeFiles/can.dir/__/lib/freertos/portable/ThirdParty/GCC/RP2040/port.c.obj
                0x1000623c                vPortSVCHandler
 *fill*         0x1000623e        0x2 
 .text.vPortStartFirstTask
                0x10006240       0x34 src/CMakeFiles/can.dir/__/lib/freertos/portable/ThirdParty/GCC/RP2040/port.c.obj
 *fill*         0x10006274        0xc 
 .text.xPortPendSVHandler
                0x10006280       0x64 src/CMakeFiles/can.dir/__/lib/freertos/portable/ThirdParty/GCC/RP2040/port.c.obj
                0x10006280                xPortPendSVHandler
 .text.prvTaskExitError
                0x100062e4        0x6 src/CMakeFiles/can.dir/__/lib/freertos/portable/ThirdParty/GCC/RP2040/port.c.obj
 *fill*         0x100062ea        0x2 
 .text.prvFIFOInterruptHandler
                0x100062ec       0x78 src/CMakeFiles/can.dir/__/lib/freertos/portable/ThirdParty/GCC/RP2040/port.c.obj
 .text.prvGetTicksToWaitBefore
                0x10006364       0x40 src/CMakeFiles/can.dir/__/lib/freertos/portable/ThirdParty/GCC/RP2040/port.c.obj
 .text.pxPortInitialiseStack
                0x100063a4       0x24 src/CMakeFiles/can.dir/__/lib/freertos/portable/ThirdParty/GCC/RP2040/port.c.obj
                0x100063a4                pxPortInitialiseStack
 .text.vPortYield
                0x100063c8       0x40 src/CMakeFiles/can.dir/__/lib/freertos/portable/ThirdParty/GCC/RP2040/port.c.obj
                0x100063c8                vPortYield
 .text.vPortEnterCritical
                0x10006408       0x18 src/CMakeFiles/can.dir/__/lib/freertos/portable/ThirdParty/GCC/RP2040/port.c.obj
                0x10006408                vPortEnterCritical
 .text.vPortEnableInterrupts
                0x10006420       0x28 src/CMakeFiles/can.dir/__/lib/freertos/portable/ThirdParty/GCC/RP2040/port.c.obj
                0x10006420                vPortEnableInterrupts
 .text.vPortExitCritical
                0x10006448       0x3c src/CMakeFiles/can.dir/__/lib/freertos/portable/ThirdParty/GCC/RP2040/port.c.obj
                0x10006448                vPortExitCritical
 .text.ulSetInterruptMaskFromISR
                0x10006484        0x8 src/CMakeFiles/can.dir/__/lib/freertos/portable/ThirdParty/GCC/RP2040/port.c.obj
                0x10006484                ulSetInterruptMaskFromISR
 .text.vClearInterruptMaskFromISR
                0x1000648c        0x6 src/CMakeFiles/can.dir/__/lib/freertos/portable/ThirdParty/GCC/RP2040/port.c.obj
                0x1000648c                vClearInterruptMaskFromISR
 *fill*         0x10006492        0x2 
 .text.xPortSysTickHandler
                0x10006494       0x24 src/CMakeFiles/can.dir/__/lib/freertos/portable/ThirdParty/GCC/RP2040/port.c.obj
                0x10006494                xPortSysTickHandler
 .text.vPortSetupTimerInterrupt
                0x100064b8       0x34 src/CMakeFiles/can.dir/__/lib/freertos/portable/ThirdParty/GCC/RP2040/port.c.obj
                0x100064b8                vPortSetupTimerInterrupt
 .text.xPortStartScheduler
                0x100064ec       0x9c src/CMakeFiles/can.dir/__/lib/freertos/portable/ThirdParty/GCC/RP2040/port.c.obj
                0x100064ec                xPortStartScheduler
 .text.ulPortLockGetCurrentOwnerId
                0x10006588       0x2c src/CMakeFiles/can.dir/__/lib/freertos/portable/ThirdParty/GCC/RP2040/port.c.obj
                0x10006588                ulPortLockGetCurrentOwnerId
 .text.vPortLockInternalSpinUnlockWithNotify
                0x100065b4       0xd0 src/CMakeFiles/can.dir/__/lib/freertos/portable/ThirdParty/GCC/RP2040/port.c.obj
                0x100065b4                vPortLockInternalSpinUnlockWithNotify
 .text.xPortLockInternalSpinUnlockWithBestEffortWaitOrTimeout
                0x10006684      0x110 src/CMakeFiles/can.dir/__/lib/freertos/portable/ThirdParty/GCC/RP2040/port.c.obj
                0x10006684                xPortLockInternalSpinUnlockWithBestEffortWaitOrTimeout
 .text.prvRuntimeInitializer
                0x10006794       0x28 src/CMakeFiles/can.dir/__/lib/freertos/portable/ThirdParty/GCC/RP2040/port.c.obj
 .text.prvTestWaitCondition
                0x100067bc       0x1e src/CMakeFiles/can.dir/__/lib/freertos/event_groups.c.obj
 .text.xEventGroupCreate
                0x100067da       0x18 src/CMakeFiles/can.dir/__/lib/freertos/event_groups.c.obj
                0x100067da                xEventGroupCreate
 *fill*         0x100067f2        0x2 
 .text.xEventGroupWaitBits
                0x100067f4      0x120 src/CMakeFiles/can.dir/__/lib/freertos/event_groups.c.obj
                0x100067f4                xEventGroupWaitBits
 .text.xEventGroupSetBits
                0x10006914       0x9c src/CMakeFiles/can.dir/__/lib/freertos/event_groups.c.obj
                0x10006914                xEventGroupSetBits
 .text.vEventGroupSetBitsCallback
                0x100069b0        0x8 src/CMakeFiles/can.dir/__/lib/freertos/event_groups.c.obj
                0x100069b0                vEventGroupSetBitsCallback
 .text.xEventGroupSetBitsFromISR
                0x100069b8       0x18 src/CMakeFiles/can.dir/__/lib/freertos/event_groups.c.obj
                0x100069b8                xEventGroupSetBitsFromISR
 .text.vListInitialise
                0x100069d0       0x16 src/CMakeFiles/can.dir/__/lib/freertos/list.c.obj
                0x100069d0                vListInitialise
 .text.vListInitialiseItem
                0x100069e6        0x6 src/CMakeFiles/can.dir/__/lib/freertos/list.c.obj
                0x100069e6                vListInitialiseItem
 .text.vListInsert
                0x100069ec       0x2e src/CMakeFiles/can.dir/__/lib/freertos/list.c.obj
                0x100069ec                vListInsert
 .text.uxListRemove
                0x10006a1a       0x24 src/CMakeFiles/can.dir/__/lib/freertos/list.c.obj
                0x10006a1a                uxListRemove
 .text.prvIsQueueFull
                0x10006a3e       0x1e src/CMakeFiles/can.dir/__/lib/freertos/queue.c.obj
 .text.prvIsQueueEmpty
                0x10006a5c       0x1c src/CMakeFiles/can.dir/__/lib/freertos/queue.c.obj
 .text.prvCopyDataToQueue
                0x10006a78       0x7e src/CMakeFiles/can.dir/__/lib/freertos/queue.c.obj
 .text.prvCopyDataFromQueue
                0x10006af6       0x24 src/CMakeFiles/can.dir/__/lib/freertos/queue.c.obj
 *fill*         0x10006b1a        0x2 
 .text.prvNotifyQueueSetContainer
                0x10006b1c       0xa8 src/CMakeFiles/can.dir/__/lib/freertos/queue.c.obj
 .text.prvUnlockQueue
                0x10006bc4       0x88 src/CMakeFiles/can.dir/__/lib/freertos/queue.c.obj
 .text.xQueueGenericReset
                0x10006c4c       0xd8 src/CMakeFiles/can.dir/__/lib/freertos/queue.c.obj
                0x10006c4c                xQueueGenericReset
 .text.prvInitialiseNewQueue
                0x10006d24       0x26 src/CMakeFiles/can.dir/__/lib/freertos/queue.c.obj
 *fill*         0x10006d4a        0x2 
 .text.xQueueGenericCreate
                0x10006d4c       0x90 src/CMakeFiles/can.dir/__/lib/freertos/queue.c.obj
                0x10006d4c                xQueueGenericCreate
 .text.xQueueGenericSend
                0x10006ddc      0x18c src/CMakeFiles/can.dir/__/lib/freertos/queue.c.obj
                0x10006ddc                xQueueGenericSend
 .text.xQueueGenericSendFromISR
                0x10006f68      0x13c src/CMakeFiles/can.dir/__/lib/freertos/queue.c.obj
                0x10006f68                xQueueGenericSendFromISR
 .text.xQueueReceive
                0x100070a4      0x150 src/CMakeFiles/can.dir/__/lib/freertos/queue.c.obj
                0x100070a4                xQueueReceive
 .text.vQueueAddToRegistry
                0x100071f4       0x68 src/CMakeFiles/can.dir/__/lib/freertos/queue.c.obj
                0x100071f4                vQueueAddToRegistry
 .text.vQueueWaitForMessageRestricted
                0x1000725c       0x50 src/CMakeFiles/can.dir/__/lib/freertos/queue.c.obj
                0x1000725c                vQueueWaitForMessageRestricted
 .text.prvResetNextTaskUnblockTime
                0x100072ac       0x2c src/CMakeFiles/can.dir/__/lib/freertos/tasks.c.obj
 .text.prvDeleteTCB
                0x100072d8       0x12 src/CMakeFiles/can.dir/__/lib/freertos/tasks.c.obj
 *fill*         0x100072ea        0x2 
 .text.prvInitialiseNewTask
                0x100072ec       0xb0 src/CMakeFiles/can.dir/__/lib/freertos/tasks.c.obj
 .text.prvCreateTask
                0x1000739c       0x56 src/CMakeFiles/can.dir/__/lib/freertos/tasks.c.obj
 *fill*         0x100073f2        0x2 
 .text.prvInitialiseTaskLists
                0x100073f4       0x68 src/CMakeFiles/can.dir/__/lib/freertos/tasks.c.obj
 .text.prvAddNewTaskToReadyList
                0x1000745c       0xc4 src/CMakeFiles/can.dir/__/lib/freertos/tasks.c.obj
 .text.prvCheckTasksWaitingTermination
                0x10007520       0x44 src/CMakeFiles/can.dir/__/lib/freertos/tasks.c.obj
 .text.prvIdleTask
                0x10007564       0x18 src/CMakeFiles/can.dir/__/lib/freertos/tasks.c.obj
 .text.prvAddCurrentTaskToDelayedList
                0x1000757c       0xa8 src/CMakeFiles/can.dir/__/lib/freertos/tasks.c.obj
 .text.xTaskCreate
                0x10007624       0x24 src/CMakeFiles/can.dir/__/lib/freertos/tasks.c.obj
                0x10007624                xTaskCreate
 .text.prvCreateIdleTasks
                0x10007648       0x54 src/CMakeFiles/can.dir/__/lib/freertos/tasks.c.obj
 .text.vTaskStartScheduler
                0x1000769c       0x64 src/CMakeFiles/can.dir/__/lib/freertos/tasks.c.obj
                0x1000769c                vTaskStartScheduler
 .text.vTaskSuspendAll
                0x10007700       0x10 src/CMakeFiles/can.dir/__/lib/freertos/tasks.c.obj
                0x10007700                vTaskSuspendAll
 .text.xTaskGetTickCount
                0x10007710        0xc src/CMakeFiles/can.dir/__/lib/freertos/tasks.c.obj
                0x10007710                xTaskGetTickCount
 .text.uxTaskGetNumberOfTasks
                0x1000771c        0xc src/CMakeFiles/can.dir/__/lib/freertos/tasks.c.obj
                0x1000771c                uxTaskGetNumberOfTasks
 .text.xTaskIncrementTick
                0x10007728      0x17c src/CMakeFiles/can.dir/__/lib/freertos/tasks.c.obj
                0x10007728                xTaskIncrementTick
 .text.xTaskResumeAll
                0x100078a4      0x160 src/CMakeFiles/can.dir/__/lib/freertos/tasks.c.obj
                0x100078a4                xTaskResumeAll
 .text.vTaskSwitchContext
                0x10007a04       0xa8 src/CMakeFiles/can.dir/__/lib/freertos/tasks.c.obj
                0x10007a04                vTaskSwitchContext
 .text.vTaskPlaceOnEventList
                0x10007aac       0x3c src/CMakeFiles/can.dir/__/lib/freertos/tasks.c.obj
                0x10007aac                vTaskPlaceOnEventList
 .text.vTaskPlaceOnUnorderedEventList
                0x10007ae8       0x80 src/CMakeFiles/can.dir/__/lib/freertos/tasks.c.obj
                0x10007ae8                vTaskPlaceOnUnorderedEventList
 .text.vTaskPlaceOnEventListRestricted
                0x10007b68       0x60 src/CMakeFiles/can.dir/__/lib/freertos/tasks.c.obj
                0x10007b68                vTaskPlaceOnEventListRestricted
 .text.xTaskRemoveFromEventList
                0x10007bc8      0x100 src/CMakeFiles/can.dir/__/lib/freertos/tasks.c.obj
                0x10007bc8                xTaskRemoveFromEventList
 .text.vTaskRemoveFromUnorderedEventList
                0x10007cc8       0xf4 src/CMakeFiles/can.dir/__/lib/freertos/tasks.c.obj
                0x10007cc8                vTaskRemoveFromUnorderedEventList
 .text.vTaskInternalSetTimeOutState
                0x10007dbc       0x18 src/CMakeFiles/can.dir/__/lib/freertos/tasks.c.obj
                0x10007dbc                vTaskInternalSetTimeOutState
 .text.xTaskCheckForTimeOut
                0x10007dd4       0xb4 src/CMakeFiles/can.dir/__/lib/freertos/tasks.c.obj
                0x10007dd4                xTaskCheckForTimeOut
 .text.vTaskMissedYield
                0x10007e88        0xc src/CMakeFiles/can.dir/__/lib/freertos/tasks.c.obj
                0x10007e88                vTaskMissedYield
 .text.xTaskGetCurrentTaskHandle
                0x10007e94        0xc src/CMakeFiles/can.dir/__/lib/freertos/tasks.c.obj
                0x10007e94                xTaskGetCurrentTaskHandle
 .text.xTaskGetSchedulerState
                0x10007ea0       0x24 src/CMakeFiles/can.dir/__/lib/freertos/tasks.c.obj
                0x10007ea0                xTaskGetSchedulerState
 .text.xTaskPriorityDisinherit
                0x10007ec4       0xc0 src/CMakeFiles/can.dir/__/lib/freertos/tasks.c.obj
                0x10007ec4                xTaskPriorityDisinherit
 .text.uxTaskResetEventItemValue
                0x10007f84       0x18 src/CMakeFiles/can.dir/__/lib/freertos/tasks.c.obj
                0x10007f84                uxTaskResetEventItemValue
 .text.prvGetNextExpireTime
                0x10007f9c       0x24 src/CMakeFiles/can.dir/__/lib/freertos/timers.c.obj
 .text.prvInsertTimerInActiveList
                0x10007fc0       0x48 src/CMakeFiles/can.dir/__/lib/freertos/timers.c.obj
 .text.prvReloadTimer
                0x10008008       0x28 src/CMakeFiles/can.dir/__/lib/freertos/timers.c.obj
 .text.prvProcessExpiredTimer
                0x10008030       0x3c src/CMakeFiles/can.dir/__/lib/freertos/timers.c.obj
 .text.prvSwitchTimerLists
                0x1000806c       0x30 src/CMakeFiles/can.dir/__/lib/freertos/timers.c.obj
 .text.prvSampleTimeNow
                0x1000809c       0x2c src/CMakeFiles/can.dir/__/lib/freertos/timers.c.obj
 .text.prvProcessTimerOrBlockTask
                0x100080c8       0x70 src/CMakeFiles/can.dir/__/lib/freertos/timers.c.obj
 .text.prvProcessReceivedCommands
                0x10008138      0x10c src/CMakeFiles/can.dir/__/lib/freertos/timers.c.obj
 .text.prvTimerTask
                0x10008244       0x16 src/CMakeFiles/can.dir/__/lib/freertos/timers.c.obj
 *fill*         0x1000825a        0x2 
 .text.prvCheckForValidListAndQueue
                0x1000825c       0x60 src/CMakeFiles/can.dir/__/lib/freertos/timers.c.obj
 .text.xTimerCreateTimerTask
                0x100082bc       0x58 src/CMakeFiles/can.dir/__/lib/freertos/timers.c.obj
                0x100082bc                xTimerCreateTimerTask
 .text.xTimerPendFunctionCallFromISR
                0x10008314       0x28 src/CMakeFiles/can.dir/__/lib/freertos/timers.c.obj
                0x10008314                xTimerPendFunctionCallFromISR
 .text.exception_is_compile_time_default
                0x1000833c       0x20 src/CMakeFiles/can.dir/home/jtag/.pico-sdk/sdk/2.0.0/src/rp2_common/hardware_exception/exception.c.obj
 .text.set_raw_exception_handler_and_restore_interrupts
                0x1000835c       0x18 src/CMakeFiles/can.dir/home/jtag/.pico-sdk/sdk/2.0.0/src/rp2_common/hardware_exception/exception.c.obj
 .text.exception_get_vtable_handler
                0x10008374       0x10 src/CMakeFiles/can.dir/home/jtag/.pico-sdk/sdk/2.0.0/src/rp2_common/hardware_exception/exception.c.obj
                0x10008374                exception_get_vtable_handler
 .text.exception_set_exclusive_handler
                0x10008384       0x44 src/CMakeFiles/can.dir/home/jtag/.pico-sdk/sdk/2.0.0/src/rp2_common/hardware_exception/exception.c.obj
                0x10008384                exception_set_exclusive_handler
 .text.rp2040_clear_reset
                0x100083c8       0x20 libcan2040.a(can2040.c.obj)
 .text.rp2040_gpio_peripheral
                0x100083e8       0x34 libcan2040.a(can2040.c.obj)
 .text.pio_sync_setup
                0x1000841c       0x40 libcan2040.a(can2040.c.obj)
 .text.pio_rx_setup
                0x1000845c       0x24 libcan2040.a(can2040.c.obj)
 .text.pio_match_setup
                0x10008480       0x34 libcan2040.a(can2040.c.obj)
 .text.pio_tx_setup
                0x100084b4       0x3c libcan2040.a(can2040.c.obj)
 .text.pio_sync_normal_start_signal
                0x100084f0        0xc libcan2040.a(can2040.c.obj)
 .text.pio_sync_slow_start_signal
                0x100084fc        0xc libcan2040.a(can2040.c.obj)
 .text.pio_rx_check_stall
                0x10008508        0xa libcan2040.a(can2040.c.obj)
 .text.pio_match_check
                0x10008512        0x6 libcan2040.a(can2040.c.obj)
 .text.pio_match_calc_key
                0x10008518        0xc libcan2040.a(can2040.c.obj)
 .text.pio_match_clear
                0x10008524        0xa libcan2040.a(can2040.c.obj)
 *fill*         0x1000852e        0x2 
 .text.pio_tx_reset
                0x10008530       0x20 libcan2040.a(can2040.c.obj)
 .text.pio_tx_send
                0x10008550       0x48 libcan2040.a(can2040.c.obj)
 .text.pio_tx_inject_ack
                0x10008598       0x50 libcan2040.a(can2040.c.obj)
 .text.pio_tx_did_fail
                0x100085e8       0x42 libcan2040.a(can2040.c.obj)
 .text.pio_irq_set
                0x1000862a        0xe libcan2040.a(can2040.c.obj)
 .text.pio_irq_get
                0x10008638        0xa libcan2040.a(can2040.c.obj)
 .text.pio_signal_set_txpending
                0x10008642        0x8 libcan2040.a(can2040.c.obj)
 .text.pio_signal_clear_txpending
                0x1000864a        0x8 libcan2040.a(can2040.c.obj)
 *fill*         0x10008652        0x2 
 .text.pio_sm_setup
                0x10008654       0x58 libcan2040.a(can2040.c.obj)
 .text.pio_setup
                0x100086ac       0x66 libcan2040.a(can2040.c.obj)
 *fill*         0x10008712        0x2 
 .text.crc_byte
                0x10008714       0x1c libcan2040.a(can2040.c.obj)
 .text.crc_bytes
                0x10008730       0x2a libcan2040.a(can2040.c.obj)
 .text.unstuf_add_bits
                0x1000875a       0x16 libcan2040.a(can2040.c.obj)
 .text.unstuf_set_count
                0x10008770        0x8 libcan2040.a(can2040.c.obj)
 .text.unstuf_clear_state
                0x10008778       0x14 libcan2040.a(can2040.c.obj)
 .text.unstuf_restore_state
                0x1000878c       0x16 libcan2040.a(can2040.c.obj)
 .text.unstuf_get_raw
                0x100087a2        0xa libcan2040.a(can2040.c.obj)
 .text.bitstuff
                0x100087ac       0x64 libcan2040.a(can2040.c.obj)
 .text.tx_qpos  0x10008810        0x6 libcan2040.a(can2040.c.obj)
 .text.tx_inject_ack
                0x10008816        0xc libcan2040.a(can2040.c.obj)
 .text.tx_check_local_message
                0x10008822       0x7e libcan2040.a(can2040.c.obj)
 .text.report_callback_error
                0x100088a0       0x24 libcan2040.a(can2040.c.obj)
 .text.report_callback_rx_msg
                0x100088c4       0x16 libcan2040.a(can2040.c.obj)
 .text.report_callback_tx_msg
                0x100088da       0x1c libcan2040.a(can2040.c.obj)
 .text.report_handle_eof
                0x100088f6       0x30 libcan2040.a(can2040.c.obj)
 .text.report_is_not_in_tx
                0x10008926        0xc libcan2040.a(can2040.c.obj)
 .text.report_note_message_start
                0x10008932        0xc libcan2040.a(can2040.c.obj)
 .text.report_note_crc_start
                0x1000893e       0x4e libcan2040.a(can2040.c.obj)
 .text.report_note_crc_success
                0x1000898c       0x14 libcan2040.a(can2040.c.obj)
 .text.report_note_ack_success
                0x100089a0        0xe libcan2040.a(can2040.c.obj)
 .text.report_note_eof_success
                0x100089ae       0x1c libcan2040.a(can2040.c.obj)
 .text.report_note_discarding
                0x100089ca       0x26 libcan2040.a(can2040.c.obj)
 .text.data_state_clear_bits
                0x100089f0        0xa libcan2040.a(can2040.c.obj)
 .text.data_state_go_next
                0x100089fa        0xe libcan2040.a(can2040.c.obj)
 .text.data_state_go_discard
                0x10008a08       0x34 libcan2040.a(can2040.c.obj)
 .text.data_state_go_error
                0x10008a3c        0xe libcan2040.a(can2040.c.obj)
 .text.data_state_line_error
                0x10008a4a       0x14 libcan2040.a(can2040.c.obj)
 .text.data_state_line_passive
                0x10008a5e       0x4e libcan2040.a(can2040.c.obj)
 .text.data_state_go_crc
                0x10008aac       0x5c libcan2040.a(can2040.c.obj)
 .text.data_state_go_data
                0x10008b08       0x48 libcan2040.a(can2040.c.obj)
 .text.data_state_update_start
                0x10008b50       0x16 libcan2040.a(can2040.c.obj)
 .text.data_state_update_header
                0x10008b66       0x3a libcan2040.a(can2040.c.obj)
 .text.data_state_update_ext_header
                0x10008ba0       0x4c libcan2040.a(can2040.c.obj)
 .text.data_state_update_crc
                0x10008bec       0x2e libcan2040.a(can2040.c.obj)
 .text.data_state_update_ack
                0x10008c1a       0x2c libcan2040.a(can2040.c.obj)
 .text.data_state_update_eof0
                0x10008c46       0x2c libcan2040.a(can2040.c.obj)
 .text.data_state_update_eof1
                0x10008c72       0x3e libcan2040.a(can2040.c.obj)
 .text.data_state_update_discard
                0x10008cb0        0x8 libcan2040.a(can2040.c.obj)
 .text.unstuf_pull_bits
                0x10008cb8       0xbc libcan2040.a(can2040.c.obj)
 .text.tx_schedule_transmit
                0x10008d74       0x6a libcan2040.a(can2040.c.obj)
 .text.report_line_ackdone
                0x10008dde       0x30 libcan2040.a(can2040.c.obj)
 .text.report_line_matched
                0x10008e0e       0x26 libcan2040.a(can2040.c.obj)
 .text.report_line_maytx
                0x10008e34       0x20 libcan2040.a(can2040.c.obj)
 .text.report_line_txpending
                0x10008e54       0x50 libcan2040.a(can2040.c.obj)
 .text.data_state_update_data0
                0x10008ea4       0x4a libcan2040.a(can2040.c.obj)
 .text.data_state_update_data1
                0x10008eee       0x32 libcan2040.a(can2040.c.obj)
 .text.data_state_update
                0x10008f20       0x50 libcan2040.a(can2040.c.obj)
 .text.process_rx
                0x10008f70       0x46 libcan2040.a(can2040.c.obj)
 .text.can2040_pio_irq_handler
                0x10008fb6       0x54 libcan2040.a(can2040.c.obj)
                0x10008fb6                can2040_pio_irq_handler
 *fill*         0x1000900a        0x2 
 .text.can2040_setup
                0x1000900c       0x2c libcan2040.a(can2040.c.obj)
                0x1000900c                can2040_setup
 .text.can2040_callback_config
                0x10009038        0x4 libcan2040.a(can2040.c.obj)
                0x10009038                can2040_callback_config
 .text.can2040_start
                0x1000903c       0x24 libcan2040.a(can2040.c.obj)
                0x1000903c                can2040_start
 .text.strlen   0x10009060       0x5c /home/jtag/.pico-sdk/toolchain/13_2_Rel1/bin/../lib/gcc/arm-none-eabi/13.2.1/../../../../arm-none-eabi/lib/thumb/v6-m/nofp/libg.a(libc_a-strlen-stub.o)
                0x10009060                strlen
 *(.fini)
 .fini          0x100090bc        0x4 /home/jtag/.pico-sdk/toolchain/13_2_Rel1/bin/../lib/gcc/arm-none-eabi/13.2.1/thumb/v6-m/nofp/crti.o
                0x100090bc                _fini
 .fini.__stub   0x100090c0       0xd0 linker stubs
 *crtbegin.o(.ctors)
 *crtbegin?.o(.ctors)
 *(EXCLUDE_FILE(*crtend.o *crtend?.o) .ctors)
 *(SORT_BY_NAME(.ctors.*))
 *(.ctors)
 *crtbegin.o(.dtors)
 *crtbegin?.o(.dtors)
 *(EXCLUDE_FILE(*crtend.o *crtend?.o) .dtors)
 *(SORT_BY_NAME(.dtors.*))
 *(.dtors)
                0x10009190                        . = ALIGN (0x4)
                0x10009190                        PROVIDE (__preinit_array_start = .)
 *(SORT_BY_NAME(.preinit_array.*))
 .preinit_array.00100
                0x10009190        0x4 src/CMakeFiles/can.dir/home/jtag/.pico-sdk/sdk/2.0.0/src/rp2_common/pico_runtime_init/runtime_init.c.obj
                0x10009190                __pre_init_runtime_init_early_resets
 .preinit_array.00101
                0x10009194        0x4 src/CMakeFiles/can.dir/home/jtag/.pico-sdk/sdk/2.0.0/src/rp2_common/pico_runtime_init/runtime_init.c.obj
                0x10009194                __pre_init_runtime_init_usb_power_down
 .preinit_array.00275
                0x10009198        0x4 src/CMakeFiles/can.dir/home/jtag/.pico-sdk/sdk/2.0.0/src/rp2_common/pico_bit_ops/bit_ops_aeabi.S.obj
 .preinit_array.00300
                0x1000919c        0x4 src/CMakeFiles/can.dir/home/jtag/.pico-sdk/sdk/2.0.0/src/rp2_common/pico_mem_ops/mem_ops_aeabi.S.obj
 .preinit_array.00350
                0x100091a0        0x4 src/CMakeFiles/can.dir/home/jtag/.pico-sdk/sdk/2.0.0/src/rp2_common/pico_double/double_aeabi_rp2040.S.obj
 .preinit_array.00350
                0x100091a4        0x4 src/CMakeFiles/can.dir/home/jtag/.pico-sdk/sdk/2.0.0/src/rp2_common/pico_float/float_aeabi_rp2040.S.obj
 .preinit_array.00500
                0x100091a8        0x4 src/CMakeFiles/can.dir/home/jtag/.pico-sdk/sdk/2.0.0/src/rp2_common/pico_runtime_init/runtime_init.c.obj
                0x100091a8                __pre_init_runtime_init_clocks
 .preinit_array.00600
                0x100091ac        0x4 src/CMakeFiles/can.dir/home/jtag/.pico-sdk/sdk/2.0.0/src/rp2_common/pico_runtime_init/runtime_init.c.obj
                0x100091ac                __pre_init_runtime_init_post_clock_resets
 .preinit_array.00700
                0x100091b0        0x4 src/CMakeFiles/can.dir/home/jtag/.pico-sdk/sdk/2.0.0/src/rp2_common/pico_runtime_init/runtime_init.c.obj
                0x100091b0                __pre_init_runtime_init_rp2040_gpio_ie_disable
 .preinit_array.01000
                0x100091b4        0x4 src/CMakeFiles/can.dir/home/jtag/.pico-sdk/sdk/2.0.0/src/rp2_common/pico_runtime_init/runtime_init.c.obj
                0x100091b4                __pre_init_runtime_init_spin_locks_reset
 .preinit_array.01100
                0x100091b8        0x4 src/CMakeFiles/can.dir/home/jtag/.pico-sdk/sdk/2.0.0/src/common/pico_sync/mutex.c.obj
                0x100091b8                __pre_init_runtime_init_mutex
 .preinit_array.10080
                0x100091bc        0x4 src/CMakeFiles/can.dir/home/jtag/.pico-sdk/sdk/2.0.0/src/rp2_common/pico_runtime_init/runtime_init.c.obj
                0x100091bc                __pre_init_runtime_init_install_ram_vector_table
 .preinit_array.11000
                0x100091c0        0x4 src/CMakeFiles/can.dir/home/jtag/.pico-sdk/sdk/2.0.0/src/common/pico_time/time.c.obj
                0x100091c0                __pre_init_runtime_init_default_alarm_pool
 .preinit_array.YYYYY
                0x100091c4        0x4 src/CMakeFiles/can.dir/home/jtag/.pico-sdk/sdk/2.0.0/src/rp2_common/pico_runtime/runtime.c.obj
                0x100091c4                __pre_init_first_per_core_initializer
 .preinit_array.ZZZZZ.01200
                0x100091c8        0x4 src/CMakeFiles/can.dir/home/jtag/.pico-sdk/sdk/2.0.0/src/rp2_common/hardware_irq/irq.c.obj
                0x100091c8                __pre_init_runtime_init_per_core_irq_priorities
 *(.preinit_array)
                0x100091cc                        PROVIDE (__preinit_array_end = .)
                0x100091cc                        . = ALIGN (0x4)
                0x100091cc                        PROVIDE (__init_array_start = .)
 *(SORT_BY_NAME(.init_array.*))
 *(.init_array)
 .init_array    0x100091cc        0x4 /home/jtag/.pico-sdk/toolchain/13_2_Rel1/bin/../lib/gcc/arm-none-eabi/13.2.1/thumb/v6-m/nofp/crtbegin.o
 .init_array    0x100091d0        0x4 src/CMakeFiles/can.dir/home/jtag/.pico-sdk/sdk/2.0.0/src/rp2_common/pico_unique_id/unique_id.c.obj
 .init_array    0x100091d4        0x4 src/CMakeFiles/can.dir/__/lib/freertos/portable/ThirdParty/GCC/RP2040/port.c.obj
                0x100091d8                        PROVIDE (__init_array_end = .)
                0x100091d8                        . = ALIGN (0x4)
                [!provide]                        PROVIDE (__fini_array_start = .)
 *(SORT_BY_NAME(.fini_array.*))
 *(.fini_array)
                [!provide]                        PROVIDE (__fini_array_end = .)
 *(.eh_frame*)
 .eh_frame      0x100091d8        0x0 /home/jtag/.pico-sdk/toolchain/13_2_Rel1/bin/../lib/gcc/arm-none-eabi/13.2.1/thumb/v6-m/nofp/crtbegin.o
                0x100091d8                        . = ALIGN (0x4)

.glue_7         0x100091d8        0x0
 .glue_7        0x100091d8        0x0 linker stubs

.glue_7t        0x100091d8        0x0
 .glue_7t       0x100091d8        0x0 linker stubs

.vfp11_veneer   0x100091d8        0x0
 .vfp11_veneer  0x100091d8        0x0 linker stubs

.v4_bx          0x100091d8        0x0
 .v4_bx         0x100091d8        0x0 linker stubs

.iplt           0x100091d8        0x0
 .iplt          0x100091d8        0x0 /home/jtag/.pico-sdk/toolchain/13_2_Rel1/bin/../lib/gcc/arm-none-eabi/13.2.1/thumb/v6-m/nofp/crtbegin.o

.rodata         0x100091d8     0x2310
 *(EXCLUDE_FILE(*libm.a: *libc.a:*lib_a-mem*.o *libgcc.a:) .rodata*)
 .rodata.receive_task.str1.4
                0x100091d8     0x15d5 src/CMakeFiles/can.dir/can.c.obj
                                 0x13 (size before relaxing)
 .rodata.main.str1.4
                0x1000a7ad        0xd src/CMakeFiles/can.dir/can.c.obj
 .rodata.rp2040_chip_version.str1.4
                0x1000a7ad       0x79 src/CMakeFiles/can.dir/home/jtag/.pico-sdk/sdk/2.0.0/src/rp2040/pico_platform/platform.c.obj
 *fill*         0x1000a7ad        0x3 
 .rodata.__func__.0
                0x1000a7b0       0x14 src/CMakeFiles/can.dir/home/jtag/.pico-sdk/sdk/2.0.0/src/rp2040/pico_platform/platform.c.obj
 .rodata.panic.str1.4
                0x1000a7c4       0x12 src/CMakeFiles/can.dir/home/jtag/.pico-sdk/sdk/2.0.0/src/rp2_common/pico_platform_panic/panic.c.obj
 .rodata.panic_unsupported.str1.4
                0x1000a7c4        0xe src/CMakeFiles/can.dir/home/jtag/.pico-sdk/sdk/2.0.0/src/rp2_common/pico_platform_panic/panic.c.obj
 .rodata.spin_lock_claim_unused.str1.4
                0x1000a7c4       0x1b src/CMakeFiles/can.dir/home/jtag/.pico-sdk/sdk/2.0.0/src/rp2_common/hardware_sync/sync.c.obj
 .rodata.resolve_j_16.str1.4
                0x1000a7c4       0x59 src/CMakeFiles/can.dir/home/jtag/.pico-sdk/sdk/2.0.0/src/rp2_common/hardware_irq/irq.c.obj
 .rodata.make_j_16.str1.4
                0x1000a7c4       0x30 src/CMakeFiles/can.dir/home/jtag/.pico-sdk/sdk/2.0.0/src/rp2_common/hardware_irq/irq.c.obj
 .rodata.irq_set_exclusive_handler.str1.4
                0x1000a7c4       0x36 src/CMakeFiles/can.dir/home/jtag/.pico-sdk/sdk/2.0.0/src/rp2_common/hardware_irq/irq.c.obj
 .rodata.irq_add_shared_handler.str1.4
                0x1000a7c4       0xd2 src/CMakeFiles/can.dir/home/jtag/.pico-sdk/sdk/2.0.0/src/rp2_common/hardware_irq/irq.c.obj
 .rodata.irq_add_tail_to_free_list.str1.4
                0x1000a7c4       0x3a src/CMakeFiles/can.dir/home/jtag/.pico-sdk/sdk/2.0.0/src/rp2_common/hardware_irq/irq.c.obj
 .rodata.user_irq_claim_unused.str1.4
                0x1000a7c4       0x1b src/CMakeFiles/can.dir/home/jtag/.pico-sdk/sdk/2.0.0/src/rp2_common/hardware_irq/irq.c.obj
 .rodata.__func__.0
                0x1000a7c4       0x1a src/CMakeFiles/can.dir/home/jtag/.pico-sdk/sdk/2.0.0/src/rp2_common/hardware_irq/irq.c.obj
 *fill*         0x1000a7de        0x2 
 .rodata.__func__.3
                0x1000a7e0        0xa src/CMakeFiles/can.dir/home/jtag/.pico-sdk/sdk/2.0.0/src/rp2_common/hardware_irq/irq.c.obj
 *fill*         0x1000a7ea        0x2 
 .rodata.__func__.4
                0x1000a7ec        0xd src/CMakeFiles/can.dir/home/jtag/.pico-sdk/sdk/2.0.0/src/rp2_common/hardware_irq/irq.c.obj
 *fill*         0x1000a7f9        0x3 
 .rodata.__func__.5
                0x1000a7fc       0x17 src/CMakeFiles/can.dir/home/jtag/.pico-sdk/sdk/2.0.0/src/rp2_common/hardware_irq/irq.c.obj
 *fill*         0x1000a813        0x1 
 .rodata.__func__.6
                0x1000a814       0x1a src/CMakeFiles/can.dir/home/jtag/.pico-sdk/sdk/2.0.0/src/rp2_common/hardware_irq/irq.c.obj
 .rodata.runtime_init_mutex.str1.4
                0x1000a82e       0x5c src/CMakeFiles/can.dir/home/jtag/.pico-sdk/sdk/2.0.0/src/common/pico_sync/mutex.c.obj
 .rodata.str1.4
                0x1000a82e       0x51 src/CMakeFiles/can.dir/home/jtag/.pico-sdk/sdk/2.0.0/src/common/pico_sync/mutex.c.obj
 *fill*         0x1000a82e        0x2 
 .rodata.__func__.1
                0x1000a830        0xb src/CMakeFiles/can.dir/home/jtag/.pico-sdk/sdk/2.0.0/src/common/pico_sync/mutex.c.obj
 *fill*         0x1000a83b        0x1 
 .rodata.__func__.3
                0x1000a83c       0x18 src/CMakeFiles/can.dir/home/jtag/.pico-sdk/sdk/2.0.0/src/common/pico_sync/mutex.c.obj
 .rodata.__func__.6
                0x1000a854       0x13 src/CMakeFiles/can.dir/home/jtag/.pico-sdk/sdk/2.0.0/src/common/pico_sync/mutex.c.obj
 .rodata.alarm_pool_irq_handler.str1.4
                0x1000a867       0x67 src/CMakeFiles/can.dir/home/jtag/.pico-sdk/sdk/2.0.0/src/common/pico_time/time.c.obj
 .rodata.alarm_pool_get_default.str1.4
                0x1000a867       0x21 src/CMakeFiles/can.dir/home/jtag/.pico-sdk/sdk/2.0.0/src/common/pico_time/time.c.obj
 *fill*         0x1000a867        0x1 
 .rodata.__func__.1
                0x1000a868       0x17 src/CMakeFiles/can.dir/home/jtag/.pico-sdk/sdk/2.0.0/src/common/pico_time/time.c.obj
 *fill*         0x1000a87f        0x1 
 .rodata.__func__.2
                0x1000a880       0x17 src/CMakeFiles/can.dir/home/jtag/.pico-sdk/sdk/2.0.0/src/common/pico_time/time.c.obj
 .rodata.timer_hardware_alarm_claim.str1.4
                0x1000a897       0x22 src/CMakeFiles/can.dir/home/jtag/.pico-sdk/sdk/2.0.0/src/rp2_common/hardware_timer/timer.c.obj
 .rodata.pll_init.str1.4
                0x1000a897      0x118 src/CMakeFiles/can.dir/home/jtag/.pico-sdk/sdk/2.0.0/src/rp2_common/hardware_pll/pll.c.obj
 *fill*         0x1000a897        0x1 
 .rodata.__func__.0
                0x1000a898        0x9 src/CMakeFiles/can.dir/home/jtag/.pico-sdk/sdk/2.0.0/src/rp2_common/hardware_pll/pll.c.obj
 .rodata.missing_double_func_shim.str1.4
                0x1000a8a1       0x18 src/CMakeFiles/can.dir/home/jtag/.pico-sdk/sdk/2.0.0/src/rp2_common/pico_double/double_init_rom_rp2040.c.obj
 .rodata.__aeabi_double_init.str1.4
                0x1000a8a1       0x97 src/CMakeFiles/can.dir/home/jtag/.pico-sdk/sdk/2.0.0/src/rp2_common/pico_double/double_init_rom_rp2040.c.obj
 *fill*         0x1000a8a1        0x3 
 .rodata.__func__.0
                0x1000a8a4       0x14 src/CMakeFiles/can.dir/home/jtag/.pico-sdk/sdk/2.0.0/src/rp2_common/pico_double/double_init_rom_rp2040.c.obj
 .rodata.missing_float_func_shim.str1.4
                0x1000a8b8        0x1 src/CMakeFiles/can.dir/home/jtag/.pico-sdk/sdk/2.0.0/src/rp2_common/pico_float/float_init_rom_rp2040.c.obj
 .rodata.__aeabi_float_init.str1.4
                0x1000a8b8       0x85 src/CMakeFiles/can.dir/home/jtag/.pico-sdk/sdk/2.0.0/src/rp2_common/pico_float/float_init_rom_rp2040.c.obj
 .rodata.__func__.0
                0x1000a8b8       0x13 src/CMakeFiles/can.dir/home/jtag/.pico-sdk/sdk/2.0.0/src/rp2_common/pico_float/float_init_rom_rp2040.c.obj
 .rodata.str1.4
                0x1000a8cb       0x30 src/CMakeFiles/can.dir/home/jtag/.pico-sdk/sdk/2.0.0/src/rp2_common/pico_standard_binary_info/standard_binary_info.c.obj
 *fill*         0x1000a8cb        0x1 
 .rodata.__bi_84
                0x1000a8cc        0xc src/CMakeFiles/can.dir/home/jtag/.pico-sdk/sdk/2.0.0/src/rp2_common/pico_standard_binary_info/standard_binary_info.c.obj
 .rodata.__bi_60