Archive member included to satisfy reference by file (symbol)

libcan2040.a(can2040.c.obj)   src/CMakeFiles/can.dir/can.c.obj (can2040_pio_irq_handler)
/home/jtag/.pico-sdk/toolchain/13_2_Rel1/bin/../lib/gcc/arm-none-eabi/13.2.1/thumb/v6-m/nofp/libgcc.a(_dvmd_tls.o)
                              src/CMakeFiles/can.dir/home/jtag/.pico-sdk/sdk/2.0.0/src/rp2_common/pico_divider/divider_hardware.S.obj (__aeabi_idiv0)
/home/jtag/.pico-sdk/toolchain/13_2_Rel1/bin/../lib/gcc/arm-none-eabi/13.2.1/../../../../arm-none-eabi/lib/thumb/v6-m/nofp/libg.a(libc_a-strncmp.o)
                              src/CMakeFiles/can.dir/home/jtag/.pico-sdk/sdk/2.0.0/lib/cyw43-driver/src/cyw43_ll.c.obj (strncmp)
/home/jtag/.pico-sdk/toolchain/13_2_Rel1/bin/../lib/gcc/arm-none-eabi/13.2.1/../../../../arm-none-eabi/lib/thumb/v6-m/nofp/libg.a(libc_a-lcltime_r.o)
                              src/CMakeFiles/can.dir/home/jtag/.pico-sdk/sdk/2.0.0/src/common/pico_util/datetime.c.obj (localtime_r)
/home/jtag/.pico-sdk/toolchain/13_2_Rel1/bin/../lib/gcc/arm-none-eabi/13.2.1/../../../../arm-none-eabi/lib/thumb/v6-m/nofp/libg.a(libc_a-mktime.o)
                              src/CMakeFiles/can.dir/home/jtag/.pico-sdk/sdk/2.0.0/src/common/pico_util/datetime.c.obj (mktime)
/home/jtag/.pico-sdk/toolchain/13_2_Rel1/bin/../lib/gcc/arm-none-eabi/13.2.1/../../../../arm-none-eabi/lib/thumb/v6-m/nofp/libg.a(libc_a-month_lengths.o)
                              /home/jtag/.pico-sdk/toolchain/13_2_Rel1/bin/../lib/gcc/arm-none-eabi/13.2.1/../../../../arm-none-eabi/lib/thumb/v6-m/nofp/libg.a(libc_a-lcltime_r.o) (__month_lengths)
/home/jtag/.pico-sdk/toolchain/13_2_Rel1/bin/../lib/gcc/arm-none-eabi/13.2.1/../../../../arm-none-eabi/lib/thumb/v6-m/nofp/libg.a(libc_a-tzcalc_limits.o)
                              /home/jtag/.pico-sdk/toolchain/13_2_Rel1/bin/../lib/gcc/arm-none-eabi/13.2.1/../../../../arm-none-eabi/lib/thumb/v6-m/nofp/libg.a(libc_a-lcltime_r.o) (__tzcalc_limits)
/home/jtag/.pico-sdk/toolchain/13_2_Rel1/bin/../lib/gcc/arm-none-eabi/13.2.1/../../../../arm-none-eabi/lib/thumb/v6-m/nofp/libg.a(libc_a-tzlock.o)
                              /home/jtag/.pico-sdk/toolchain/13_2_Rel1/bin/../lib/gcc/arm-none-eabi/13.2.1/../../../../arm-none-eabi/lib/thumb/v6-m/nofp/libg.a(libc_a-lcltime_r.o) (__tz_lock)
/home/jtag/.pico-sdk/toolchain/13_2_Rel1/bin/../lib/gcc/arm-none-eabi/13.2.1/../../../../arm-none-eabi/lib/thumb/v6-m/nofp/libg.a(libc_a-malloc.o)
                              src/CMakeFiles/can.dir/home/jtag/.pico-sdk/sdk/2.0.0/src/rp2_common/pico_malloc/malloc.c.obj (malloc)
/home/jtag/.pico-sdk/toolchain/13_2_Rel1/bin/../lib/gcc/arm-none-eabi/13.2.1/../../../../arm-none-eabi/lib/thumb/v6-m/nofp/libg.a(libc_a-mallocr.o)
                              /home/jtag/.pico-sdk/toolchain/13_2_Rel1/bin/../lib/gcc/arm-none-eabi/13.2.1/../../../../arm-none-eabi/lib/thumb/v6-m/nofp/libg.a(libc_a-malloc.o) (_malloc_r)
/home/jtag/.pico-sdk/toolchain/13_2_Rel1/bin/../lib/gcc/arm-none-eabi/13.2.1/../../../../arm-none-eabi/lib/thumb/v6-m/nofp/libg.a(libc_a-memcmp.o)
                              src/CMakeFiles/can.dir/home/jtag/.pico-sdk/sdk/2.0.0/src/rp2_common/pico_atomic/atomic.c.obj (memcmp)
/home/jtag/.pico-sdk/toolchain/13_2_Rel1/bin/../lib/gcc/arm-none-eabi/13.2.1/../../../../arm-none-eabi/lib/thumb/v6-m/nofp/libg.a(libc_a-memmove.o)
                              src/CMakeFiles/can.dir/home/jtag/.pico-sdk/sdk/2.0.0/lib/cyw43-driver/src/cyw43_ll.c.obj (memmove)
/home/jtag/.pico-sdk/toolchain/13_2_Rel1/bin/../lib/gcc/arm-none-eabi/13.2.1/../../../../arm-none-eabi/lib/thumb/v6-m/nofp/libg.a(libc_a-tzset.o)
                              /home/jtag/.pico-sdk/toolchain/13_2_Rel1/bin/../lib/gcc/arm-none-eabi/13.2.1/../../../../arm-none-eabi/lib/thumb/v6-m/nofp/libg.a(libc_a-lcltime_r.o) (_tzset_unlocked)
/home/jtag/.pico-sdk/toolchain/13_2_Rel1/bin/../lib/gcc/arm-none-eabi/13.2.1/../../../../arm-none-eabi/lib/thumb/v6-m/nofp/libg.a(libc_a-tzset_r.o)
                              /home/jtag/.pico-sdk/toolchain/13_2_Rel1/bin/../lib/gcc/arm-none-eabi/13.2.1/../../../../arm-none-eabi/lib/thumb/v6-m/nofp/libg.a(libc_a-tzset.o) (_tzset_unlocked_r)
/home/jtag/.pico-sdk/toolchain/13_2_Rel1/bin/../lib/gcc/arm-none-eabi/13.2.1/../../../../arm-none-eabi/lib/thumb/v6-m/nofp/libg.a(libc_a-init.o)
                              /home/jtag/.pico-sdk/toolchain/13_2_Rel1/bin/../lib/gcc/arm-none-eabi/13.2.1/../../../../arm-none-eabi/lib/thumb/v6-m/nofp/crt0.o (__libc_init_array)
/home/jtag/.pico-sdk/toolchain/13_2_Rel1/bin/../lib/gcc/arm-none-eabi/13.2.1/../../../../arm-none-eabi/lib/thumb/v6-m/nofp/libg.a(libc_a-tzvars.o)
                              /home/jtag/.pico-sdk/toolchain/13_2_Rel1/bin/../lib/gcc/arm-none-eabi/13.2.1/../../../../arm-none-eabi/lib/thumb/v6-m/nofp/libg.a(libc_a-tzset_r.o) (_timezone)
/home/jtag/.pico-sdk/toolchain/13_2_Rel1/bin/../lib/gcc/arm-none-eabi/13.2.1/../../../../arm-none-eabi/lib/thumb/v6-m/nofp/libg.a(libc_a-lock.o)
[...]
Memory Configuration

Name             Origin             Length             Attributes
FLASH            0x10000000         0x00200000         xr
RAM              0x20000000         0x00040000         xrw
SCRATCH_X        0x20040000         0x00001000         xrw
SCRATCH_Y        0x20041000         0x00001000         xrw
*default*        0x00000000         0xffffffff

Linker script and memory map

LOAD /home/jtag/.pico-sdk/toolchain/13_2_Rel1/bin/../lib/gcc/arm-none-eabi/13.2.1/thumb/v6-m/nofp/crti.o
LOAD /home/jtag/.pico-sdk/toolchain/13_2_Rel1/bin/../lib/gcc/arm-none-eabi/13.2.1/thumb/v6-m/nofp/crtbegin.o
LOAD /home/jtag/.pico-sdk/toolchain/13_2_Rel1/bin/../lib/gcc/arm-none-eabi/13.2.1/../../../../arm-none-eabi/lib/thumb/v6-m/nofp/crt0.o

.flash_begin    0x10000000        0x0
                0x10000000                        __flash_binary_start = .

.boot2          0x10000000      0x100
                0x10000000                        __boot2_start__ = .
 *(.boot2)
 .boot2         0x10000000      0x100 /tmp/cc0DjbNn.o
                0x10000100                        __boot2_end__ = .
                0x00000001                        ASSERT (((__boot2_end__ - __boot2_start__) == 0x100), ERROR: Pico second stage bootloader must be 256 bytes in size)

.text           0x10000100     0x5108
                0x10000100                        __logical_binary_start = .
 *(.vectors)
 .vectors       0x10000100       0xd4 src/CMakeFiles/can.dir/home/jtag/.pico-sdk/sdk/2.0.0/src/rp2_common/pico_crt0/crt0.S.obj
                0x10000100                __vectors
                0x10000100                __VECTOR_TABLE
                0x100001c0                isr_invalid
                0x100001c0                __default_isrs_start
                0x100001c2                isr_nmi
                0x100001c4                isr_hardfault
                0x100001c6                isr_svcall
                0x100001c8                isr_pendsv
                0x100001ca                isr_systick
                0x100001cc                isr_irq30
                0x100001cc                __unhandled_user_irq
                0x100001cc                isr_irq13
                0x100001cc                isr_irq27
                0x100001cc                isr_irq31
                0x100001cc                isr_irq5
                0x100001cc                isr_irq11
                0x100001cc                isr_irq23
                0x100001cc                isr_irq18
                0x100001cc                isr_irq28
                0x100001cc                isr_irq19
                0x100001cc                isr_irq0
                0x100001cc                isr_irq6
                0x100001cc                isr_irq22
                0x100001cc                isr_irq17
                0x100001cc                isr_irq14
                0x100001cc                isr_irq2
                0x100001cc                isr_irq10
                0x100001cc                isr_irq8
                0x100001cc                isr_irq24
                0x100001cc                isr_irq1
                0x100001cc                isr_irq7
                0x100001cc                isr_irq21
                0x100001cc                isr_irq20
                0x100001cc                isr_irq15
                0x100001cc                isr_irq25
                0x100001cc                isr_irq4
                0x100001cc                isr_irq16
                0x100001cc                isr_irq29
                0x100001cc                isr_irq26
                0x100001cc                __default_isrs_end
                0x100001cc                isr_irq3
                0x100001cc                isr_irq12
                0x100001cc                isr_irq9
                0x100001d2                unhandled_user_irq_num_in_r0
 *(.binary_info_header)
 .binary_info_header
                0x100001d4       0x14 src/CMakeFiles/can.dir/home/jtag/.pico-sdk/sdk/2.0.0/src/rp2_common/pico_crt0/crt0.S.obj
                0x100001e8                        __binary_info_header_end = .
 *(.embedded_block)
                0x100001e8                        __embedded_block_end = .
 *(.reset)
 .reset         0x100001e8       0x9c src/CMakeFiles/can.dir/home/jtag/.pico-sdk/sdk/2.0.0/src/rp2_common/pico_crt0/crt0.S.obj
                0x100001e8                _entry_point
 *(.init)
 .init          0x10000284        0x4 /home/jtag/.pico-sdk/toolchain/13_2_Rel1/bin/../lib/gcc/arm-none-eabi/13.2.1/thumb/v6-m/nofp/crti.o
                0x10000284                _init
 *(EXCLUDE_FILE(*libm.a: *libc.a:*lib_a-mem*.o *libgcc.a:) .text*)
 .text.register_tm_clones
                0x10000288       0x28 /home/jtag/.pico-sdk/toolchain/13_2_Rel1/bin/../lib/gcc/arm-none-eabi/13.2.1/thumb/v6-m/nofp/crtbegin.o
 .text.frame_dummy
                0x100002b0       0x24 /home/jtag/.pico-sdk/toolchain/13_2_Rel1/bin/../lib/gcc/arm-none-eabi/13.2.1/thumb/v6-m/nofp/crtbegin.o
 .text.PIOx_IRQHandler
                0x100002d4       0x10 src/CMakeFiles/can.dir/can.c.obj
 .text.can2040_cb
                0x100002e4       0x2c src/CMakeFiles/can.dir/can.c.obj
 .text.canbus_setup
                0x10000310       0x58 src/CMakeFiles/can.dir/can.c.obj
                0x10000310                canbus_setup
 .text.main     0x10000368       0x30 src/CMakeFiles/can.dir/can.c.obj
                0x10000368                main
 .text.panic    0x10000398       0x30 src/CMakeFiles/can.dir/home/jtag/.pico-sdk/sdk/2.0.0/src/rp2_common/pico_platform_panic/panic.c.obj
                0x10000398                panic
 .text.hw_claim_lock
                0x100003c8       0x18 src/CMakeFiles/can.dir/home/jtag/.pico-sdk/sdk/2.0.0/src/common/hardware_claim/claim.c.obj
                0x100003c8                hw_claim_lock
 .text.hw_claim_unlock
                0x100003e0       0x14 src/CMakeFiles/can.dir/home/jtag/.pico-sdk/sdk/2.0.0/src/common/hardware_claim/claim.c.obj
                0x100003e0                hw_claim_unlock
 .text.hw_claim_or_assert
                0x100003f4       0x32 src/CMakeFiles/can.dir/home/jtag/.pico-sdk/sdk/2.0.0/src/common/hardware_claim/claim.c.obj
                0x100003f4                hw_claim_or_assert
 *fill*         0x10000426        0x2 
 .text.next_striped_spin_lock_num
                0x10000428       0x1c src/CMakeFiles/can.dir/home/jtag/.pico-sdk/sdk/2.0.0/src/rp2_common/hardware_sync/sync.c.obj
                0x10000428                next_striped_spin_lock_num
 .text.spin_locks_reset
                0x10000444       0x20 src/CMakeFiles/can.dir/home/jtag/.pico-sdk/sdk/2.0.0/src/rp2_common/hardware_sync_spin_lock/sync_spin_lock.c.obj
                0x10000444                spin_locks_reset
 .text.set_raw_irq_handler_and_unlock
                0x10000464       0x28 src/CMakeFiles/can.dir/home/jtag/.pico-sdk/sdk/2.0.0/src/rp2_common/hardware_irq/irq.c.obj
 .text.nvic_ipr0
                0x1000048c        0x8 src/CMakeFiles/can.dir/home/jtag/.pico-sdk/sdk/2.0.0/src/rp2_common/hardware_irq/irq.c.obj
 .text.runtime_init_per_core_irq_priorities
                0x10000494       0x1c src/CMakeFiles/can.dir/home/jtag/.pico-sdk/sdk/2.0.0/src/rp2_common/hardware_irq/irq.c.obj
                0x10000494                runtime_init_per_core_irq_priorities
 .text.irq_set_mask_n_enabled
                0x100004b0       0x1c src/CMakeFiles/can.dir/home/jtag/.pico-sdk/sdk/2.0.0/src/rp2_common/hardware_irq/irq.c.obj
                0x100004b0                irq_set_mask_n_enabled
 .text.irq_set_enabled
                0x100004cc       0x14 src/CMakeFiles/can.dir/home/jtag/.pico-sdk/sdk/2.0.0/src/rp2_common/hardware_irq/irq.c.obj
                0x100004cc                irq_set_enabled
 .text.irq_get_vtable_handler
                0x100004e0       0x10 src/CMakeFiles/can.dir/home/jtag/.pico-sdk/sdk/2.0.0/src/rp2_common/hardware_irq/irq.c.obj
                0x100004e0                irq_get_vtable_handler
 .text.irq_set_exclusive_handler
                0x100004f0       0x54 src/CMakeFiles/can.dir/home/jtag/.pico-sdk/sdk/2.0.0/src/rp2_common/hardware_irq/irq.c.obj
                0x100004f0                irq_set_exclusive_handler
 .text.irq_set_priority
                0x10000544       0x26 src/CMakeFiles/can.dir/home/jtag/.pico-sdk/sdk/2.0.0/src/rp2_common/hardware_irq/irq.c.obj
                0x10000544                irq_set_priority
 *fill*         0x1000056a        0x2 
 .text.lock_init
                0x1000056c       0x10 src/CMakeFiles/can.dir/home/jtag/.pico-sdk/sdk/2.0.0/src/common/pico_sync/lock_core.c.obj
                0x1000056c                lock_init
 .text.mutex_init
                0x1000057c       0x1c src/CMakeFiles/can.dir/home/jtag/.pico-sdk/sdk/2.0.0/src/common/pico_sync/mutex.c.obj
                0x1000057c                mutex_init
 .text.recursive_mutex_init
                0x10000598       0x20 src/CMakeFiles/can.dir/home/jtag/.pico-sdk/sdk/2.0.0/src/common/pico_sync/mutex.c.obj
                0x10000598                recursive_mutex_init
 .text.runtime_init_mutex
                0x100005b8       0x4c src/CMakeFiles/can.dir/home/jtag/.pico-sdk/sdk/2.0.0/src/common/pico_sync/mutex.c.obj
                0x100005b8                runtime_init_mutex
 .text.make_alarm_id
                0x10000604        0x6 src/CMakeFiles/can.dir/home/jtag/.pico-sdk/sdk/2.0.0/src/common/pico_time/time.c.obj
 *fill*         0x1000060a        0x2 
 .text.alarm_pool_irq_handler
                0x1000060c      0x2e0 src/CMakeFiles/can.dir/home/jtag/.pico-sdk/sdk/2.0.0/src/common/pico_time/time.c.obj
 .text.ta_enable_irq_handler
                0x100008ec       0x2c src/CMakeFiles/can.dir/home/jtag/.pico-sdk/sdk/2.0.0/src/common/pico_time/time.c.obj
 .text.alarm_pool_post_alloc_init
                0x10000918       0x78 src/CMakeFiles/can.dir/home/jtag/.pico-sdk/sdk/2.0.0/src/common/pico_time/time.c.obj
 .text.sleep_until_callback
                0x10000990       0x28 src/CMakeFiles/can.dir/home/jtag/.pico-sdk/sdk/2.0.0/src/common/pico_time/time.c.obj
 .text.alarm_pool_get_default
                0x100009b8       0x2c src/CMakeFiles/can.dir/home/jtag/.pico-sdk/sdk/2.0.0/src/common/pico_time/time.c.obj
                0x100009b8                alarm_pool_get_default
 .text.alarm_pool_add_alarm_at_force_in_context
                0x100009e4       0xa4 src/CMakeFiles/can.dir/home/jtag/.pico-sdk/sdk/2.0.0/src/common/pico_time/time.c.obj
                0x100009e4                alarm_pool_add_alarm_at_force_in_context
 .text.alarm_pool_add_alarm_at
                0x10000a88       0x3c src/CMakeFiles/can.dir/home/jtag/.pico-sdk/sdk/2.0.0/src/common/pico_time/time.c.obj
                0x10000a88                alarm_pool_add_alarm_at
 .text.add_alarm_at
                0x10000ac4       0x2e src/CMakeFiles/can.dir/home/jtag/.pico-sdk/sdk/2.0.0/src/common/pico_time/time.c.obj
 *fill*         0x10000af2        0x2 
 .text.alarm_pool_cancel_alarm
                0x10000af4       0x78 src/CMakeFiles/can.dir/home/jtag/.pico-sdk/sdk/2.0.0/src/common/pico_time/time.c.obj
                0x10000af4                alarm_pool_cancel_alarm
 .text.cancel_alarm
                0x10000b6c       0x10 src/CMakeFiles/can.dir/home/jtag/.pico-sdk/sdk/2.0.0/src/common/pico_time/time.c.obj
 .text.sleep_until
                0x10000b7c       0xb4 src/CMakeFiles/can.dir/home/jtag/.pico-sdk/sdk/2.0.0/src/common/pico_time/time.c.obj
                0x10000b7c                sleep_until
 .text.sleep_us
                0x10000c30       0x24 src/CMakeFiles/can.dir/home/jtag/.pico-sdk/sdk/2.0.0/src/common/pico_time/time.c.obj
                0x10000c30                sleep_us
 .text.sleep_ms
                0x10000c54       0x14 src/CMakeFiles/can.dir/home/jtag/.pico-sdk/sdk/2.0.0/src/common/pico_time/time.c.obj
                0x10000c54                sleep_ms
 .text.best_effort_wfe_or_timeout
                0x10000c68       0xc4 src/CMakeFiles/can.dir/home/jtag/.pico-sdk/sdk/2.0.0/src/common/pico_time/time.c.obj
                0x10000c68                best_effort_wfe_or_timeout
 .text.alarm_pool_get_default_timer
                0x10000d2c        0x8 src/CMakeFiles/can.dir/home/jtag/.pico-sdk/sdk/2.0.0/src/common/pico_time/time.c.obj
                0x10000d2c                alarm_pool_get_default_timer
 .text.runtime_init_default_alarm_pool
                0x10000d34       0x38 src/CMakeFiles/can.dir/home/jtag/.pico-sdk/sdk/2.0.0/src/common/pico_time/time.c.obj
                0x10000d34                runtime_init_default_alarm_pool
 .text.timer_hardware_alarm_claim
                0x10000d6c       0x14 src/CMakeFiles/can.dir/home/jtag/.pico-sdk/sdk/2.0.0/src/rp2_common/hardware_timer/timer.c.obj
                0x10000d6c                timer_hardware_alarm_claim
 .text.timer_time_us_64
                0x10000d80       0x10 src/CMakeFiles/can.dir/home/jtag/.pico-sdk/sdk/2.0.0/src/rp2_common/hardware_timer/timer.c.obj
                0x10000d80                timer_time_us_64
 .text.timer_busy_wait_until
                0x10000d90       0x1a src/CMakeFiles/can.dir/home/jtag/.pico-sdk/sdk/2.0.0/src/rp2_common/hardware_timer/timer.c.obj
                0x10000d90                timer_busy_wait_until
 *fill*         0x10000daa        0x2 
 .text.time_us_64
                0x10000dac       0x10 src/CMakeFiles/can.dir/home/jtag/.pico-sdk/sdk/2.0.0/src/rp2_common/hardware_timer/timer.c.obj
                0x10000dac                time_us_64
 .text.busy_wait_until
                0x10000dbc       0x14 src/CMakeFiles/can.dir/home/jtag/.pico-sdk/sdk/2.0.0/src/rp2_common/hardware_timer/timer.c.obj
                0x10000dbc                busy_wait_until
 .text.clock_configure_internal
                0x10000dd0       0xc4 src/CMakeFiles/can.dir/home/jtag/.pico-sdk/sdk/2.0.0/src/rp2_common/hardware_clocks/clocks.c.obj
 .text.clock_configure_int_divider
                0x10000e94       0x28 src/CMakeFiles/can.dir/home/jtag/.pico-sdk/sdk/2.0.0/src/rp2_common/hardware_clocks/clocks.c.obj
                0x10000e94                clock_configure_int_divider
 .text.clock_configure_undivided
                0x10000ebc       0x12 src/CMakeFiles/can.dir/home/jtag/.pico-sdk/sdk/2.0.0/src/rp2_common/hardware_clocks/clocks.c.obj
                0x10000ebc                clock_configure_undivided
 *fill*         0x10000ece        0x2 
 .text.clock_get_hz
                0x10000ed0        0xc src/CMakeFiles/can.dir/home/jtag/.pico-sdk/sdk/2.0.0/src/rp2_common/hardware_clocks/clocks.c.obj
                0x10000ed0                clock_get_hz
 .text.pll_init
                0x10000edc      0x124 src/CMakeFiles/can.dir/home/jtag/.pico-sdk/sdk/2.0.0/src/rp2_common/hardware_pll/pll.c.obj
                0x10000edc                pll_init
 .text.tick_start
                0x10001000       0x10 src/CMakeFiles/can.dir/home/jtag/.pico-sdk/sdk/2.0.0/src/rp2_common/hardware_ticks/ticks.c.obj
                0x10001000                tick_start
 .text.xosc_init
                0x10001010       0x28 src/CMakeFiles/can.dir/home/jtag/.pico-sdk/sdk/2.0.0/src/rp2_common/hardware_xosc/xosc.c.obj
                0x10001010                xosc_init
 .text.runtime_run_initializers_from
                0x10001038       0x18 src/CMakeFiles/can.dir/home/jtag/.pico-sdk/sdk/2.0.0/src/rp2_common/pico_runtime/runtime.c.obj
 .text.first_per_core_initializer
                0x10001050        0x2 src/CMakeFiles/can.dir/home/jtag/.pico-sdk/sdk/2.0.0/src/rp2_common/pico_runtime/runtime.c.obj
 *fill*         0x10001052        0x2 
 .text.runtime_run_initializers
                0x10001054       0x10 src/CMakeFiles/can.dir/home/jtag/.pico-sdk/sdk/2.0.0/src/rp2_common/pico_runtime/runtime.c.obj
                0x10001054                runtime_run_initializers
 .text.runtime_init_early_resets
                0x10001064       0x2c src/CMakeFiles/can.dir/home/jtag/.pico-sdk/sdk/2.0.0/src/rp2_common/pico_runtime_init/runtime_init.c.obj
                0x10001064                runtime_init_early_resets
 .text.runtime_init_usb_power_down
                0x10001090       0x1c src/CMakeFiles/can.dir/home/jtag/.pico-sdk/sdk/2.0.0/src/rp2_common/pico_runtime_init/runtime_init.c.obj
                0x10001090                runtime_init_usb_power_down
 .text.runtime_init_post_clock_resets
                0x100010ac       0x20 src/CMakeFiles/can.dir/home/jtag/.pico-sdk/sdk/2.0.0/src/rp2_common/pico_runtime_init/runtime_init.c.obj
                0x100010ac                runtime_init_post_clock_resets
 .text.runtime_init_rp2040_gpio_ie_disable
                0x100010cc       0x14 src/CMakeFiles/can.dir/home/jtag/.pico-sdk/sdk/2.0.0/src/rp2_common/pico_runtime_init/runtime_init.c.obj
                0x100010cc                runtime_init_rp2040_gpio_ie_disable
 .text.runtime_init_spin_locks_reset
                0x100010e0        0x8 src/CMakeFiles/can.dir/home/jtag/.pico-sdk/sdk/2.0.0/src/rp2_common/pico_runtime_init/runtime_init.c.obj
                0x100010e0                runtime_init_spin_locks_reset
 .text.runtime_init_install_ram_vector_table
                0x100010e8       0x1c src/CMakeFiles/can.dir/home/jtag/.pico-sdk/sdk/2.0.0/src/rp2_common/pico_runtime_init/runtime_init.c.obj
                0x100010e8                runtime_init_install_ram_vector_table
 .text.start_all_ticks
                0x10001104       0x28 src/CMakeFiles/can.dir/home/jtag/.pico-sdk/sdk/2.0.0/src/rp2_common/pico_runtime_init/runtime_init_clocks.c.obj
 .text.runtime_init_clocks
                0x1000112c       0xcc src/CMakeFiles/can.dir/home/jtag/.pico-sdk/sdk/2.0.0/src/rp2_common/pico_runtime_init/runtime_init_clocks.c.obj
                0x1000112c                runtime_init_clocks
 .text          0x100011f8       0x10 src/CMakeFiles/can.dir/home/jtag/.pico-sdk/sdk/2.0.0/src/rp2_common/pico_bit_ops/bit_ops_aeabi.S.obj
 .text.rom_func_lookup
                0x10001208       0x10 src/CMakeFiles/can.dir/home/jtag/.pico-sdk/sdk/2.0.0/src/rp2_common/pico_bootrom/bootrom.c.obj
                0x10001208                rom_func_lookup
 .text.rom_data_lookup
                0x10001218       0x10 src/CMakeFiles/can.dir/home/jtag/.pico-sdk/sdk/2.0.0/src/rp2_common/pico_bootrom/bootrom.c.obj
                0x10001218                rom_data_lookup
 .text.rom_funcs_lookup
                0x10001228       0x36 src/CMakeFiles/can.dir/home/jtag/.pico-sdk/sdk/2.0.0/src/rp2_common/pico_bootrom/bootrom.c.obj
                0x10001228                rom_funcs_lookup
 *fill*         0x1000125e        0x2 
 .text.rom_reset_usb_boot
                0x10001260       0x18 src/CMakeFiles/can.dir/home/jtag/.pico-sdk/sdk/2.0.0/src/rp2_common/pico_bootrom/bootrom.c.obj
                0x10001260                rom_reset_usb_boot
 .text.__wrap___aeabi_idiv
                0x10001278       0x50 src/CMakeFiles/can.dir/home/jtag/.pico-sdk/sdk/2.0.0/src/rp2_common/pico_divider/divider_hardware.S.obj
                0x10001278                __wrap___aeabi_idivmod
                0x10001278                divmod_s32s32
                0x10001278                div_s32s32
                0x10001278                __wrap___aeabi_idiv
                0x10001280                divmod_s32s32_unsafe
                0x100012ac                divmod_s32s32_savestate
 .text.__wrap___aeabi_uidiv
                0x100012c8       0x4c src/CMakeFiles/can.dir/home/jtag/.pico-sdk/sdk/2.0.0/src/rp2_common/pico_divider/divider_hardware.S.obj
                0x100012c8                __wrap___aeabi_uidiv
                0x100012c8                __wrap___aeabi_uidivmod
                0x100012c8                div_u32u32
                0x100012c8                divmod_u32u32
                0x100012d0                divmod_u32u32_unsafe
                0x100012f8                divmod_u32u32_savestate
 .text.__wrap___aeabi_ldiv
                0x10001314      0x424 src/CMakeFiles/can.dir/home/jtag/.pico-sdk/sdk/2.0.0/src/rp2_common/pico_divider/divider_hardware.S.obj
                0x10001314                div_s64s64
                0x10001314                divmod_s64s64
                0x10001314                __wrap___aeabi_ldivmod
                0x10001344                div_u64u64
                0x10001344                divmod_u64u64
                0x10001344                __wrap___aeabi_uldivmod
                0x10001354                divmod_u64u64_savestate
                0x10001374                divmod_s64s64_unsafe
                0x100013fc                divmod_u64u64_unsafe
 .text.__wrap___aeabi_darithmetic
                0x10001738       0x60 src/CMakeFiles/can.dir/home/jtag/.pico-sdk/sdk/2.0.0/src/rp2_common/pico_double/double_aeabi_rp2040.S.obj
                0x10001738                __wrap___aeabi_drsub
                0x1000173e                __wrap___aeabi_dsub
                0x10001748                __wrap___aeabi_dadd
                0x10001752                __wrap___aeabi_ddiv
                0x10001786                __wrap___aeabi_dmul
 .text.__wrap___aeabi_cdcmple
                0x10001798       0x6c src/CMakeFiles/can.dir/home/jtag/.pico-sdk/sdk/2.0.0/src/rp2_common/pico_double/double_aeabi_rp2040.S.obj
                0x10001798                __wrap___aeabi_cdrcmple
                0x100017a8                __wrap___aeabi_cdcmple
                0x100017a8                __wrap___aeabi_cdcmpeq
 .text.__wrap___aeabi_dcmplt
                0x10001804        0xc src/CMakeFiles/can.dir/home/jtag/.pico-sdk/sdk/2.0.0/src/rp2_common/pico_double/double_aeabi_rp2040.S.obj
                0x10001804                __wrap___aeabi_dcmplt
 .text.__wrap___aeabi_dcmple
                0x10001810       0x10 src/CMakeFiles/can.dir/home/jtag/.pico-sdk/sdk/2.0.0/src/rp2_common/pico_double/double_aeabi_rp2040.S.obj
                0x10001810                __wrap___aeabi_dcmple
 .text.__wrap___aeabi_dcmpge
                0x10001820       0x10 src/CMakeFiles/can.dir/home/jtag/.pico-sdk/sdk/2.0.0/src/rp2_common/pico_double/double_aeabi_rp2040.S.obj
                0x10001820                __wrap___aeabi_dcmpge
 .text.__wrap___aeabi_dcmpgt
                0x10001830        0xa src/CMakeFiles/can.dir/home/jtag/.pico-sdk/sdk/2.0.0/src/rp2_common/pico_double/double_aeabi_rp2040.S.obj
                0x10001830                __wrap___aeabi_dcmpgt
 .text.__wrap___aeabi_dcmpun
                0x1000183a       0x18 src/CMakeFiles/can.dir/home/jtag/.pico-sdk/sdk/2.0.0/src/rp2_common/pico_double/double_aeabi_rp2040.S.obj
                0x1000183a                __wrap___aeabi_dcmpun
 *fill*         0x10001852        0x2 
 .text.__wrap___aeabi_i2d
                0x10001854       0x38 src/CMakeFiles/can.dir/home/jtag/.pico-sdk/sdk/2.0.0/src/rp2_common/pico_double/double_aeabi_rp2040.S.obj
                0x10001854                __wrap___aeabi_ui2d
                0x1000185c                __wrap___aeabi_i2d
 .text.__wrap___aeabi_d2iz
                0x1000188c       0x48 src/CMakeFiles/can.dir/home/jtag/.pico-sdk/sdk/2.0.0/src/rp2_common/pico_double/double_aeabi_rp2040.S.obj
                0x1000188c                __wrap___aeabi_d2iz
                0x1000188c                double2int_z
 .text.__wrap___aeabi_d2uiz
                0x100018d4       0x10 src/CMakeFiles/can.dir/home/jtag/.pico-sdk/sdk/2.0.0/src/rp2_common/pico_double/double_aeabi_rp2040.S.obj
                0x100018d4                double2uint
                0x100018d4                __wrap___aeabi_d2uiz
 .text.missing_double_func_shim
                0x100018e4        0xc src/CMakeFiles/can.dir/home/jtag/.pico-sdk/sdk/2.0.0/src/rp2_common/pico_double/double_init_rom_rp2040.c.obj
 .text.__aeabi_double_init
                0x100018f0       0xd0 src/CMakeFiles/can.dir/home/jtag/.pico-sdk/sdk/2.0.0/src/rp2_common/pico_double/double_init_rom_rp2040.c.obj
                0x100018f0                __aeabi_double_init
 .text.double_table_shim_on_use_helper
                0x100019c0       0x34 src/CMakeFiles/can.dir/home/jtag/.pico-sdk/sdk/2.0.0/src/rp2_common/pico_double/double_v1_rom_shim_rp2040.S.obj
                0x100019c0                double_table_shim_on_use_helper
 .text.__aeabi_lmul
                0x100019f4       0x32 src/CMakeFiles/can.dir/home/jtag/.pico-sdk/sdk/2.0.0/src/rp2_common/pico_int64_ops/pico_int64_ops_aeabi.S.obj
                0x100019f4                __wrap___aeabi_lmul
 *fill*         0x10001a26        0x2 
 .text.missing_float_func_shim
                0x10001a28        0xc src/CMakeFiles/can.dir/home/jtag/.pico-sdk/sdk/2.0.0/src/rp2_common/pico_float/float_init_rom_rp2040.c.obj
 .text.__aeabi_float_init
                0x10001a34       0x88 src/CMakeFiles/can.dir/home/jtag/.pico-sdk/sdk/2.0.0/src/rp2_common/pico_float/float_init_rom_rp2040.c.obj
                0x10001a34                __aeabi_float_init
 .text          0x10001abc       0x10 src/CMakeFiles/can.dir/home/jtag/.pico-sdk/sdk/2.0.0/src/rp2_common/pico_mem_ops/mem_ops_aeabi.S.obj
                0x10001abc                __aeabi_mem_init
 .text.memset   0x10001acc        0xc src/CMakeFiles/can.dir/home/jtag/.pico-sdk/sdk/2.0.0/src/rp2_common/pico_mem_ops/mem_ops_aeabi.S.obj
                0x10001acc                __wrap_memset
 .text.memcpy   0x10001ad8        0xc src/CMakeFiles/can.dir/home/jtag/.pico-sdk/sdk/2.0.0/src/rp2_common/pico_mem_ops/mem_ops_aeabi.S.obj
                0x10001ad8                __wrap___aeabi_memcpy
                0x10001ad8                __wrap_memcpy
 .text._out_null
                0x10001ae4        0x2 src/CMakeFiles/can.dir/home/jtag/.pico-sdk/sdk/2.0.0/src/rp2_common/pico_printf/printf.c.obj
 .text._out_fct
                0x10001ae6        0xe src/CMakeFiles/can.dir/home/jtag/.pico-sdk/sdk/2.0.0/src/rp2_common/pico_printf/printf.c.obj
 .text._atoi    0x10001af4       0x24 src/CMakeFiles/can.dir/home/jtag/.pico-sdk/sdk/2.0.0/src/rp2_common/pico_printf/printf.c.obj
 .text._out_rev
                0x10001b18       0xae src/CMakeFiles/can.dir/home/jtag/.pico-sdk/sdk/2.0.0/src/rp2_common/pico_printf/printf.c.obj
 .text._ntoa_format
                0x10001bc6      0x110 src/CMakeFiles/can.dir/home/jtag/.pico-sdk/sdk/2.0.0/src/rp2_common/pico_printf/printf.c.obj
 .text._ntoa_long
                0x10001cd6       0xbc src/CMakeFiles/can.dir/home/jtag/.pico-sdk/sdk/2.0.0/src/rp2_common/pico_printf/printf.c.obj
 .text._ntoa_long_long
                0x10001d92      0x10e src/CMakeFiles/can.dir/home/jtag/.pico-sdk/sdk/2.0.0/src/rp2_common/pico_printf/printf.c.obj
 .text._etoa    0x10001ea0      0x420 src/CMakeFiles/can.dir/home/jtag/.pico-sdk/sdk/2.0.0/src/rp2_common/pico_printf/printf.c.obj
 .text._ftoa    0x100022c0      0x354 src/CMakeFiles/can.dir/home/jtag/.pico-sdk/sdk/2.0.0/src/rp2_common/pico_printf/printf.c.obj
 .text._vsnprintf
                0x10002614      0x668 src/CMakeFiles/can.dir/home/jtag/.pico-sdk/sdk/2.0.0/src/rp2_common/pico_printf/printf.c.obj
 .text.vfctprintf
                0x10002c7c       0x20 src/CMakeFiles/can.dir/home/jtag/.pico-sdk/sdk/2.0.0/src/rp2_common/pico_printf/printf.c.obj
                0x10002c7c                vfctprintf
 .text._exit    0x10002c9c        0xa src/CMakeFiles/can.dir/home/jtag/.pico-sdk/sdk/2.0.0/src/rp2_common/pico_clib_interface/newlib_interface.c.obj
                0x10002c9c                _exit
 .text.exit     0x10002ca6        0x6 src/CMakeFiles/can.dir/home/jtag/.pico-sdk/sdk/2.0.0/src/rp2_common/pico_clib_interface/newlib_interface.c.obj
                0x10002ca6                exit
 .text.__assert_func
                0x10002cac       0x38 src/CMakeFiles/can.dir/home/jtag/.pico-sdk/sdk/2.0.0/src/rp2_common/pico_clib_interface/newlib_interface.c.obj
                0x10002cac                __assert_func
 .text.runtime_init
                0x10002ce4       0x28 src/CMakeFiles/can.dir/home/jtag/.pico-sdk/sdk/2.0.0/src/rp2_common/pico_clib_interface/newlib_interface.c.obj
                0x10002ce4                runtime_init
 .text.stdio_out_chars_no_crlf
                0x10002d0c        0xe src/CMakeFiles/can.dir/home/jtag/.pico-sdk/sdk/2.0.0/src/rp2_common/pico_stdio/stdio.c.obj
 *fill*         0x10002d1a        0x2 
 .text.stdio_out_chars_crlf
                0x10002d1c       0x80 src/CMakeFiles/can.dir/home/jtag/.pico-sdk/sdk/2.0.0/src/rp2_common/pico_stdio/stdio.c.obj
 .text.stdio_stack_buffer_flush
                0x10002d9c       0x44 src/CMakeFiles/can.dir/home/jtag/.pico-sdk/sdk/2.0.0/src/rp2_common/pico_stdio/stdio.c.obj
 .text.stdio_buffered_printer
                0x10002de0       0x20 src/CMakeFiles/can.dir/home/jtag/.pico-sdk/sdk/2.0.0/src/rp2_common/pico_stdio/stdio.c.obj
 .text.stdout_serialize_begin
                0x10002e00       0x30 src/CMakeFiles/can.dir/home/jtag/.pico-sdk/sdk/2.0.0/src/rp2_common/pico_stdio/stdio.c.obj
                0x10002e00                stdout_serialize_begin
 .text.stdout_serialize_end
                0x10002e30       0x10 src/CMakeFiles/can.dir/home/jtag/.pico-sdk/sdk/2.0.0/src/rp2_common/pico_stdio/stdio.c.obj
                0x10002e30                stdout_serialize_end
 .text.stdio_put_string
                0x10002e40       0x94 src/CMakeFiles/can.dir/home/jtag/.pico-sdk/sdk/2.0.0/src/rp2_common/pico_stdio/stdio.c.obj
                0x10002e40                stdio_put_string
 .text.stdio_flush
                0x10002ed4       0x20 src/CMakeFiles/can.dir/home/jtag/.pico-sdk/sdk/2.0.0/src/rp2_common/pico_stdio/stdio.c.obj
                0x10002ed4                stdio_flush
 .text.__wrap_putchar
                0x10002ef4       0x1c src/CMakeFiles/can.dir/home/jtag/.pico-sdk/sdk/2.0.0/src/rp2_common/pico_stdio/stdio.c.obj
                0x10002ef4                stdio_putchar
                0x10002ef4                __wrap_putchar
 .text.__wrap_puts
                0x10002f10       0x1e src/CMakeFiles/can.dir/home/jtag/.pico-sdk/sdk/2.0.0/src/rp2_common/pico_stdio/stdio.c.obj
                0x10002f10                __wrap_puts
                0x10002f10                stdio_puts
 *fill*         0x10002f2e        0x2 
 .text.__wrap_vprintf
                0x10002f30       0x40 src/CMakeFiles/can.dir/home/jtag/.pico-sdk/sdk/2.0.0/src/rp2_common/pico_stdio/stdio.c.obj
                0x10002f30                __wrap_vprintf
                0x10002f30                stdio_vprintf
 .text.__wrap_printf
                0x10002f70       0x18 src/CMakeFiles/can.dir/home/jtag/.pico-sdk/sdk/2.0.0/src/rp2_common/pico_stdio/stdio.c.obj
                0x10002f70                stdio_printf
                0x10002f70                __wrap_printf
 .text._retrieve_unique_id_on_boot
                0x10002f88       0x10 src/CMakeFiles/can.dir/home/jtag/.pico-sdk/sdk/2.0.0/src/rp2_common/pico_unique_id/unique_id.c.obj
 .text.flash_get_unique_id
                0x10002f98       0x40 src/CMakeFiles/can.dir/home/jtag/.pico-sdk/sdk/2.0.0/src/rp2_common/hardware_flash/flash.c.obj
                0x10002f98                flash_get_unique_id
 .text.prvHeapInit
                0x10002fd8       0x58 src/CMakeFiles/can.dir/__/lib/freertos/portable/MemMang/heap_4.c.obj
 .text.pvPortMalloc
                0x10003030      0x188 src/CMakeFiles/can.dir/__/lib/freertos/portable/MemMang/heap_4.c.obj
                0x10003030                pvPortMalloc
 .text.prvGetTicksToWaitBefore
                0x100031b8       0x40 src/CMakeFiles/can.dir/__/lib/freertos/portable/ThirdParty/GCC/RP2040/port.c.obj
 .text.vPortYield
                0x100031f8       0x40 src/CMakeFiles/can.dir/__/lib/freertos/portable/ThirdParty/GCC/RP2040/port.c.obj
                0x100031f8                vPortYield
 .text.vPortEnterCritical
                0x10003238       0x18 src/CMakeFiles/can.dir/__/lib/freertos/portable/ThirdParty/GCC/RP2040/port.c.obj
                0x10003238                vPortEnterCritical
 .text.vPortEnableInterrupts
                0x10003250       0x28 src/CMakeFiles/can.dir/__/lib/freertos/portable/ThirdParty/GCC/RP2040/port.c.obj
                0x10003250                vPortEnableInterrupts
 .text.vPortExitCritical
                0x10003278       0x3c src/CMakeFiles/can.dir/__/lib/freertos/portable/ThirdParty/GCC/RP2040/port.c.obj
                0x10003278                vPortExitCritical
 .text.ulSetInterruptMaskFromISR
                0x100032b4        0x8 src/CMakeFiles/can.dir/__/lib/freertos/portable/ThirdParty/GCC/RP2040/port.c.obj
                0x100032b4                ulSetInterruptMaskFromISR
 .text.vClearInterruptMaskFromISR
                0x100032bc        0x6 src/CMakeFiles/can.dir/__/lib/freertos/portable/ThirdParty/GCC/RP2040/port.c.obj
                0x100032bc                vClearInterruptMaskFromISR
 *fill*         0x100032c2        0x2 
 .text.ulPortLockGetCurrentOwnerId
                0x100032c4       0x2c src/CMakeFiles/can.dir/__/lib/freertos/portable/ThirdParty/GCC/RP2040/port.c.obj
                0x100032c4                ulPortLockGetCurrentOwnerId
 .text.vPortLockInternalSpinUnlockWithWait
                0x100032f0       0xc8 src/CMakeFiles/can.dir/__/lib/freertos/portable/ThirdParty/GCC/RP2040/port.c.obj
                0x100032f0                vPortLockInternalSpinUnlockWithWait
 .text.vPortLockInternalSpinUnlockWithNotify
                0x100033b8       0xd0 src/CMakeFiles/can.dir/__/lib/freertos/portable/ThirdParty/GCC/RP2040/port.c.obj
                0x100033b8                vPortLockInternalSpinUnlockWithNotify
 .text.xPortLockInternalSpinUnlockWithBestEffortWaitOrTimeout
                0x10003488      0x110 src/CMakeFiles/can.dir/__/lib/freertos/portable/ThirdParty/GCC/RP2040/port.c.obj
                0x10003488                xPortLockInternalSpinUnlockWithBestEffortWaitOrTimeout
 .text.prvRuntimeInitializer
                0x10003598       0x28 src/CMakeFiles/can.dir/__/lib/freertos/portable/ThirdParty/GCC/RP2040/port.c.obj
 .text.prvTestWaitCondition
                0x100035c0       0x1e src/CMakeFiles/can.dir/__/lib/freertos/event_groups.c.obj
 .text.xEventGroupCreate
                0x100035de       0x18 src/CMakeFiles/can.dir/__/lib/freertos/event_groups.c.obj
                0x100035de                xEventGroupCreate
 *fill*         0x100035f6        0x2 
 .text.xEventGroupWaitBits
                0x100035f8      0x120 src/CMakeFiles/can.dir/__/lib/freertos/event_groups.c.obj
                0x100035f8                xEventGroupWaitBits
 .text.xEventGroupSetBits
                0x10003718       0x9c src/CMakeFiles/can.dir/__/lib/freertos/event_groups.c.obj
                0x10003718                xEventGroupSetBits
 .text.vEventGroupSetBitsCallback
                0x100037b4        0x8 src/CMakeFiles/can.dir/__/lib/freertos/event_groups.c.obj
                0x100037b4                vEventGroupSetBitsCallback
 .text.xEventGroupSetBitsFromISR
                0x100037bc       0x18 src/CMakeFiles/can.dir/__/lib/freertos/event_groups.c.obj
                0x100037bc                xEventGroupSetBitsFromISR
 .text.vListInitialise
                0x100037d4       0x16 src/CMakeFiles/can.dir/__/lib/freertos/list.c.obj
                0x100037d4                vListInitialise
 .text.vListInsert
                0x100037ea       0x2e src/CMakeFiles/can.dir/__/lib/freertos/list.c.obj
                0x100037ea                vListInsert
 .text.uxListRemove
                0x10003818       0x24 src/CMakeFiles/can.dir/__/lib/freertos/list.c.obj
                0x10003818                uxListRemove
 .text.prvCopyDataToQueue
                0x1000383c       0x7e src/CMakeFiles/can.dir/__/lib/freertos/queue.c.obj
 *fill*         0x100038ba        0x2 
 .text.prvNotifyQueueSetContainer
                0x100038bc       0xa8 src/CMakeFiles/can.dir/__/lib/freertos/queue.c.obj
 .text.xQueueGenericSendFromISR
                0x10003964      0x13c src/CMakeFiles/can.dir/__/lib/freertos/queue.c.obj
                0x10003964                xQueueGenericSendFromISR
 .text.prvResetNextTaskUnblockTime
                0x10003aa0       0x2c src/CMakeFiles/can.dir/__/lib/freertos/tasks.c.obj
 .text.prvAddCurrentTaskToDelayedList
                0x10003acc       0xa8 src/CMakeFiles/can.dir/__/lib/freertos/tasks.c.obj
 .text.vTaskSuspendAll
                0x10003b74       0x10 src/CMakeFiles/can.dir/__/lib/freertos/tasks.c.obj
                0x10003b74                vTaskSuspendAll
 .text.uxTaskGetNumberOfTasks
                0x10003b84        0xc src/CMakeFiles/can.dir/__/lib/freertos/tasks.c.obj
                0x10003b84                uxTaskGetNumberOfTasks
 .text.xTaskIncrementTick
                0x10003b90      0x17c src/CMakeFiles/can.dir/__/lib/freertos/tasks.c.obj
                0x10003b90                xTaskIncrementTick
 .text.xTaskResumeAll
                0x10003d0c      0x160 src/CMakeFiles/can.dir/__/lib/freertos/tasks.c.obj
                0x10003d0c                xTaskResumeAll
 .text.vTaskPlaceOnUnorderedEventList
                0x10003e6c       0x80 src/CMakeFiles/can.dir/__/lib/freertos/tasks.c.obj
                0x10003e6c                vTaskPlaceOnUnorderedEventList
 .text.xTaskRemoveFromEventList
                0x10003eec      0x100 src/CMakeFiles/can.dir/__/lib/freertos/tasks.c.obj
                0x10003eec                xTaskRemoveFromEventList
 .text.vTaskRemoveFromUnorderedEventList
                0x10003fec       0xf4 src/CMakeFiles/can.dir/__/lib/freertos/tasks.c.obj
                0x10003fec                vTaskRemoveFromUnorderedEventList
 .text.xTaskGetCurrentTaskHandle
                0x100040e0        0xc src/CMakeFiles/can.dir/__/lib/freertos/tasks.c.obj
                0x100040e0                xTaskGetCurrentTaskHandle
 .text.xTaskGetSchedulerState
                0x100040ec       0x24 src/CMakeFiles/can.dir/__/lib/freertos/tasks.c.obj
                0x100040ec                xTaskGetSchedulerState
 .text.xTaskPriorityDisinherit
                0x10004110       0xc0 src/CMakeFiles/can.dir/__/lib/freertos/tasks.c.obj
                0x10004110                xTaskPriorityDisinherit
 .text.uxTaskResetEventItemValue
                0x100041d0       0x18 src/CMakeFiles/can.dir/__/lib/freertos/tasks.c.obj
                0x100041d0                uxTaskResetEventItemValue
 .text.xTimerPendFunctionCallFromISR
                0x100041e8       0x28 src/CMakeFiles/can.dir/__/lib/freertos/timers.c.obj
                0x100041e8                xTimerPendFunctionCallFromISR
 .text.rp2040_clear_reset
                0x10004210       0x20 libcan2040.a(can2040.c.obj)
 .text.rp2040_gpio_peripheral
                0x10004230       0x34 libcan2040.a(can2040.c.obj)
 .text.pio_sync_setup
                0x10004264       0x40 libcan2040.a(can2040.c.obj)
 .text.pio_rx_setup
                0x100042a4       0x24 libcan2040.a(can2040.c.obj)
 .text.pio_match_setup
                0x100042c8       0x34 libcan2040.a(can2040.c.obj)
 .text.pio_tx_setup
                0x100042fc       0x3c libcan2040.a(can2040.c.obj)
 .text.pio_sync_normal_start_signal
                0x10004338        0xc libcan2040.a(can2040.c.obj)
 .text.pio_sync_slow_start_signal
                0x10004344        0xc libcan2040.a(can2040.c.obj)
 .text.pio_rx_check_stall
                0x10004350        0xa libcan2040.a(can2040.c.obj)
 .text.pio_match_check
                0x1000435a        0x6 libcan2040.a(can2040.c.obj)
 .text.pio_match_calc_key
                0x10004360        0xc libcan2040.a(can2040.c.obj)
 .text.pio_match_clear
                0x1000436c        0xa libcan2040.a(can2040.c.obj)
 *fill*         0x10004376        0x2 
 .text.pio_tx_reset
                0x10004378       0x20 libcan2040.a(can2040.c.obj)
 .text.pio_tx_send
                0x10004398       0x48 libcan2040.a(can2040.c.obj)
 .text.pio_tx_inject_ack
                0x100043e0       0x50 libcan2040.a(can2040.c.obj)
 .text.pio_tx_did_fail
                0x10004430       0x42 libcan2040.a(can2040.c.obj)
 .text.pio_irq_set
                0x10004472        0xe libcan2040.a(can2040.c.obj)
 .text.pio_irq_get
                0x10004480        0xa libcan2040.a(can2040.c.obj)
 .text.pio_signal_set_txpending
                0x1000448a        0x8 libcan2040.a(can2040.c.obj)
 .text.pio_signal_clear_txpending
                0x10004492        0x8 libcan2040.a(can2040.c.obj)
 *fill*         0x1000449a        0x2 
 .text.pio_sm_setup
                0x1000449c       0x58 libcan2040.a(can2040.c.obj)
 .text.pio_setup
                0x100044f4       0x66 libcan2040.a(can2040.c.obj)
 *fill*         0x1000455a        0x2 
 .text.crc_byte
                0x1000455c       0x1c libcan2040.a(can2040.c.obj)
 .text.crc_bytes
                0x10004578       0x2a libcan2040.a(can2040.c.obj)
 .text.unstuf_add_bits
                0x100045a2       0x16 libcan2040.a(can2040.c.obj)
 .text.unstuf_set_count
                0x100045b8        0x8 libcan2040.a(can2040.c.obj)
 .text.unstuf_clear_state
                0x100045c0       0x14 libcan2040.a(can2040.c.obj)
 .text.unstuf_restore_state
                0x100045d4       0x16 libcan2040.a(can2040.c.obj)
 .text.unstuf_get_raw
                0x100045ea        0xa libcan2040.a(can2040.c.obj)
 .text.bitstuff
                0x100045f4       0x64 libcan2040.a(can2040.c.obj)
 .text.bs_pushraw
                0x10004658       0x4a libcan2040.a(can2040.c.obj)
 .text.bs_push  0x100046a2       0x30 libcan2040.a(can2040.c.obj)
 *fill*         0x100046d2        0x2 
 .text.bs_finalize
                0x100046d4       0x34 libcan2040.a(can2040.c.obj)
 .text.tx_qpos  0x10004708        0x6 libcan2040.a(can2040.c.obj)
 .text.tx_inject_ack
                0x1000470e        0xc libcan2040.a(can2040.c.obj)
 .text.tx_check_local_message
                0x1000471a       0x7e libcan2040.a(can2040.c.obj)
 .text.report_callback_error
                0x10004798       0x24 libcan2040.a(can2040.c.obj)
 .text.report_callback_rx_msg
                0x100047bc       0x16 libcan2040.a(can2040.c.obj)
 .text.report_callback_tx_msg
                0x100047d2       0x1c libcan2040.a(can2040.c.obj)
 .text.report_handle_eof
                0x100047ee       0x30 libcan2040.a(can2040.c.obj)
 .text.report_is_not_in_tx
                0x1000481e        0xc libcan2040.a(can2040.c.obj)
 .text.report_note_message_start
                0x1000482a        0xc libcan2040.a(can2040.c.obj)
 .text.report_note_crc_start
                0x10004836       0x4e libcan2040.a(can2040.c.obj)
 .text.report_note_crc_success
                0x10004884       0x14 libcan2040.a(can2040.c.obj)
 .text.report_note_ack_success
                0x10004898        0xe libcan2040.a(can2040.c.obj)
 .text.report_note_eof_success
                0x100048a6       0x1c libcan2040.a(can2040.c.obj)
 .text.report_note_discarding
                0x100048c2       0x26 libcan2040.a(can2040.c.obj)
 .text.data_state_clear_bits
                0x100048e8        0xa libcan2040.a(can2040.c.obj)
 .text.data_state_go_next
                0x100048f2        0xe libcan2040.a(can2040.c.obj)
 .text.data_state_go_discard
                0x10004900       0x34 libcan2040.a(can2040.c.obj)
 .text.data_state_go_error
                0x10004934        0xe libcan2040.a(can2040.c.obj)
 .text.data_state_line_error
                0x10004942       0x14 libcan2040.a(can2040.c.obj)
 .text.data_state_line_passive
                0x10004956       0x4e libcan2040.a(can2040.c.obj)
 .text.data_state_go_crc
                0x100049a4       0x5c libcan2040.a(can2040.c.obj)
 .text.data_state_go_data
                0x10004a00       0x48 libcan2040.a(can2040.c.obj)
 .text.data_state_update_start
                0x10004a48       0x16 libcan2040.a(can2040.c.obj)
 .text.data_state_update_header
                0x10004a5e       0x3a libcan2040.a(can2040.c.obj)
 .text.data_state_update_ext_header
                0x10004a98       0x4c libcan2040.a(can2040.c.obj)
 .text.data_state_update_crc
                0x10004ae4       0x2e libcan2040.a(can2040.c.obj)
 .text.data_state_update_ack
                0x10004b12       0x2c libcan2040.a(can2040.c.obj)
 .text.data_state_update_eof0
                0x10004b3e       0x2c libcan2040.a(can2040.c.obj)
 .text.data_state_update_eof1
                0x10004b6a       0x3e libcan2040.a(can2040.c.obj)
 .text.data_state_update_discard
                0x10004ba8        0x8 libcan2040.a(can2040.c.obj)
 .text.unstuf_pull_bits
                0x10004bb0       0xbc libcan2040.a(can2040.c.obj)
 .text.tx_schedule_transmit
                0x10004c6c       0x6a libcan2040.a(can2040.c.obj)
 .text.report_line_ackdone
                0x10004cd6       0x30 libcan2040.a(can2040.c.obj)
 .text.report_line_matched
                0x10004d06       0x26 libcan2040.a(can2040.c.obj)
 .text.report_line_maytx
                0x10004d2c       0x20 libcan2040.a(can2040.c.obj)
 .text.report_line_txpending
                0x10004d4c       0x50 libcan2040.a(can2040.c.obj)
 .text.data_state_update_data0
                0x10004d9c       0x4a libcan2040.a(can2040.c.obj)
 .text.data_state_update_data1
                0x10004de6       0x32 libcan2040.a(can2040.c.obj)
 .text.data_state_update
                0x10004e18       0x50 libcan2040.a(can2040.c.obj)
 .text.process_rx
                0x10004e68       0x46 libcan2040.a(can2040.c.obj)
 .text.can2040_pio_irq_handler
                0x10004eae       0x54 libcan2040.a(can2040.c.obj)
                0x10004eae                can2040_pio_irq_handler
 *fill*         0x10004f02        0x2 
 .text.can2040_transmit
                0x10004f04      0x1b4 libcan2040.a(can2040.c.obj)
                0x10004f04                can2040_transmit
 .text.can2040_setup
                0x100050b8       0x2c libcan2040.a(can2040.c.obj)
                0x100050b8                can2040_setup
 .text.can2040_callback_config
                0x100050e4        0x4 libcan2040.a(can2040.c.obj)
                0x100050e4                can2040_callback_config
 .text.can2040_start
                0x100050e8       0x24 libcan2040.a(can2040.c.obj)
                0x100050e8                can2040_start
 .text.strlen   0x1000510c       0x5c /home/jtag/.pico-sdk/toolchain/13_2_Rel1/bin/../lib/gcc/arm-none-eabi/13.2.1/../../../../arm-none-eabi/lib/thumb/v6-m/nofp/libg.a(libc_a-strlen-stub.o)
                0x1000510c                strlen
 *(.fini)
 .fini          0x10005168        0x4 /home/jtag/.pico-sdk/toolchain/13_2_Rel1/bin/../lib/gcc/arm-none-eabi/13.2.1/thumb/v6-m/nofp/crti.o
                0x10005168                _fini
 *fill*         0x1000516c        0x4 
 .fini.__stub   0x10005170       0x50 linker stubs
 *crtbegin.o(.ctors)
 *crtbegin?.o(.ctors)
 *(EXCLUDE_FILE(*crtend.o *crtend?.o) .ctors)
 *(SORT_BY_NAME(.ctors.*))
 *(.ctors)
 *crtbegin.o(.dtors)
 *crtbegin?.o(.dtors)
 *(EXCLUDE_FILE(*crtend.o *crtend?.o) .dtors)
 *(SORT_BY_NAME(.dtors.*))
 *(.dtors)
                0x100051c0                        . = ALIGN (0x4)
                0x100051c0                        PROVIDE (__preinit_array_start = .)
 *(SORT_BY_NAME(.preinit_array.*))
 .preinit_array.00100
                0x100051c0        0x4 src/CMakeFiles/can.dir/home/jtag/.pico-sdk/sdk/2.0.0/src/rp2_common/pico_runtime_init/runtime_init.c.obj
                0x100051c0                __pre_init_runtime_init_early_resets
 .preinit_array.00101
                0x100051c4        0x4 src/CMakeFiles/can.dir/home/jtag/.pico-sdk/sdk/2.0.0/src/rp2_common/pico_runtime_init/runtime_init.c.obj
                0x100051c4                __pre_init_runtime_init_usb_power_down
 .preinit_array.00275
                0x100051c8        0x4 src/CMakeFiles/can.dir/home/jtag/.pico-sdk/sdk/2.0.0/src/rp2_common/pico_bit_ops/bit_ops_aeabi.S.obj
 .preinit_array.00300
                0x100051cc        0x4 src/CMakeFiles/can.dir/home/jtag/.pico-sdk/sdk/2.0.0/src/rp2_common/pico_mem_ops/mem_ops_aeabi.S.obj
 .preinit_array.00350
                0x100051d0        0x4 src/CMakeFiles/can.dir/home/jtag/.pico-sdk/sdk/2.0.0/src/rp2_common/pico_double/double_aeabi_rp2040.S.obj
 .preinit_array.00350
                0x100051d4        0x4 src/CMakeFiles/can.dir/home/jtag/.pico-sdk/sdk/2.0.0/src/rp2_common/pico_float/float_aeabi_rp2040.S.obj
 .preinit_array.00500
                0x100051d8        0x4 src/CMakeFiles/can.dir/home/jtag/.pico-sdk/sdk/2.0.0/src/rp2_common/pico_runtime_init/runtime_init.c.obj
                0x100051d8                __pre_init_runtime_init_clocks
 .preinit_array.00600
                0x100051dc        0x4 src/CMakeFiles/can.dir/home/jtag/.pico-sdk/sdk/2.0.0/src/rp2_common/pico_runtime_init/runtime_init.c.obj
                0x100051dc                __pre_init_runtime_init_post_clock_resets
 .preinit_array.00700
                0x100051e0        0x4 src/CMakeFiles/can.dir/home/jtag/.pico-sdk/sdk/2.0.0/src/rp2_common/pico_runtime_init/runtime_init.c.obj
                0x100051e0                __pre_init_runtime_init_rp2040_gpio_ie_disable
 .preinit_array.01000
                0x100051e4        0x4 src/CMakeFiles/can.dir/home/jtag/.pico-sdk/sdk/2.0.0/src/rp2_common/pico_runtime_init/runtime_init.c.obj
                0x100051e4                __pre_init_runtime_init_spin_locks_reset
 .preinit_array.01100
                0x100051e8        0x4 src/CMakeFiles/can.dir/home/jtag/.pico-sdk/sdk/2.0.0/src/common/pico_sync/mutex.c.obj
                0x100051e8                __pre_init_runtime_init_mutex
 .preinit_array.10080
                0x100051ec        0x4 src/CMakeFiles/can.dir/home/jtag/.pico-sdk/sdk/2.0.0/src/rp2_common/pico_runtime_init/runtime_init.c.obj
                0x100051ec                __pre_init_runtime_init_install_ram_vector_table
 .preinit_array.11000
                0x100051f0        0x4 src/CMakeFiles/can.dir/home/jtag/.pico-sdk/sdk/2.0.0/src/common/pico_time/time.c.obj
                0x100051f0                __pre_init_runtime_init_default_alarm_pool
 .preinit_array.YYYYY
                0x100051f4        0x4 src/CMakeFiles/can.dir/home/jtag/.pico-sdk/sdk/2.0.0/src/rp2_common/pico_runtime/runtime.c.obj
                0x100051f4                __pre_init_first_per_core_initializer
 .preinit_array.ZZZZZ.01200
                0x100051f8        0x4 src/CMakeFiles/can.dir/home/jtag/.pico-sdk/sdk/2.0.0/src/rp2_common/hardware_irq/irq.c.obj
                0x100051f8                __pre_init_runtime_init_per_core_irq_priorities
 *(.preinit_array)
                0x100051fc                        PROVIDE (__preinit_array_end = .)
                0x100051fc                        . = ALIGN (0x4)
                0x100051fc                        PROVIDE (__init_array_start = .)
 *(SORT_BY_NAME(.init_array.*))
 *(.init_array)
 .init_array    0x100051fc        0x4 /home/jtag/.pico-sdk/toolchain/13_2_Rel1/bin/../lib/gcc/arm-none-eabi/13.2.1/thumb/v6-m/nofp/crtbegin.o
 .init_array    0x10005200        0x4 src/CMakeFiles/can.dir/home/jtag/.pico-sdk/sdk/2.0.0/src/rp2_common/pico_unique_id/unique_id.c.obj
 .init_array    0x10005204        0x4 src/CMakeFiles/can.dir/__/lib/freertos/portable/ThirdParty/GCC/RP2040/port.c.obj
                0x10005208                        PROVIDE (__init_array_end = .)
                0x10005208                        . = ALIGN (0x4)
                [!provide]                        PROVIDE (__fini_array_start = .)
 *(SORT_BY_NAME(.fini_array.*))
 *(.fini_array)
                [!provide]                        PROVIDE (__fini_array_end = .)
 *(.eh_frame*)
 .eh_frame      0x10005208        0x0 /home/jtag/.pico-sdk/toolchain/13_2_Rel1/bin/../lib/gcc/arm-none-eabi/13.2.1/thumb/v6-m/nofp/crtbegin.o
                0x10005208                        . = ALIGN (0x4)

.glue_7         0x10005208        0x0
 .glue_7        0x10005208        0x0 linker stubs

.glue_7t        0x10005208        0x0
 .glue_7t       0x10005208        0x0 linker stubs

.vfp11_veneer   0x10005208        0x0
 .vfp11_veneer  0x10005208        0x0 linker stubs

.v4_bx          0x10005208        0x0
 .v4_bx         0x10005208        0x0 linker stubs

.iplt           0x10005208        0x0
 .iplt          0x10005208        0x0 /home/jtag/.pico-sdk/toolchain/13_2_Rel1/bin/../lib/gcc/arm-none-eabi/13.2.1/thumb/v6-m/nofp/crtbegin.o

.rodata         0x10005208     0x1524
 *(EXCLUDE_FILE(*libm.a: *libc.a:*lib_a-mem*.o *libgcc.a:) .rodata*)
 .rodata.can2040_cb.str1.4
                0x10005208      0xe25 src/CMakeFiles/can.dir/can.c.obj
                                  0xf (size before relaxing)
 .rodata.panic.str1.4
                0x1000602d       0x12 src/CMakeFiles/can.dir/home/jtag/.pico-sdk/sdk/2.0.0/src/rp2_common/pico_platform_panic/panic.c.obj
 .rodata.resolve_j_16.str1.4
                0x1000602d       0x59 src/CMakeFiles/can.dir/home/jtag/.pico-sdk/sdk/2.0.0/src/rp2_common/hardware_irq/irq.c.obj
 .rodata.irq_set_exclusive_handler.str1.4
                0x1000602d       0x36 src/CMakeFiles/can.dir/home/jtag/.pico-sdk/sdk/2.0.0/src/rp2_common/hardware_irq/irq.c.obj
 *fill*         0x1000602d        0x3 
 .rodata.__func__.6
                0x10006030       0x1a src/CMakeFiles/can.dir/home/jtag/.pico-sdk/sdk/2.0.0/src/rp2_common/hardware_irq/irq.c.obj
 .rodata.runtime_init_mutex.str1.4
                0x1000604a       0x5c src/CMakeFiles/can.dir/home/jtag/.pico-sdk/sdk/2.0.0/src/common/pico_sync/mutex.c.obj
 .rodata.str1.4
                0x1000604a       0x51 src/CMakeFiles/can.dir/home/jtag/.pico-sdk/sdk/2.0.0/src/common/pico_sync/mutex.c.obj
 *fill*         0x1000604a        0x2 
 .rodata.__func__.1
                0x1000604c        0xb src/CMakeFiles/can.dir/home/jtag/.pico-sdk/sdk/2.0.0/src/common/pico_sync/mutex.c.obj
 *fill*         0x10006057        0x1 
 .rodata.__func__.3
                0x10006058       0x18 src/CMakeFiles/can.dir/home/jtag/.pico-sdk/sdk/2.0.0/src/common/pico_sync/mutex.c.obj
 .rodata.__func__.6
                0x10006070       0x13 src/CMakeFiles/can.dir/home/jtag/.pico-sdk/sdk/2.0.0/src/common/pico_sync/mutex.c.obj
 .rodata.alarm_pool_irq_handler.str1.4
                0x10006083       0x67 src/CMakeFiles/can.dir/home/jtag/.pico-sdk/sdk/2.0.0/src/common/pico_time/time.c.obj
 .rodata.alarm_pool_get_default.str1.4
                0x10006083       0x21 src/CMakeFiles/can.dir/home/jtag/.pico-sdk/sdk/2.0.0/src/common/pico_time/time.c.obj
 .rodata.sleep_until.str1.4
                0x10006083       0x4d src/CMakeFiles/can.dir/home/jtag/.pico-sdk/sdk/2.0.0/src/common/pico_time/time.c.obj
 *fill*         0x10006083        0x1 
 .rodata.__func__.1
                0x10006084       0x17 src/CMakeFiles/can.dir/home/jtag/.pico-sdk/sdk/2.0.0/src/common/pico_time/time.c.obj
 *fill*         0x1000609b        0x1 
 .rodata.__func__.2
                0x1000609c       0x17 src/CMakeFiles/can.dir/home/jtag/.pico-sdk/sdk/2.0.0/src/common/pico_time/time.c.obj
 .rodata.timer_hardware_alarm_claim.str1.4
                0x100060b3       0x22 src/CMakeFiles/can.dir/home/jtag/.pico-sdk/sdk/2.0.0/src/rp2_common/hardware_timer/timer.c.obj
 .rodata.pll_init.str1.4
                0x100060b3      0x118 src/CMakeFiles/can.dir/home/jtag/.pico-sdk/sdk/2.0.0/src/rp2_common/hardware_pll/pll.c.obj
 *fill*         0x100060b3        0x1 
 .rodata.__func__.0
                0x100060b4        0x9 src/CMakeFiles/can.dir/home/jtag/.pico-sdk/sdk/2.0.0/src/rp2_common/hardware_pll/pll.c.obj
 .rodata.missing_double_func_shim.str1.4
                0x100060bd       0x18 src/CMakeFiles/can.dir/home/jtag/.pico-sdk/sdk/2.0.0/src/rp2_common/pico_double/double_init_rom_rp2040.c.obj
 .rodata.__aeabi_double_init.str1.4
                0x100060bd       0x97 src/CMakeFiles/can.dir/home/jtag/.pico-sdk/sdk/2.0.0/src/rp2_common/pico_double/double_init_rom_rp2040.c.obj
 *fill*         0x100060bd        0x3 
 .rodata.__func__.0
                0x100060c0       0x14 src/CMakeFiles/can.dir/home/jtag/.pico-sdk/sdk/2.0.0/src/rp2_common/pico_double/double_init_rom_rp2040.c.obj
 .rodata.missing_float_func_shim.str1.4
                0x100060d4        0x1 src/CMakeFiles/can.dir/home/jtag/.pico-sdk/sdk/2.0.0/src/rp2_common/pico_float/float_init_rom_rp2040.c.obj
 .rodata.__aeabi_float_init.str1.4
                0x100060d4       0x85 src/CMakeFiles/can.dir/home/jtag/.pico-sdk/sdk/2.0.0/src/rp2_common/pico_float/float_init_rom_rp2040.c.obj
 .rodata.__func__.0
                0x100060d4       0x13 src/CMakeFiles/can.dir/home/jtag/.pico-sdk/sdk/2.0.0/src/rp2_common/pico_float/float_init_rom_rp2040.c.obj
 .rodata.str1.4
                0x100060e7       0x30 src/CMakeFiles/can.dir/home/jtag/.pico-sdk/sdk/2.0.0/src/rp2_common/pico_standard_binary_info/standard_binary_info.c.obj
 *fill*         0x100060e7        0x1 
 .rodata.__bi_84
                0x100060e8        0xc src/CMakeFiles/can.dir/home/jtag/.pico-sdk/sdk/2.0.0/src/rp2_common/pico_standard_binary_info/standard_binary_info.c.obj
 .rodata.__bi_60
                0x100060f4        0xc src/CMakeFiles/can.dir/home/jtag/.pico-sdk/sdk/2.0.0/src/rp2_common/pico_standard_binary_info/standard_binary_info.c.obj
 .rodata.__bi_54
                0x10006100        0xc src/CMakeFiles/can.dir/home/jtag/.pico-sdk/sdk/2.0.0/src/rp2_common/pico_standard_binary_info/standard_binary_info.c.obj
 .rodata.__bi_48
                0x1000610c        0xc src/CMakeFiles/can.dir/home/jtag/.pico-sdk/sdk/2.0.0/src/rp2_common/pico_standard_binary_info/standard_binary_info.c.obj
 .rodata.__bi_42
                0x10006118        0xc src/CMakeFiles/can.dir/home/jtag/.pico-sdk/sdk/2.0.0/src/rp2_common/pico_standard_binary_info/standard_binary_info.c.obj
 .rodata.__bi_34
                0x10006124        0xc src/CMakeFiles/can.dir/home/jtag/.pico-sdk/sdk/2.0.0/src/rp2_common/pico_standard_binary_info/standard_binary_info.c.obj
 .rodata.__bi_26
                0x10006130        0xc src/CMakeFiles/can.dir/home/jtag/.pico-sdk/sdk/2.0.0/src/rp2_common/pico_standard_binary_info/standard_binary_info.c.obj
 .rodata._ftoa.str1.4
                0x1000613c       0x15 src/CMakeFiles/can.dir/home/jtag/.pico-sdk/sdk/2.0.0/src/rp2_common/pico_printf/printf.c.obj
 .rodata._vsnprintf
                0x1000613c      0x19c src/CMakeFiles/can.dir/home/jtag/.pico-sdk/sdk/2.0.0/src/rp2_common/pico_printf/printf.c.obj
 .rodata.pow10.0
                0x100062d8       0x50 src/CMakeFiles/can.dir/home/jtag/.pico-sdk/sdk/2.0.0/src/rp2_common/pico_printf/printf.c.obj
 .rodata.__assert_func.str1.4
                0x10006328       0x43 src/CMakeFiles/can.dir/home/jtag/.pico-sdk/sdk/2.0.0/src/rp2_common/pico_clib_interface/newlib_interface.c.obj
 .rodata.crlf_str.0
                0x10006328        0x2 src/CMakeFiles/can.dir/home/jtag/.pico-sdk/sdk/2.0.0/src/rp2_common/pico_stdio/stdio.c.obj
 .rodata.str1.4
                0x1000632a      0x195 src/CMakeFiles/can.dir/home/jtag/.pico-sdk/sdk/2.0.0/src/rp2_common/hardware_flash/flash.c.obj
 *fill*         0x1000632a        0x2 
 .rodata.__func__.0
                0x1000632c        0xd src/CMakeFiles/can.dir/home/jtag/.pico-sdk/sdk/2.0.0/src/rp2_common/hardware_flash/flash.c.obj
 .rodata.prvInsertBlockIntoFreeList.str1.4
                0x10006339       0xc2 src/CMakeFiles/can.dir/__/lib/freertos/portable/MemMang/heap_4.c.obj
 .rodata.pvPortMalloc.str1.4
                0x10006339      0x18d src/CMakeFiles/can.dir/__/lib/freertos/portable/MemMang/heap_4.c.obj
 *fill*         0x10006339        0x3 
 .rodata.__func__.2
                0x1000633c        0xd src/CMakeFiles/can.dir/__/lib/freertos/portable/MemMang/heap_4.c.obj
 .rodata.vPortYield.str1.4
                0x10006349       0x76 src/CMakeFiles/can.dir/__/lib/freertos/portable/ThirdParty/GCC/RP2040/port.c.obj
 .rodata.vPortExitCritical.str1.4
                0x10006349       0x12 src/CMakeFiles/can.dir/__/lib/freertos/portable/ThirdParty/GCC/RP2040/port.c.obj
 .rodata.vPortLockInternalSpinUnlockWithWait.str1.4
                0x10006349       0x7e src/CMakeFiles/can.dir/__/lib/freertos/portable/ThirdParty/GCC/RP2040/port.c.obj
 *fill*         0x10006349        0x3 
 .rodata.__func__.0
                0x1000634c       0x37 src/CMakeFiles/can.dir/__/lib/freertos/portable/ThirdParty/GCC/RP2040/port.c.obj
 *fill*         0x10006383        0x1 
 .rodata.__func__.1
                0x10006384       0x24 src/CMakeFiles/can.dir/__/lib/freertos/portable/ThirdParty/GCC/RP2040/port.c.obj
 .rodata.__func__.3
                0x100063a8       0x12 src/CMakeFiles/can.dir/__/lib/freertos/portable/ThirdParty/GCC/RP2040/port.c.obj
 *fill*         0x100063ba        0x2 
 .rodata.__func__.4
                0x100063bc        0xb src/CMakeFiles/can.dir/__/lib/freertos/portable/ThirdParty/GCC/RP2040/port.c.obj
 .rodata.xEventGroupWaitBits.str1.4
                0x100063c7       0xeb src/CMakeFiles/can.dir/__/lib/freertos/event_groups.c.obj
 .rodata.xEventGroupSetBits.str1.4
                0x100063c7       0x34 src/CMakeFiles/can.dir/__/lib/freertos/event_groups.c.obj
 *fill*         0x100063c7        0x1 
 .rodata.__func__.1
                0x100063c8       0x13 src/CMakeFiles/can.dir/__/lib/freertos/event_groups.c.obj
 *fill*         0x100063db        0x1 
 .rodata.__func__.3
                0x100063dc       0x14 src/CMakeFiles/can.dir/__/lib/freertos/event_groups.c.obj
 .rodata.prvNotifyQueueSetContainer.str1.4
                0x100063f0       0xb2 src/CMakeFiles/can.dir/__/lib/freertos/queue.c.obj
 .rodata.xQueueGenericReset.str1.4
                0x100063f0       0x2c src/CMakeFiles/can.dir/__/lib/freertos/queue.c.obj
 .rodata.xQueueGenericSend.str1.4
                0x100063f0       0xfb src/CMakeFiles/can.dir/__/lib/freertos/queue.c.obj
 .rodata.__func__.15
                0x100063f0       0x19 src/CMakeFiles/can.dir/__/lib/freertos/queue.c.obj
 *fill*         0x10006409        0x3 
 .rodata.__func__.16
                0x1000640c       0x1b src/CMakeFiles/can.dir/__/lib/freertos/queue.c.obj
 .rodata.prvTaskIsTaskSuspended.str1.4
                0x10006427       0x3c src/CMakeFiles/can.dir/__/lib/freertos/tasks.c.obj
 .rodata.xTaskIncrementTick.str1.4
                0x10006427       0x76 src/CMakeFiles/can.dir/__/lib/freertos/tasks.c.obj
 .rodata.xTaskResumeAll.str1.4
                0x10006427       0x1b src/CMakeFiles/can.dir/__/lib/freertos/tasks.c.obj
 .rodata.vTaskPlaceOnEventList.str1.4
                0x10006427        0xc src/CMakeFiles/can.dir/__/lib/freertos/tasks.c.obj
 .rodata.vTaskPlaceOnUnorderedEventList.str1.4
                0x10006427       0x2b src/CMakeFiles/can.dir/__/lib/freertos/tasks.c.obj
 .rodata.xTaskRemoveFromEventList.str1.4
                0x10006427        0xf src/CMakeFiles/can.dir/__/lib/freertos/tasks.c.obj
 .rodata.xTaskPriorityDisinherit.str1.4
                0x10006427       0x2d src/CMakeFiles/can.dir/__/lib/freertos/tasks.c.obj
 *fill*         0x10006427        0x1 
 .rodata.__func__.8
                0x10006428       0x18 src/CMakeFiles/can.dir/__/lib/freertos/tasks.c.obj
 .rodata.__func__.12
                0x10006440       0x22 src/CMakeFiles/can.dir/__/lib/freertos/tasks.c.obj
 *fill*         0x10006462        0x2 
 .rodata.__func__.13
                0x10006464       0x19 src/CMakeFiles/can.dir/__/lib/freertos/tasks.c.obj
 *fill*         0x1000647d        0x3 
 .rodata.__func__.15
                0x10006480       0x1f src/CMakeFiles/can.dir/__/lib/freertos/tasks.c.obj
 *fill*         0x1000649f        0x1 
 .rodata.__func__.18
                0x100064a0       0x13 src/CMakeFiles/can.dir/__/lib/freertos/tasks.c.obj
 *fill*         0x100064b3        0x1 
 .rodata.__func__.25
                0x100064b4        0xf src/CMakeFiles/can.dir/__/lib/freertos/tasks.c.obj
 *fill*         0x100064c3        0x1 
 .rodata.data_state_update
                0x100064c4       0x28 libcan2040.a(can2040.c.obj)
 .rodata.crc_table
                0x100064ec      0x200 libcan2040.a(can2040.c.obj)
 .rodata.can2040_program_instructions
                0x100066ec       0x40 libcan2040.a(can2040.c.obj)
                0x1000672c                        . = ALIGN (0x4)
 *(SORT_BY_ALIGNMENT(SORT_BY_NAME(.flashdata*)))
                0x1000672c                        . = ALIGN (0x4)

.ARM.extab
 *(.ARM.extab* .gnu.linkonce.armextab.*)
                0x1000672c                        __exidx_start = .

.ARM.exidx
 *(.ARM.exidx* .gnu.linkonce.armexidx.*)
                0x1000672c                        __exidx_end = .
                0x1000672c                        . = ALIGN (0x4)
                0x1000672c                        __binary_info_start = .

.binary_info    0x1000672c       0x1c
 *(.binary_info.keep.*)
 .binary_info.keep.__bi_ptr84
                0x1000672c        0x4 src/CMakeFiles/can.dir/home/jtag/.pico-sdk/sdk/2.0.0/src/rp2_common/pico_standard_binary_info/standard_binary_info.c.obj
 .binary_info.keep.__bi_ptr60
                0x10006730        0x4 src/CMakeFiles/can.dir/home/jtag/.pico-sdk/sdk/2.0.0/src/rp2_common/pico_standard_binary_info/standard_binary_info.c.obj
 .binary_info.keep.__bi_ptr54
                0x10006734        0x4 src/CMakeFiles/can.dir/home/jtag/.pico-sdk/sdk/2.0.0/src/rp2_common/pico_standard_binary_info/standard_binary_info.c.obj
 .binary_info.keep.__bi_ptr48
                0x10006738        0x4 src/CMakeFiles/can.dir/home/jtag/.pico-sdk/sdk/2.0.0/src/rp2_common/pico_standard_binary_info/standard_binary_info.c.obj
 .binary_info.keep.__bi_ptr42
                0x1000673c        0x4 src/CMakeFiles/can.dir/home/jtag/.pico-sdk/sdk/2.0.0/src/rp2_common/pico_standard_binary_info/standard_binary_info.c.obj
 .binary_info.keep.__bi_ptr34
                0x10006740        0x4 src/CMakeFiles/can.dir/home/jtag/.pico-sdk/sdk/2.0.0/src/rp2_common/pico_standard_binary_info/standard_binary_info.c.obj
 .binary_info.keep.__bi_ptr26
                0x10006744        0x4 src/CMakeFiles/can.dir/home/jtag/.pico-sdk/sdk/2.0.0/src/rp2_common/pico_standard_binary_info/standard_binary_info.c.obj
 *(.binary_info.*)
                0x10006748                        __binary_info_end = .

.rel.dyn        0x10006748        0x0
 .rel.iplt      0x10006748        0x0 /home/jtag/.pico-sdk/toolchain/13_2_Rel1/bin/../lib/gcc/arm-none-eabi/13.2.1/thumb/v6-m/nofp/crtbegin.o
                0x10006748                        . = ALIGN (0x4)

.ram_vector_table
                0x20000000       0xc0
 *(.ram_vector_table)
 .ram_vector_table
                0x20000000       0xc0 src/CMakeFiles/can.dir/home/jtag/.pico-sdk/sdk/2.0.0/src/rp2_common/pico_runtime_init/runtime_init.c.obj
                0x20000000                ram_vector_table

.uninitialized_data
                0x200000c0        0x0
                0x200000c0                        . = ALIGN (0x4)
 *(.uninitialized_data*)

.data           0x200000c0      0x304 load address 0x10006748
                0x200000c0                        __data_start__ = .
 *(vtable)
 *(.time_critical*)
 .time_critical.mutex_try_enter
                0x200000c0       0x42 src/CMakeFiles/can.dir/home/jtag/.pico-sdk/sdk/2.0.0/src/common/pico_sync/mutex.c.obj
                0x200000c0                mutex_try_enter
 *fill*         0x20000102        0x2 
 .time_critical.mutex_enter_block_until
                0x20000104       0x74 src/CMakeFiles/can.dir/home/jtag/.pico-sdk/sdk/2.0.0/src/common/pico_sync/mutex.c.obj
                0x20000104                mutex_enter_block_until
 .time_critical.mutex_try_enter_block_until
                0x20000178       0x32 src/CMakeFiles/can.dir/home/jtag/.pico-sdk/sdk/2.0.0/src/common/pico_sync/mutex.c.obj
                0x20000178                mutex_try_enter_block_until
 *fill*         0x200001aa        0x2 
 .time_critical.mutex_exit
                0x200001ac       0x40 src/CMakeFiles/can.dir/home/jtag/.pico-sdk/sdk/2.0.0/src/common/pico_sync/mutex.c.obj
                0x200001ac                mutex_exit
 .time_critical.flash_init_boot2_copyout
                0x200001ec       0x30 src/CMakeFiles/can.dir/home/jtag/.pico-sdk/sdk/2.0.0/src/rp2_common/hardware_flash/flash.c.obj
 .time_critical.flash_enable_xip_via_boot2
                0x2000021c        0xc src/CMakeFiles/can.dir/home/jtag/.pico-sdk/sdk/2.0.0/src/rp2_common/hardware_flash/flash.c.obj
 .time_critical.flash_cs_force
                0x20000228       0x28 src/CMakeFiles/can.dir/home/jtag/.pico-sdk/sdk/2.0.0/src/rp2_common/hardware_flash/flash.c.obj
 .time_critical.flash_do_cmd
                0x20000250       0xd8 src/CMakeFiles/can.dir/home/jtag/.pico-sdk/sdk/2.0.0/src/rp2_common/hardware_flash/flash.c.obj
                0x20000250                flash_do_cmd
 *(.text*)
 .text          0x20000328        0x4 /home/jtag/.pico-sdk/toolchain/13_2_Rel1/bin/../lib/gcc/arm-none-eabi/13.2.1/thumb/v6-m/nofp/libgcc.a(_dvmd_tls.o)
                0x20000328                __aeabi_ldiv0
                0x20000328                __aeabi_idiv0
 *fill*         0x2000032c        0x4 
 .text.__stub   0x20000330       0x40 linker stubs
                0x20000370                        . = ALIGN (0x4)
 *(.rodata*)
                0x20000370                        . = ALIGN (0x4)
 *(.data*)
 .data.striped_spin_lock_num
                0x20000370        0x1 src/CMakeFiles/can.dir/home/jtag/.pico-sdk/sdk/2.0.0/src/rp2_common/hardware_sync/sync.c.obj
 *fill*         0x20000371        0x3 
 .data.default_alarm_pool
                0x20000374       0x18 src/CMakeFiles/can.dir/home/jtag/.pico-sdk/sdk/2.0.0/src/common/pico_time/time.c.obj
 *fill*         0x2000038c        0x4 
 .data.aeabi_bits_funcs
                0x20000390       0x10 src/CMakeFiles/can.dir/home/jtag/.pico-sdk/sdk/2.0.0/src/rp2_common/pico_bit_ops/bit_ops_aeabi.S.obj
                0x20000390                aeabi_bits_funcs
                0x200003a0                aeabi_bits_funcs_end
 .data.aeabi_mem_funcs
                0x200003a0       0x10 src/CMakeFiles/can.dir/home/jtag/.pico-sdk/sdk/2.0.0/src/rp2_common/pico_mem_ops/mem_ops_aeabi.S.obj
                0x200003a0                aeabi_mem_funcs
                0x200003b0                aeabi_mem_funcs_end
 .data.ucPrimaryCoreNum
                0x200003b0        0x1 src/CMakeFiles/can.dir/__/lib/freertos/portable/ThirdParty/GCC/RP2040/port.c.obj
                0x200003b4                        . = ALIGN (0x4)
 *fill*         0x200003b1        0x3 
 *(.after_data.*)
                0x200003b4                        . = ALIGN (0x4)
                0x200003b4                        PROVIDE (__mutex_array_start = .)
 *(SORT_BY_NAME(.mutex_array.*))
 *(.mutex_array)
 .mutex_array   0x200003b4        0x8 src/CMakeFiles/can.dir/home/jtag/.pico-sdk/sdk/2.0.0/src/rp2_common/pico_malloc/malloc.c.obj
 .mutex_array   0x200003bc        0x8 src/CMakeFiles/can.dir/home/jtag/.pico-sdk/sdk/2.0.0/src/rp2_common/pico_stdio/stdio.c.obj
                0x200003c4                        PROVIDE (__mutex_array_end = .)
                0x200003c4                        . = ALIGN (0x4)
 *(.jcr)
                0x200003c4                        . = ALIGN (0x4)

.tm_clone_table
                0x200003c4        0x0 load address 0x10006a4c
 .tm_clone_table
                0x200003c4        0x0 /home/jtag/.pico-sdk/toolchain/13_2_Rel1/bin/../lib/gcc/arm-none-eabi/13.2.1/thumb/v6-m/nofp/crtbegin.o
 .tm_clone_table
                0x200003c4        0x0 /home/jtag/.pico-sdk/toolchain/13_2_Rel1/bin/../lib/gcc/arm-none-eabi/13.2.1/thumb/v6-m/nofp/crtend.o

.igot.plt       0x200003c4        0x0 load address 0x10006a4c
 .igot.plt      0x200003c4        0x0 /home/jtag/.pico-sdk/toolchain/13_2_Rel1/bin/../lib/gcc/arm-none-eabi/13.2.1/thumb/v6-m/nofp/crtbegin.o

.tdata          0x200003c4        0x0 load address 0x10006a4c
                0x200003c4                        . = ALIGN (0x4)
 *(.tdata .tdata.* .gnu.linkonce.td.*)
                0x200003c4                        __tdata_end = .
                0x200003c4                        PROVIDE (__data_end__ = .)
                0x10006748                        __etext = LOADADDR (.data)

.tbss           0x200003c4        0x0 load address 0x10006a4c
                0x200003c4                        . = ALIGN (0x4)
                0x200003c4                        __bss_start__ = .
                0x200003c4                        __tls_base = .
 *(.tbss .tbss.* .gnu.linkonce.tb.*)
 *(.tcommon)
                0x200003c4                        __tls_end = .

.bss            0x200003c8    0x20914 load address 0x10006a4c
                0x200003c8                        . = ALIGN (0x4)
                0x200003c8                        __tbss_end = .
 *(SORT_BY_ALIGNMENT(SORT_BY_NAME(.bss*)))
 .bss.default_alarm_pool_entries
                0x200003c8      0x180 src/CMakeFiles/can.dir/home/jtag/.pico-sdk/sdk/2.0.0/src/common/pico_time/time.c.obj
 .bss.boot2_copyout
                0x20000548      0x100 src/CMakeFiles/can.dir/home/jtag/.pico-sdk/sdk/2.0.0/src/rp2_common/hardware_flash/flash.c.obj
 .bss.cbus      0x20000648      0x118 src/CMakeFiles/can.dir/can.c.obj
 .bss.claimed   0x20000760        0x1 src/CMakeFiles/can.dir/home/jtag/.pico-sdk/sdk/2.0.0/src/rp2_common/hardware_timer/timer.c.obj
 *fill*         0x20000761        0x3 
 .bss.configured_freq
                0x20000764       0x28 src/CMakeFiles/can.dir/home/jtag/.pico-sdk/sdk/2.0.0/src/rp2_common/hardware_clocks/clocks.c.obj
 .bss.drivers   0x2000078c        0x4 src/CMakeFiles/can.dir/home/jtag/.pico-sdk/sdk/2.0.0/src/rp2_common/pico_stdio/stdio.c.obj
 .bss.filter    0x20000790        0x4 src/CMakeFiles/can.dir/home/jtag/.pico-sdk/sdk/2.0.0/src/rp2_common/pico_stdio/stdio.c.obj
 .bss.object.0  0x20000794       0x18 /home/jtag/.pico-sdk/toolchain/13_2_Rel1/bin/../lib/gcc/arm-none-eabi/13.2.1/thumb/v6-m/nofp/crtbegin.o
 .bss.pools     0x200007ac       0x10 src/CMakeFiles/can.dir/home/jtag/.pico-sdk/sdk/2.0.0/src/common/pico_time/time.c.obj
 .bss.pxCrossCoreSpinLock
                0x200007bc        0x4 src/CMakeFiles/can.dir/__/lib/freertos/portable/ThirdParty/GCC/RP2040/port.c.obj
 .bss.pxCurrentTCB
                0x200007c0        0x4 src/CMakeFiles/can.dir/__/lib/freertos/tasks.c.obj
                0x200007c0                pxCurrentTCB
 .bss.pxDelayedTaskList
                0x200007c4        0x4 src/CMakeFiles/can.dir/__/lib/freertos/tasks.c.obj
 .bss.pxEnd     0x200007c8        0x4 src/CMakeFiles/can.dir/__/lib/freertos/portable/MemMang/heap_4.c.obj
 .bss.pxOverflowDelayedTaskList
                0x200007cc        0x4 src/CMakeFiles/can.dir/__/lib/freertos/tasks.c.obj
 .bss.pxReadyTasksLists
                0x200007d0      0x280 src/CMakeFiles/can.dir/__/lib/freertos/tasks.c.obj
 .bss.pxYieldSpinLock
                0x20000a50        0x4 src/CMakeFiles/can.dir/__/lib/freertos/portable/ThirdParty/GCC/RP2040/port.c.obj
 .bss.retrieved_id
                0x20000a54        0x8 src/CMakeFiles/can.dir/home/jtag/.pico-sdk/sdk/2.0.0/src/rp2_common/pico_unique_id/unique_id.c.obj
 .bss.sd_table  0x20000a5c      0x100 src/CMakeFiles/can.dir/home/jtag/.pico-sdk/sdk/2.0.0/src/rp2_common/pico_double/double_init_rom_rp2040.c.obj
                0x20000a5c                sd_table
 .bss.sf_clz_func
                0x20000b5c        0x4 src/CMakeFiles/can.dir/home/jtag/.pico-sdk/sdk/2.0.0/src/rp2_common/pico_double/double_init_rom_rp2040.c.obj
                0x20000b5c                sf_clz_func
 .bss.sf_table  0x20000b60      0x100 src/CMakeFiles/can.dir/home/jtag/.pico-sdk/sdk/2.0.0/src/rp2_common/pico_float/float_init_rom_rp2040.c.obj
                0x20000b60                sf_table
 .bss.sleep_notifier
                0x20000c60        0x4 src/CMakeFiles/can.dir/home/jtag/.pico-sdk/sdk/2.0.0/src/common/pico_time/time.c.obj
 .bss.ucHeap    0x20000c64    0x20000 src/CMakeFiles/can.dir/__/lib/freertos/portable/MemMang/heap_4.c.obj
 .bss.ulYieldSpinLockSaveValue
                0x20020c64        0x4 src/CMakeFiles/can.dir/__/lib/freertos/portable/ThirdParty/GCC/RP2040/port.c.obj
 .bss.uxCriticalNesting
                0x20020c68        0x4 src/CMakeFiles/can.dir/__/lib/freertos/portable/ThirdParty/GCC/RP2040/port.c.obj
 .bss.uxCrossCoreEventBits
                0x20020c6c        0x4 src/CMakeFiles/can.dir/__/lib/freertos/portable/ThirdParty/GCC/RP2040/port.c.obj
 .bss.uxCurrentNumberOfTasks
                0x20020c70        0x4 src/CMakeFiles/can.dir/__/lib/freertos/tasks.c.obj
 .bss.uxSchedulerSuspended
                0x20020c74        0x4 src/CMakeFiles/can.dir/__/lib/freertos/tasks.c.obj
 .bss.uxTopReadyPriority
                0x20020c78        0x4 src/CMakeFiles/can.dir/__/lib/freertos/tasks.c.obj
 .bss.xEventGroup
                0x20020c7c        0x4 src/CMakeFiles/can.dir/__/lib/freertos/portable/ThirdParty/GCC/RP2040/port.c.obj
 .bss.xFreeBytesRemaining
                0x20020c80        0x4 src/CMakeFiles/can.dir/__/lib/freertos/portable/MemMang/heap_4.c.obj
 .bss.xMinimumEverFreeBytesRemaining
                0x20020c84        0x4 src/CMakeFiles/can.dir/__/lib/freertos/portable/MemMang/heap_4.c.obj
 .bss.xNextTaskUnblockTime
                0x20020c88        0x4 src/CMakeFiles/can.dir/__/lib/freertos/tasks.c.obj
 .bss.xNumOfOverflows
                0x20020c8c        0x4 src/CMakeFiles/can.dir/__/lib/freertos/tasks.c.obj
 .bss.xNumberOfSuccessfulAllocations
                0x20020c90        0x4 src/CMakeFiles/can.dir/__/lib/freertos/portable/MemMang/heap_4.c.obj
 .bss.xPendedTicks
                0x20020c94        0x4 src/CMakeFiles/can.dir/__/lib/freertos/tasks.c.obj
 .bss.xPendingReadyList
                0x20020c98       0x14 src/CMakeFiles/can.dir/__/lib/freertos/tasks.c.obj
 .bss.xSchedulerRunning
                0x20020cac        0x4 src/CMakeFiles/can.dir/__/lib/freertos/tasks.c.obj
 .bss.xStart    0x20020cb0        0x8 src/CMakeFiles/can.dir/__/lib/freertos/portable/MemMang/heap_4.c.obj
 .bss.xSuspendedTaskList
                0x20020cb8       0x14 src/CMakeFiles/can.dir/__/lib/freertos/tasks.c.obj
 .bss.xTickCount
                0x20020ccc        0x4 src/CMakeFiles/can.dir/__/lib/freertos/tasks.c.obj
 .bss.xTimerQueue
                0x20020cd0        0x4 src/CMakeFiles/can.dir/__/lib/freertos/timers.c.obj
 .bss.xYieldPendings
                0x20020cd4        0x4 src/CMakeFiles/can.dir/__/lib/freertos/tasks.c.obj
 .bss.boot2_copyout_valid
                0x20020cd8        0x1 src/CMakeFiles/can.dir/home/jtag/.pico-sdk/sdk/2.0.0/src/rp2_common/hardware_flash/flash.c.obj
 *(COMMON)
                0x20020cdc                        . = ALIGN (0x4)
 *fill*         0x20020cd9        0x3 
                0x20020cdc                        __bss_end__ = .

.heap           0x20020cdc    0x1f324 load address 0x10006a4c
                0x20020cdc                        __end__ = .
                0x20020cdc                        end = __end__
 *(.heap*)
 .heap          0x20020cdc      0x800 src/CMakeFiles/can.dir/home/jtag/.pico-sdk/sdk/2.0.0/src/rp2_common/pico_crt0/crt0.S.obj
                0x20040000                        . = (ORIGIN (RAM) + LENGTH (RAM))
 *fill*         0x200214dc    0x1eb24 
                0x20040000                        __HeapLimit = .

.scratch_x      0x20040000        0x0 load address 0x10006a4c
                0x20040000                        __scratch_x_start__ = .
 *(.scratch_x.*)
                0x20040000                        . = ALIGN (0x4)
                0x20040000                        __scratch_x_end__ = .
                0x10006a4c                        __scratch_x_source__ = LOADADDR (.scratch_x)

.scratch_y      0x20041000        0x0 load address 0x10006a4c
                0x20041000                        __scratch_y_start__ = .
 *(.scratch_y.*)
                0x20041000                        . = ALIGN (0x4)
                0x20041000                        __scratch_y_end__ = .
                0x10006a4c                        __scratch_y_source__ = LOADADDR (.scratch_y)

.stack1_dummy   0x20040000      0x800
 *(.stack1*)
 .stack1        0x20040000      0x800 src/CMakeFiles/can.dir/home/jtag/.pico-sdk/sdk/2.0.0/src/rp2_common/pico_multicore/multicore.c.obj

.stack_dummy    0x20041000      0x800
 *(.stack*)
 .stack         0x20041000      0x800 src/CMakeFiles/can.dir/home/jtag/.pico-sdk/sdk/2.0.0/src/rp2_common/pico_crt0/crt0.S.obj

.flash_end      0x10006a4c        0x0
 *(.embedded_end_block*)
                0x10006a4c                        PROVIDE (__flash_binary_end = .)
                0x20040000                        __StackLimit = (ORIGIN (RAM) + LENGTH (RAM))
                0x20041000                        __StackOneTop = (ORIGIN (SCRATCH_X) + LENGTH (SCRATCH_X))
                0x20042000                        __StackTop = (ORIGIN (SCRATCH_Y) + LENGTH (SCRATCH_Y))
                0x20040800                        __StackOneBottom = (__StackOneTop - SIZEOF (.stack1_dummy))
                0x20041800                        __StackBottom = (__StackTop - SIZEOF (.stack_dummy))
                0x20042000                        PROVIDE (__stack = __StackTop)
                [!provide]                        PROVIDE (__heap_start = __end__)
                [!provide]                        PROVIDE (__heap_end = __HeapLimit)
                [!provide]                        PROVIDE (__tls_align = MAX (ALIGNOF (.tdata), ALIGNOF (.tbss)))
                [!provide]                        PROVIDE (__tls_size_align = (((__tls_size + __tls_align) - 0x1) & ~ ((__tls_align - 0x1))))
                [!provide]                        PROVIDE (__arm32_tls_tcb_offset = MAX (0x8, __tls_align))
                [!provide]                        PROVIDE (_end = __end__)
                [!provide]                        PROVIDE (__llvm_libc_heap_limit = __HeapLimit)
                0x00000001                        ASSERT ((__StackLimit >= __HeapLimit), region RAM overflowed)
                0x00000001                        ASSERT (((__binary_info_header_end - __logical_binary_start) <= 0x100), Binary info must be in first 256 bytes of the binary)
LOAD src/CMakeFiles/can.dir/can.c.obj
LOAD src/CMakeFiles/can.dir/home/jtag/.pico-sdk/sdk/2.0.0/src/rp2_common/pico_stdlib/stdlib.c.obj
LOAD src/CMakeFiles/can.dir/home/jtag/.pico-sdk/sdk/2.0.0/src/rp2_common/hardware_gpio/gpio.c.obj
LOAD src/CMakeFiles/can.dir/home/jtag/.pico-sdk/sdk/2.0.0/src/rp2040/pico_platform/platform.c.obj
LOAD src/CMakeFiles/can.dir/home/jtag/.pico-sdk/sdk/2.0.0/src/rp2_common/pico_platform_panic/panic.c.obj
LOAD src/CMakeFiles/can.dir/home/jtag/.pico-sdk/sdk/2.0.0/src/common/hardware_claim/claim.c.obj
LOAD src/CMakeFiles/can.dir/home/jtag/.pico-sdk/sdk/2.0.0/src/rp2_common/hardware_sync/sync.c.obj
LOAD src/CMakeFiles/can.dir/home/jtag/.pico-sdk/sdk/2.0.0/src/rp2_common/hardware_sync_spin_lock/sync_spin_lock.c.obj
LOAD src/CMakeFiles/can.dir/home/jtag/.pico-sdk/sdk/2.0.0/src/rp2_common/hardware_irq/irq.c.obj
LOAD src/CMakeFiles/can.dir/home/jtag/.pico-sdk/sdk/2.0.0/src/rp2_common/hardware_irq/irq_handler_chain.S.obj
LOAD src/CMakeFiles/can.dir/home/jtag/.pico-sdk/sdk/2.0.0/src/common/pico_sync/sem.c.obj
LOAD src/CMakeFiles/can.dir/home/jtag/.pico-sdk/sdk/2.0.0/src/common/pico_sync/lock_core.c.obj
LOAD src/CMakeFiles/can.dir/home/jtag/.pico-sdk/sdk/2.0.0/src/common/pico_sync/mutex.c.obj
LOAD src/CMakeFiles/can.dir/home/jtag/.pico-sdk/sdk/2.0.0/src/common/pico_sync/critical_section.c.obj
LOAD src/CMakeFiles/can.dir/home/jtag/.pico-sdk/sdk/2.0.0/src/common/pico_time/time.c.obj
LOAD src/CMakeFiles/can.dir/home/jtag/.pico-sdk/sdk/2.0.0/src/common/pico_time/timeout_helper.c.obj
LOAD src/CMakeFiles/can.dir/home/jtag/.pico-sdk/sdk/2.0.0/src/rp2_common/hardware_timer/timer.c.obj
LOAD src/CMakeFiles/can.dir/home/jtag/.pico-sdk/sdk/2.0.0/src/common/pico_util/datetime.c.obj
LOAD src/CMakeFiles/can.dir/home/jtag/.pico-sdk/sdk/2.0.0/src/common/pico_util/pheap.c.obj
LOAD src/CMakeFiles/can.dir/home/jtag/.pico-sdk/sdk/2.0.0/src/common/pico_util/queue.c.obj
LOAD src/CMakeFiles/can.dir/home/jtag/.pico-sdk/sdk/2.0.0/src/rp2_common/hardware_uart/uart.c.obj
LOAD src/CMakeFiles/can.dir/home/jtag/.pico-sdk/sdk/2.0.0/src/rp2_common/hardware_clocks/clocks.c.obj
LOAD src/CMakeFiles/can.dir/home/jtag/.pico-sdk/sdk/2.0.0/src/rp2_common/hardware_pll/pll.c.obj
LOAD src/CMakeFiles/can.dir/home/jtag/.pico-sdk/sdk/2.0.0/src/rp2_common/hardware_vreg/vreg.c.obj
LOAD src/CMakeFiles/can.dir/home/jtag/.pico-sdk/sdk/2.0.0/src/rp2_common/hardware_watchdog/watchdog.c.obj
LOAD src/CMakeFiles/can.dir/home/jtag/.pico-sdk/sdk/2.0.0/src/rp2_common/hardware_ticks/ticks.c.obj
LOAD src/CMakeFiles/can.dir/home/jtag/.pico-sdk/sdk/2.0.0/src/rp2_common/hardware_xosc/xosc.c.obj
LOAD src/CMakeFiles/can.dir/home/jtag/.pico-sdk/sdk/2.0.0/src/rp2_common/hardware_divider/divider.S.obj
LOAD src/CMakeFiles/can.dir/home/jtag/.pico-sdk/sdk/2.0.0/src/rp2_common/pico_runtime/runtime.c.obj
LOAD src/CMakeFiles/can.dir/home/jtag/.pico-sdk/sdk/2.0.0/src/rp2_common/pico_runtime_init/runtime_init.c.obj
LOAD src/CMakeFiles/can.dir/home/jtag/.pico-sdk/sdk/2.0.0/src/rp2_common/pico_runtime_init/runtime_init_clocks.c.obj
LOAD src/CMakeFiles/can.dir/home/jtag/.pico-sdk/sdk/2.0.0/src/rp2_common/pico_runtime_init/runtime_init_stack_guard.c.obj
LOAD src/CMakeFiles/can.dir/home/jtag/.pico-sdk/sdk/2.0.0/src/rp2_common/pico_bit_ops/bit_ops_aeabi.S.obj
LOAD src/CMakeFiles/can.dir/home/jtag/.pico-sdk/sdk/2.0.0/src/rp2_common/pico_bootrom/bootrom.c.obj
LOAD src/CMakeFiles/can.dir/home/jtag/.pico-sdk/sdk/2.0.0/src/rp2_common/pico_bootrom/bootrom_lock.c.obj
LOAD src/CMakeFiles/can.dir/home/jtag/.pico-sdk/sdk/2.0.0/src/rp2_common/hardware_boot_lock/boot_lock.c.obj
LOAD src/CMakeFiles/can.dir/home/jtag/.pico-sdk/sdk/2.0.0/src/rp2_common/pico_divider/divider_hardware.S.obj
LOAD src/CMakeFiles/can.dir/home/jtag/.pico-sdk/sdk/2.0.0/src/rp2_common/pico_double/double_aeabi_rp2040.S.obj
LOAD src/CMakeFiles/can.dir/home/jtag/.pico-sdk/sdk/2.0.0/src/rp2_common/pico_double/double_init_rom_rp2040.c.obj
LOAD src/CMakeFiles/can.dir/home/jtag/.pico-sdk/sdk/2.0.0/src/rp2_common/pico_double/double_math.c.obj
LOAD src/CMakeFiles/can.dir/home/jtag/.pico-sdk/sdk/2.0.0/src/rp2_common/pico_double/double_v1_rom_shim_rp2040.S.obj
LOAD src/CMakeFiles/can.dir/home/jtag/.pico-sdk/sdk/2.0.0/src/rp2_common/pico_int64_ops/pico_int64_ops_aeabi.S.obj
LOAD src/CMakeFiles/can.dir/home/jtag/.pico-sdk/sdk/2.0.0/src/rp2_common/pico_float/float_aeabi_rp2040.S.obj
LOAD src/CMakeFiles/can.dir/home/jtag/.pico-sdk/sdk/2.0.0/src/rp2_common/pico_float/float_init_rom_rp2040.c.obj
LOAD src/CMakeFiles/can.dir/home/jtag/.pico-sdk/sdk/2.0.0/src/rp2_common/pico_float/float_math.c.obj
LOAD src/CMakeFiles/can.dir/home/jtag/.pico-sdk/sdk/2.0.0/src/rp2_common/pico_float/float_v1_rom_shim_rp2040.S.obj
LOAD src/CMakeFiles/can.dir/home/jtag/.pico-sdk/sdk/2.0.0/src/rp2_common/pico_malloc/malloc.c.obj
LOAD src/CMakeFiles/can.dir/home/jtag/.pico-sdk/sdk/2.0.0/src/rp2_common/pico_mem_ops/mem_ops_aeabi.S.obj
LOAD src/CMakeFiles/can.dir/home/jtag/.pico-sdk/sdk/2.0.0/src/rp2_common/pico_atomic/atomic.c.obj
LOAD src/CMakeFiles/can.dir/home/jtag/.pico-sdk/sdk/2.0.0/src/rp2_common/pico_cxx_options/new_delete.cpp.obj
LOAD src/CMakeFiles/can.dir/home/jtag/.pico-sdk/sdk/2.0.0/src/rp2_common/pico_standard_binary_info/standard_binary_info.c.obj
LOAD src/CMakeFiles/can.dir/home/jtag/.pico-sdk/sdk/2.0.0/src/rp2_common/pico_printf/printf.c.obj
LOAD src/CMakeFiles/can.dir/home/jtag/.pico-sdk/sdk/2.0.0/src/rp2_common/pico_crt0/crt0.S.obj
LOAD src/CMakeFiles/can.dir/home/jtag/.pico-sdk/sdk/2.0.0/src/rp2_common/pico_clib_interface/newlib_interface.c.obj
LOAD src/CMakeFiles/can.dir/home/jtag/.pico-sdk/sdk/2.0.0/src/rp2_common/pico_stdio/stdio.c.obj
LOAD src/CMakeFiles/can.dir/home/jtag/.pico-sdk/sdk/2.0.0/src/rp2_common/pico_stdio_usb/reset_interface.c.obj
LOAD src/CMakeFiles/can.dir/home/jtag/.pico-sdk/sdk/2.0.0/src/rp2_common/pico_stdio_usb/stdio_usb.c.obj
LOAD src/CMakeFiles/can.dir/home/jtag/.pico-sdk/sdk/2.0.0/src/rp2_common/pico_stdio_usb/stdio_usb_descriptors.c.obj
LOAD src/CMakeFiles/can.dir/home/jtag/.pico-sdk/sdk/2.0.0/src/rp2_common/pico_unique_id/unique_id.c.obj
LOAD src/CMakeFiles/can.dir/home/jtag/.pico-sdk/sdk/2.0.0/src/rp2_common/hardware_flash/flash.c.obj
LOAD src/CMakeFiles/can.dir/home/jtag/.pico-sdk/sdk/2.0.0/lib/tinyusb/src/portable/raspberrypi/rp2040/dcd_rp2040.c.obj
LOAD src/CMakeFiles/can.dir/home/jtag/.pico-sdk/sdk/2.0.0/lib/tinyusb/src/portable/raspberrypi/rp2040/rp2040_usb.c.obj
LOAD src/CMakeFiles/can.dir/home/jtag/.pico-sdk/sdk/2.0.0/lib/tinyusb/src/device/usbd.c.obj
LOAD src/CMakeFiles/can.dir/home/jtag/.pico-sdk/sdk/2.0.0/lib/tinyusb/src/device/usbd_control.c.obj
LOAD src/CMakeFiles/can.dir/home/jtag/.pico-sdk/sdk/2.0.0/lib/tinyusb/src/class/audio/audio_device.c.obj
LOAD src/CMakeFiles/can.dir/home/jtag/.pico-sdk/sdk/2.0.0/lib/tinyusb/src/class/cdc/cdc_device.c.obj
LOAD src/CMakeFiles/can.dir/home/jtag/.pico-sdk/sdk/2.0.0/lib/tinyusb/src/class/dfu/dfu_device.c.obj
LOAD src/CMakeFiles/can.dir/home/jtag/.pico-sdk/sdk/2.0.0/lib/tinyusb/src/class/dfu/dfu_rt_device.c.obj
LOAD src/CMakeFiles/can.dir/home/jtag/.pico-sdk/sdk/2.0.0/lib/tinyusb/src/class/hid/hid_device.c.obj
LOAD src/CMakeFiles/can.dir/home/jtag/.pico-sdk/sdk/2.0.0/lib/tinyusb/src/class/midi/midi_device.c.obj
LOAD src/CMakeFiles/can.dir/home/jtag/.pico-sdk/sdk/2.0.0/lib/tinyusb/src/class/msc/msc_device.c.obj
LOAD src/CMakeFiles/can.dir/home/jtag/.pico-sdk/sdk/2.0.0/lib/tinyusb/src/class/net/ecm_rndis_device.c.obj
LOAD src/CMakeFiles/can.dir/home/jtag/.pico-sdk/sdk/2.0.0/lib/tinyusb/src/class/net/ncm_device.c.obj
LOAD src/CMakeFiles/can.dir/home/jtag/.pico-sdk/sdk/2.0.0/lib/tinyusb/src/class/usbtmc/usbtmc_device.c.obj
LOAD src/CMakeFiles/can.dir/home/jtag/.pico-sdk/sdk/2.0.0/lib/tinyusb/src/class/vendor/vendor_device.c.obj
LOAD src/CMakeFiles/can.dir/home/jtag/.pico-sdk/sdk/2.0.0/lib/tinyusb/src/class/video/video_device.c.obj
LOAD src/CMakeFiles/can.dir/home/jtag/.pico-sdk/sdk/2.0.0/lib/tinyusb/src/tusb.c.obj
LOAD src/CMakeFiles/can.dir/home/jtag/.pico-sdk/sdk/2.0.0/lib/tinyusb/src/common/tusb_fifo.c.obj
LOAD src/CMakeFiles/can.dir/home/jtag/.pico-sdk/sdk/2.0.0/src/rp2_common/pico_fix/rp2040_usb_device_enumeration/rp2040_usb_device_enumeration.c.obj
LOAD src/CMakeFiles/can.dir/home/jtag/.pico-sdk/sdk/2.0.0/src/rp2_common/pico_multicore/multicore.c.obj
LOAD src/CMakeFiles/can.dir/home/jtag/.pico-sdk/sdk/2.0.0/src/rp2_common/pico_async_context/async_context_freertos.c.obj
LOAD src/CMakeFiles/can.dir/home/jtag/.pico-sdk/sdk/2.0.0/src/rp2_common/pico_async_context/async_context_base.c.obj
LOAD src/CMakeFiles/can.dir/__/lib/freertos/portable/MemMang/heap_4.c.obj
LOAD src/CMakeFiles/can.dir/__/lib/freertos/portable/ThirdParty/GCC/RP2040/port.c.obj
LOAD src/CMakeFiles/can.dir/__/lib/freertos/croutine.c.obj
LOAD src/CMakeFiles/can.dir/__/lib/freertos/event_groups.c.obj
LOAD src/CMakeFiles/can.dir/__/lib/freertos/list.c.obj
LOAD src/CMakeFiles/can.dir/__/lib/freertos/queue.c.obj
LOAD src/CMakeFiles/can.dir/__/lib/freertos/stream_buffer.c.obj
LOAD src/CMakeFiles/can.dir/__/lib/freertos/tasks.c.obj
LOAD src/CMakeFiles/can.dir/__/lib/freertos/timers.c.obj
LOAD src/CMakeFiles/can.dir/home/jtag/.pico-sdk/sdk/2.0.0/src/rp2_common/hardware_exception/exception.c.obj
LOAD src/CMakeFiles/can.dir/home/jtag/.pico-sdk/sdk/2.0.0/src/rp2_common/pico_cyw43_arch/cyw43_arch.c.obj
LOAD src/CMakeFiles/can.dir/home/jtag/.pico-sdk/sdk/2.0.0/src/rp2_common/pico_cyw43_arch/cyw43_arch_poll.c.obj
LOAD src/CMakeFiles/can.dir/home/jtag/.pico-sdk/sdk/2.0.0/src/rp2_common/pico_cyw43_arch/cyw43_arch_threadsafe_background.c.obj
LOAD src/CMakeFiles/can.dir/home/jtag/.pico-sdk/sdk/2.0.0/src/rp2_common/pico_cyw43_arch/cyw43_arch_freertos.c.obj
LOAD src/CMakeFiles/can.dir/home/jtag/.pico-sdk/sdk/2.0.0/src/rp2_common/pico_cyw43_driver/cyw43_bus_pio_spi.c.obj
LOAD src/CMakeFiles/can.dir/home/jtag/.pico-sdk/sdk/2.0.0/lib/cyw43-driver/src/cyw43_ll.c.obj
LOAD src/CMakeFiles/can.dir/home/jtag/.pico-sdk/sdk/2.0.0/lib/cyw43-driver/src/cyw43_stats.c.obj
LOAD src/CMakeFiles/can.dir/home/jtag/.pico-sdk/sdk/2.0.0/lib/cyw43-driver/src/cyw43_lwip.c.obj
LOAD src/CMakeFiles/can.dir/home/jtag/.pico-sdk/sdk/2.0.0/lib/cyw43-driver/src/cyw43_ctrl.c.obj
LOAD src/CMakeFiles/can.dir/home/jtag/.pico-sdk/sdk/2.0.0/src/rp2_common/pico_cyw43_driver/cybt_shared_bus/cybt_shared_bus.c.obj
LOAD src/CMakeFiles/can.dir/home/jtag/.pico-sdk/sdk/2.0.0/src/rp2_common/pico_cyw43_driver/cybt_shared_bus/cybt_shared_bus_driver.c.obj
LOAD src/CMakeFiles/can.dir/home/jtag/.pico-sdk/sdk/2.0.0/src/rp2_common/hardware_pio/pio.c.obj
LOAD src/CMakeFiles/can.dir/home/jtag/.pico-sdk/sdk/2.0.0/src/rp2_common/hardware_dma/dma.c.obj
LOAD src/CMakeFiles/can.dir/home/jtag/.pico-sdk/sdk/2.0.0/src/rp2_common/pico_cyw43_driver/cyw43_driver.c.obj
LOAD src/CMakeFiles/can.dir/home/jtag/.pico-sdk/sdk/2.0.0/src/rp2_common/pico_async_context/async_context_threadsafe_background.c.obj
LOAD libcan2040.a
LOAD /tmp/cc0DjbNn.o
START GROUP
LOAD /home/jtag/.pico-sdk/toolchain/13_2_Rel1/bin/../lib/gcc/arm-none-eabi/13.2.1/thumb/v6-m/nofp/libgcc.a
LOAD /home/jtag/.pico-sdk/toolchain/13_2_Rel1/bin/../lib/gcc/arm-none-eabi/13.2.1/../../../../arm-none-eabi/lib/thumb/v6-m/nofp/libg.a
LOAD /home/jtag/.pico-sdk/toolchain/13_2_Rel1/bin/../lib/gcc/arm-none-eabi/13.2.1/../../../../arm-none-eabi/lib/thumb/v6-m/nofp/libc.a
END GROUP
START GROUP
LOAD /home/jtag/.pico-sdk/toolchain/13_2_Rel1/bin/../lib/gcc/arm-none-eabi/13.2.1/thumb/v6-m/nofp/libgcc.a
LOAD /home/jtag/.pico-sdk/toolchain/13_2_Rel1/bin/../lib/gcc/arm-none-eabi/13.2.1/../../../../arm-none-eabi/lib/thumb/v6-m/nofp/libc.a
LOAD /home/jtag/.pico-sdk/toolchain/13_2_Rel1/bin/../lib/gcc/arm-none-eabi/13.2.1/../../../../arm-none-eabi/lib/thumb/v6-m/nofp/libnosys.a
END GROUP
LOAD /home/jtag/.pico-sdk/toolchain/13_2_Rel1/bin/../lib/gcc/arm-none-eabi/13.2.1/thumb/v6-m/nofp/crtend.o
LOAD /home/jtag/.pico-sdk/toolchain/13_2_Rel1/bin/../lib/gcc/arm-none-eabi/13.2.1/thumb/v6-m/nofp/crtn.o
OUTPUT(src/can.elf elf32-littlearm)
LOAD linker stubs

.ARM.attributes
                0x00000000       0x28
 .ARM.attributes
                0x00000000       0x1e /home/jtag/.pico-sdk/toolchain/13_2_Rel1/bin/../lib/gcc/arm-none-eabi/13.2.1/thumb/v6-m/nofp/crti.o
 .ARM.attributes
                0x0000001e       0x2c /home/jtag/.pico-sdk/toolchain/13_2_Rel1/bin/../lib/gcc/arm-none-eabi/13.2.1/thumb/v6-m/nofp/crtbegin.o
 .ARM.attributes
                0x0000004a       0x2c src/CMakeFiles/can.dir/can.c.obj
 .ARM.attributes
                0x00000076       0x2c src/CMakeFiles/can.dir/home/jtag/.pico-sdk/sdk/2.0.0/src/rp2_common/pico_platform_panic/panic.c.obj
 .ARM.attributes
                0x000000a2       0x2c src/CMakeFiles/can.dir/home/jtag/.pico-sdk/sdk/2.0.0/src/common/hardware_claim/claim.c.obj
 .ARM.attributes
                0x000000ce       0x2c src/CMakeFiles/can.dir/home/jtag/.pico-sdk/sdk/2.0.0/src/rp2_common/hardware_sync/sync.c.obj
 .ARM.attributes
                0x000000fa       0x2c src/CMakeFiles/can.dir/home/jtag/.pico-sdk/sdk/2.0.0/src/rp2_common/hardware_sync_spin_lock/sync_spin_lock.c.obj
 .ARM.attributes